{"t": "2026-07-14T13:17:09+00:00", "event": "job_started", "job_id": "20260714-151709-748310", "script": "vlm_05", "model": "haervwe/GLM-4.6V-Flash-9B", "n_frames": 72}
{"t": "2026-07-14T13:17:11+00:00", "event": "mask_applied", "mask": "_job_1784035029436", "hash": "3e1660abf2bf", "n_images": 73}
{"t": "2026-07-14T13:17:37+00:00", "event": "frame_done", "index": 0, "frame_id": "f0000", "status": "ok", "anomaly": false, "n_detections": 0, "attempts": 1, "seconds": 25.61}
{"t": "2026-07-14T13:17:55+00:00", "event": "frame_done", "index": 1, "frame_id": "f0050", "status": "ok", "anomaly": false, "n_detections": 0, "attempts": 1, "seconds": 18.7}
{"t": "2026-07-14T13:18:16+00:00", "event": "frame_done", "index": 2, "frame_id": "f0100", "status": "ok", "anomaly": false, "n_detections": 0, "attempts": 1, "seconds": 20.45}
{"t": "2026-07-14T13:18:36+00:00", "event": "frame_done", "index": 3, "frame_id": "f0150", "status": "ok", "anomaly": false, "n_detections": 0, "attempts": 1, "seconds": 20.02}
{"t": "2026-07-14T13:18:58+00:00", "event": "frame_done", "index": 4, "frame_id": "f0200", "status": "ok", "anomaly": true, "n_detections": 2, "attempts": 1, "seconds": 21.77}
{"t": "2026-07-14T13:19:17+00:00", "event": "frame_done", "index": 5, "frame_id": "f0250", "status": "ok", "anomaly": true, "n_detections": 2, "attempts": 1, "seconds": 19.52}
{"t": "2026-07-14T13:19:39+00:00", "event": "frame_done", "index": 6, "frame_id": "f0300", "status": "ok", "anomaly": true, "n_detections": 2, "attempts": 1, "seconds": 21.53}
{"t": "2026-07-14T13:20:01+00:00", "event": "frame_done", "index": 7, "frame_id": "f0350", "status": "ok", "anomaly": true, "n_detections": 2, "attempts": 1, "seconds": 22.04}
{"t": "2026-07-14T13:20:22+00:00", "event": "frame_done", "index": 8, "frame_id": "f0400", "status": "ok", "anomaly": true, "n_detections": 3, "attempts": 1, "seconds": 20.99}
{"t": "2026-07-14T13:20:40+00:00", "event": "frame_done", "index": 9, "frame_id": "f0450", "status": "ok", "anomaly": true, "n_detections": 1, "attempts": 1, "seconds": 18.56}
{"t": "2026-07-14T13:21:04+00:00", "event": "frame_done", "index": 10, "frame_id": "f0500", "status": "ok", "anomaly": false, "n_detections": 0, "attempts": 1, "seconds": 23.31}
{"t": "2026-07-14T13:21:24+00:00", "event": "frame_done", "index": 11, "frame_id": "f0550", "status": "ok", "anomaly": true, "n_detections": 1, "attempts": 1, "seconds": 20.6}
{"t": "2026-07-14T13:21:47+00:00", "event": "frame_done", "index": 12, "frame_id": "f0600", "status": "ok", "anomaly": true, "n_detections": 4, "attempts": 1, "seconds": 22.87}
{"t": "2026-07-14T13:22:08+00:00", "event": "frame_done", "index": 13, "frame_id": "f0650", "status": "ok", "anomaly": true, "n_detections": 3, "attempts": 1, "seconds": 21.32}
{"t": "2026-07-14T13:22:31+00:00", "event": "frame_done", "index": 14, "frame_id": "f0700", "status": "ok", "anomaly": true, "n_detections": 4, "attempts": 1, "seconds": 22.37}
{"t": "2026-07-14T13:22:53+00:00", "event": "frame_done", "index": 15, "frame_id": "f0750", "status": "ok", "anomaly": true, "n_detections": 4, "attempts": 1, "seconds": 21.9}
{"t": "2026-07-14T13:23:15+00:00", "event": "frame_done", "index": 16, "frame_id": "f0800", "status": "ok", "anomaly": true, "n_detections": 4, "attempts": 1, "seconds": 22.01}
{"t": "2026-07-14T13:23:36+00:00", "event": "frame_done", "index": 17, "frame_id": "f0850", "status": "ok", "anomaly": true, "n_detections": 4, "attempts": 1, "seconds": 21.14}
{"t": "2026-07-14T13:23:57+00:00", "event": "frame_done", "index": 18, "frame_id": "f0900", "status": "ok", "anomaly": true, "n_detections": 3, "attempts": 1, "seconds": 20.81}
{"t": "2026-07-14T13:24:18+00:00", "event": "frame_done", "index": 19, "frame_id": "f0950", "status": "ok", "anomaly": true, "n_detections": 2, "attempts": 1, "seconds": 21.73}
{"t": "2026-07-14T13:24:40+00:00", "event": "frame_done", "index": 20, "frame_id": "f1000", "status": "ok", "anomaly": true, "n_detections": 3, "attempts": 1, "seconds": 22.03}
{"t": "2026-07-14T13:25:05+00:00", "event": "frame_done", "index": 21, "frame_id": "f1050", "status": "ok", "anomaly": true, "n_detections": 1, "attempts": 1, "seconds": 24.78}
{"t": "2026-07-14T13:25:28+00:00", "event": "frame_done", "index": 22, "frame_id": "f1100", "status": "ok", "anomaly": true, "n_detections": 2, "attempts": 1, "seconds": 23.35}
{"t": "2026-07-14T13:25:51+00:00", "event": "frame_done", "index": 23, "frame_id": "f1150", "status": "ok", "anomaly": true, "n_detections": 2, "attempts": 1, "seconds": 22.73}
{"t": "2026-07-14T13:26:14+00:00", "event": "frame_done", "index": 24, "frame_id": "f1200", "status": "ok", "anomaly": true, "n_detections": 5, "attempts": 1, "seconds": 23.03}
{"t": "2026-07-14T13:26:37+00:00", "event": "frame_done", "index": 25, "frame_id": "f1250", "status": "ok", "anomaly": true, "n_detections": 6, "attempts": 1, "seconds": 22.55}
{"t": "2026-07-14T13:26:59+00:00", "event": "frame_done", "index": 26, "frame_id": "f1300", "status": "ok", "anomaly": true, "n_detections": 6, "attempts": 1, "seconds": 22.71}
{"t": "2026-07-14T13:27:21+00:00", "event": "frame_done", "index": 27, "frame_id": "f1350", "status": "ok", "anomaly": true, "n_detections": 3, "attempts": 1, "seconds": 21.91}
{"t": "2026-07-14T13:27:43+00:00", "event": "frame_done", "index": 28, "frame_id": "f1400", "status": "ok", "anomaly": true, "n_detections": 4, "attempts": 1, "seconds": 21.59}
{"t": "2026-07-14T13:28:05+00:00", "event": "frame_done", "index": 29, "frame_id": "f1450", "status": "ok", "anomaly": true, "n_detections": 3, "attempts": 1, "seconds": 21.58}
{"t": "2026-07-14T13:28:27+00:00", "event": "frame_done", "index": 30, "frame_id": "f1500", "status": "ok", "anomaly": true, "n_detections": 3, "attempts": 1, "seconds": 22.17}
{"t": "2026-07-14T13:28:49+00:00", "event": "frame_done", "index": 31, "frame_id": "f1550", "status": "ok", "anomaly": true, "n_detections": 3, "attempts": 1, "seconds": 22.21}
{"t": "2026-07-14T13:29:11+00:00", "event": "frame_done", "index": 32, "frame_id": "f1600", "status": "ok", "anomaly": true, "n_detections": 5, "attempts": 1, "seconds": 21.92}
{"t": "2026-07-14T13:29:33+00:00", "event": "frame_done", "index": 33, "frame_id": "f1650", "status": "ok", "anomaly": true, "n_detections": 4, "attempts": 1, "seconds": 21.91}
{"t": "2026-07-14T13:29:55+00:00", "event": "frame_done", "index": 34, "frame_id": "f1700", "status": "ok", "anomaly": true, "n_detections": 3, "attempts": 1, "seconds": 22.06}
{"t": "2026-07-14T13:30:17+00:00", "event": "frame_done", "index": 35, "frame_id": "f1750", "status": "ok", "anomaly": true, "n_detections": 3, "attempts": 1, "seconds": 22.08}
{"t": "2026-07-14T13:30:39+00:00", "event": "frame_done", "index": 36, "frame_id": "f1800", "status": "ok", "anomaly": true, "n_detections": 3, "attempts": 1, "seconds": 22.01}
{"t": "2026-07-14T13:31:01+00:00", "event": "frame_done", "index": 37, "frame_id": "f1850", "status": "ok", "anomaly": true, "n_detections": 4, "attempts": 1, "seconds": 22.07}
{"t": "2026-07-14T13:31:23+00:00", "event": "frame_done", "index": 38, "frame_id": "f1900", "status": "ok", "anomaly": true, "n_detections": 4, "attempts": 1, "seconds": 22.1}
{"t": "2026-07-14T13:31:45+00:00", "event": "frame_done", "index": 39, "frame_id": "f1950", "status": "ok", "anomaly": true, "n_detections": 3, "attempts": 1, "seconds": 21.98}
{"t": "2026-07-14T13:32:07+00:00", "event": "frame_done", "index": 40, "frame_id": "f2000", "status": "ok", "anomaly": true, "n_detections": 3, "attempts": 1, "seconds": 22.07}
{"t": "2026-07-14T13:32:29+00:00", "event": "frame_done", "index": 41, "frame_id": "f2050", "status": "ok", "anomaly": true, "n_detections": 1, "attempts": 1, "seconds": 21.65}
{"t": "2026-07-14T13:32:50+00:00", "event": "frame_done", "index": 42, "frame_id": "f2100", "status": "ok", "anomaly": true, "n_detections": 2, "attempts": 1, "seconds": 21.51}
{"t": "2026-07-14T13:33:12+00:00", "event": "frame_done", "index": 43, "frame_id": "f2150", "status": "ok", "anomaly": true, "n_detections": 2, "attempts": 1, "seconds": 21.71}
{"t": "2026-07-14T13:33:34+00:00", "event": "frame_done", "index": 44, "frame_id": "f2200", "status": "ok", "anomaly": false, "n_detections": 0, "attempts": 1, "seconds": 22.3}
{"t": "2026-07-14T13:33:56+00:00", "event": "frame_done", "index": 45, "frame_id": "f2250", "status": "ok", "anomaly": true, "n_detections": 2, "attempts": 1, "seconds": 21.98}
{"t": "2026-07-14T13:34:18+00:00", "event": "frame_done", "index": 46, "frame_id": "f2300", "status": "ok", "anomaly": true, "n_detections": 4, "attempts": 1, "seconds": 21.85}
{"t": "2026-07-14T13:34:40+00:00", "event": "frame_done", "index": 47, "frame_id": "f2350", "status": "ok", "anomaly": true, "n_detections": 6, "attempts": 1, "seconds": 22.22}
{"t": "2026-07-14T13:35:02+00:00", "event": "frame_done", "index": 48, "frame_id": "f2400", "status": "ok", "anomaly": true, "n_detections": 3, "attempts": 1, "seconds": 22.0}
{"t": "2026-07-14T13:35:25+00:00", "event": "frame_done", "index": 49, "frame_id": "f2450", "status": "ok", "anomaly": true, "n_detections": 4, "attempts": 1, "seconds": 22.25}
{"t": "2026-07-14T13:35:47+00:00", "event": "frame_done", "index": 50, "frame_id": "f2500", "status": "ok", "anomaly": true, "n_detections": 5, "attempts": 1, "seconds": 22.05}
{"t": "2026-07-14T13:36:09+00:00", "event": "frame_done", "index": 51, "frame_id": "f2550", "status": "ok", "anomaly": true, "n_detections": 2, "attempts": 1, "seconds": 22.28}
{"t": "2026-07-14T13:36:32+00:00", "event": "frame_done", "index": 52, "frame_id": "f2600", "status": "ok", "anomaly": true, "n_detections": 1, "attempts": 1, "seconds": 22.66}
{"t": "2026-07-14T13:36:57+00:00", "event": "frame_done", "index": 53, "frame_id": "f2650", "status": "ok", "anomaly": true, "n_detections": 2, "attempts": 1, "seconds": 25.35}
{"t": "2026-07-14T13:37:15+00:00", "event": "frame_done", "index": 54, "frame_id": "f2700", "status": "ok", "anomaly": true, "n_detections": 2, "attempts": 1, "seconds": 17.85}
{"t": "2026-07-14T13:37:38+00:00", "event": "frame_done", "index": 55, "frame_id": "f2750", "status": "ok", "anomaly": true, "n_detections": 7, "attempts": 1, "seconds": 23.21}
{"t": "2026-07-14T13:38:02+00:00", "event": "frame_done", "index": 56, "frame_id": "f2800", "status": "ok", "anomaly": true, "n_detections": 5, "attempts": 1, "seconds": 23.89}
{"t": "2026-07-14T13:38:25+00:00", "event": "frame_done", "index": 57, "frame_id": "f2850", "status": "ok", "anomaly": true, "n_detections": 4, "attempts": 1, "seconds": 23.57}
{"t": "2026-07-14T13:38:48+00:00", "event": "frame_done", "index": 58, "frame_id": "f2900", "status": "ok", "anomaly": true, "n_detections": 4, "attempts": 1, "seconds": 22.97}
{"t": "2026-07-14T13:39:12+00:00", "event": "frame_done", "index": 59, "frame_id": "f2950", "status": "ok", "anomaly": true, "n_detections": 7, "attempts": 1, "seconds": 23.31}
{"t": "2026-07-14T13:39:34+00:00", "event": "frame_done", "index": 60, "frame_id": "f3000", "status": "ok", "anomaly": true, "n_detections": 5, "attempts": 1, "seconds": 22.71}
{"t": "2026-07-14T13:39:57+00:00", "event": "frame_done", "index": 61, "frame_id": "f3050", "status": "ok", "anomaly": true, "n_detections": 5, "attempts": 1, "seconds": 22.33}
{"t": "2026-07-14T13:40:19+00:00", "event": "frame_done", "index": 62, "frame_id": "f3100", "status": "ok", "anomaly": true, "n_detections": 5, "attempts": 1, "seconds": 22.19}
{"t": "2026-07-14T13:40:41+00:00", "event": "frame_done", "index": 63, "frame_id": "f3150", "status": "ok", "anomaly": true, "n_detections": 4, "attempts": 1, "seconds": 21.97}
{"t": "2026-07-14T13:41:03+00:00", "event": "frame_done", "index": 64, "frame_id": "f3200", "status": "ok", "anomaly": true, "n_detections": 3, "attempts": 1, "seconds": 21.77}
{"t": "2026-07-14T13:41:25+00:00", "event": "frame_done", "index": 65, "frame_id": "f3250", "status": "ok", "anomaly": true, "n_detections": 4, "attempts": 1, "seconds": 22.18}
{"t": "2026-07-14T13:41:48+00:00", "event": "frame_done", "index": 66, "frame_id": "f3300", "status": "ok", "anomaly": true, "n_detections": 3, "attempts": 1, "seconds": 22.71}
{"t": "2026-07-14T13:42:10+00:00", "event": "frame_done", "index": 67, "frame_id": "f3350", "status": "ok", "anomaly": true, "n_detections": 5, "attempts": 1, "seconds": 22.4}
{"t": "2026-07-14T13:42:32+00:00", "event": "frame_done", "index": 68, "frame_id": "f3400", "status": "ok", "anomaly": true, "n_detections": 3, "attempts": 1, "seconds": 21.83}
{"t": "2026-07-14T13:42:55+00:00", "event": "frame_done", "index": 69, "frame_id": "f3450", "status": "ok", "anomaly": true, "n_detections": 5, "attempts": 1, "seconds": 22.8}
{"t": "2026-07-14T13:43:17+00:00", "event": "frame_done", "index": 70, "frame_id": "f3500", "status": "ok", "anomaly": true, "n_detections": 3, "attempts": 1, "seconds": 22.17}
{"t": "2026-07-14T13:43:39+00:00", "event": "frame_done", "index": 71, "frame_id": "f3550", "status": "ok", "anomaly": true, "n_detections": 4, "attempts": 1, "seconds": 22.0}
{"t": "2026-07-14T13:43:39+00:00", "event": "job_finished", "status": "completed", "n_frames": 72, "n_ok": 72, "n_anomalous": 66, "n_failed": 0, "wall_seconds": 1589.81}
