{"t": "2026-07-14T08:20:34+00:00", "event": "job_started", "job_id": "20260714-102034-7e5776", "script": "vlm_03", "model": "haervwe/GLM-4.6V-Flash-9B", "n_frames": 72}
{"t": "2026-07-14T08:20:40+00:00", "event": "frame_done", "index": 0, "frame_id": "f0000", "status": "ok", "anomaly": true, "n_detections": 1, "attempts": 1, "seconds": 5.98}
{"t": "2026-07-14T08:20:42+00:00", "event": "frame_done", "index": 1, "frame_id": "f0050", "status": "ok", "anomaly": true, "n_detections": 1, "attempts": 1, "seconds": 2.51}
{"t": "2026-07-14T08:20:45+00:00", "event": "frame_done", "index": 2, "frame_id": "f0100", "status": "ok", "anomaly": true, "n_detections": 1, "attempts": 1, "seconds": 2.51}
{"t": "2026-07-14T08:20:47+00:00", "event": "frame_done", "index": 3, "frame_id": "f0150", "status": "ok", "anomaly": true, "n_detections": 1, "attempts": 1, "seconds": 2.51}
{"t": "2026-07-14T08:20:50+00:00", "event": "frame_done", "index": 4, "frame_id": "f0200", "status": "ok", "anomaly": true, "n_detections": 2, "attempts": 1, "seconds": 2.94}
{"t": "2026-07-14T08:20:53+00:00", "event": "frame_done", "index": 5, "frame_id": "f0250", "status": "ok", "anomaly": true, "n_detections": 2, "attempts": 1, "seconds": 2.95}
{"t": "2026-07-14T08:20:56+00:00", "event": "frame_done", "index": 6, "frame_id": "f0300", "status": "ok", "anomaly": true, "n_detections": 2, "attempts": 1, "seconds": 2.78}
{"t": "2026-07-14T08:20:59+00:00", "event": "frame_done", "index": 7, "frame_id": "f0350", "status": "ok", "anomaly": true, "n_detections": 2, "attempts": 1, "seconds": 2.95}
{"t": "2026-07-14T08:21:02+00:00", "event": "frame_done", "index": 8, "frame_id": "f0400", "status": "ok", "anomaly": true, "n_detections": 2, "attempts": 1, "seconds": 2.79}
{"t": "2026-07-14T08:21:05+00:00", "event": "frame_done", "index": 9, "frame_id": "f0450", "status": "ok", "anomaly": true, "n_detections": 2, "attempts": 1, "seconds": 2.96}
{"t": "2026-07-14T08:21:08+00:00", "event": "frame_done", "index": 10, "frame_id": "f0500", "status": "ok", "anomaly": true, "n_detections": 2, "attempts": 1, "seconds": 2.94}
{"t": "2026-07-14T08:21:10+00:00", "event": "frame_done", "index": 11, "frame_id": "f0550", "status": "ok", "anomaly": true, "n_detections": 1, "attempts": 1, "seconds": 2.47}
{"t": "2026-07-14T08:21:13+00:00", "event": "frame_done", "index": 12, "frame_id": "f0600", "status": "ok", "anomaly": true, "n_detections": 2, "attempts": 1, "seconds": 2.94}
{"t": "2026-07-14T08:21:16+00:00", "event": "frame_retry", "index": 13, "frame": "/home/student/Documents/ARSI-private/data/app/videos/20260714-101824-e8b4a8/frames/f0650.jpg", "attempt": 1, "error": "ParseError: invalid JSON: Expecting ',' delimiter: line 1 column 136 (char 135)"}
{"t": "2026-07-14T08:21:17+00:00", "event": "frame_retry", "index": 13, "frame": "/home/student/Documents/ARSI-private/data/app/videos/20260714-101824-e8b4a8/frames/f0650.jpg", "attempt": 2, "error": "ParseError: invalid JSON: Expecting ',' delimiter: line 1 column 136 (char 135)"}
{"t": "2026-07-14T08:21:19+00:00", "event": "frame_retry", "index": 13, "frame": "/home/student/Documents/ARSI-private/data/app/videos/20260714-101824-e8b4a8/frames/f0650.jpg", "attempt": 3, "error": "ParseError: invalid JSON: Expecting ',' delimiter: line 1 column 136 (char 135)"}
{"t": "2026-07-14T08:21:19+00:00", "event": "frame_done", "index": 13, "frame_id": "f0650", "status": "failed", "anomaly": null, "n_detections": 0, "attempts": 3, "seconds": 5.43}
{"t": "2026-07-14T08:21:21+00:00", "event": "frame_done", "index": 14, "frame_id": "f0700", "status": "ok", "anomaly": true, "n_detections": 2, "attempts": 1, "seconds": 2.76}
{"t": "2026-07-14T08:21:24+00:00", "event": "frame_done", "index": 15, "frame_id": "f0750", "status": "ok", "anomaly": true, "n_detections": 2, "attempts": 1, "seconds": 2.77}
{"t": "2026-07-14T08:21:27+00:00", "event": "frame_done", "index": 16, "frame_id": "f0800", "status": "ok", "anomaly": true, "n_detections": 2, "attempts": 1, "seconds": 2.76}
{"t": "2026-07-14T08:21:30+00:00", "event": "frame_retry", "index": 17, "frame": "/home/student/Documents/ARSI-private/data/app/videos/20260714-101824-e8b4a8/frames/f0850.jpg", "attempt": 1, "error": "ParseError: invalid JSON: Expecting ',' delimiter: line 1 column 135 (char 134)"}
{"t": "2026-07-14T08:21:31+00:00", "event": "frame_done", "index": 17, "frame_id": "f0850", "status": "ok", "anomaly": true, "n_detections": 2, "attempts": 2, "seconds": 4.05}
{"t": "2026-07-14T08:21:34+00:00", "event": "frame_done", "index": 18, "frame_id": "f0900", "status": "ok", "anomaly": true, "n_detections": 2, "attempts": 1, "seconds": 2.99}
{"t": "2026-07-14T08:21:37+00:00", "event": "frame_done", "index": 19, "frame_id": "f0950", "status": "ok", "anomaly": true, "n_detections": 2, "attempts": 1, "seconds": 2.96}
{"t": "2026-07-14T08:21:40+00:00", "event": "frame_done", "index": 20, "frame_id": "f1000", "status": "ok", "anomaly": true, "n_detections": 2, "attempts": 1, "seconds": 2.78}
{"t": "2026-07-14T08:21:43+00:00", "event": "frame_done", "index": 21, "frame_id": "f1050", "status": "ok", "anomaly": true, "n_detections": 2, "attempts": 1, "seconds": 2.96}
{"t": "2026-07-14T08:21:46+00:00", "event": "frame_done", "index": 22, "frame_id": "f1100", "status": "ok", "anomaly": true, "n_detections": 2, "attempts": 1, "seconds": 2.97}
{"t": "2026-07-14T08:21:48+00:00", "event": "frame_done", "index": 23, "frame_id": "f1150", "status": "ok", "anomaly": true, "n_detections": 2, "attempts": 1, "seconds": 2.79}
{"t": "2026-07-14T08:21:52+00:00", "event": "frame_done", "index": 24, "frame_id": "f1200", "status": "ok", "anomaly": true, "n_detections": 3, "attempts": 1, "seconds": 3.38}
{"t": "2026-07-14T08:21:55+00:00", "event": "frame_done", "index": 25, "frame_id": "f1250", "status": "ok", "anomaly": true, "n_detections": 3, "attempts": 1, "seconds": 3.38}
{"t": "2026-07-14T08:21:58+00:00", "event": "frame_done", "index": 26, "frame_id": "f1300", "status": "ok", "anomaly": true, "n_detections": 2, "attempts": 1, "seconds": 2.77}
{"t": "2026-07-14T08:22:01+00:00", "event": "frame_done", "index": 27, "frame_id": "f1350", "status": "ok", "anomaly": true, "n_detections": 2, "attempts": 1, "seconds": 2.78}
{"t": "2026-07-14T08:22:04+00:00", "event": "frame_done", "index": 28, "frame_id": "f1400", "status": "ok", "anomaly": true, "n_detections": 2, "attempts": 1, "seconds": 2.81}
{"t": "2026-07-14T08:22:06+00:00", "event": "frame_retry", "index": 29, "frame": "/home/student/Documents/ARSI-private/data/app/videos/20260714-101824-e8b4a8/frames/f1450.jpg", "attempt": 1, "error": "ParseError: invalid JSON: Expecting ',' delimiter: line 1 column 136 (char 135)"}
{"t": "2026-07-14T08:22:08+00:00", "event": "frame_retry", "index": 29, "frame": "/home/student/Documents/ARSI-private/data/app/videos/20260714-101824-e8b4a8/frames/f1450.jpg", "attempt": 2, "error": "ParseError: invalid JSON: Expecting ',' delimiter: line 1 column 136 (char 135)"}
{"t": "2026-07-14T08:22:09+00:00", "event": "frame_retry", "index": 29, "frame": "/home/student/Documents/ARSI-private/data/app/videos/20260714-101824-e8b4a8/frames/f1450.jpg", "attempt": 3, "error": "ParseError: invalid JSON: Expecting ',' delimiter: line 1 column 136 (char 135)"}
{"t": "2026-07-14T08:22:09+00:00", "event": "frame_done", "index": 29, "frame_id": "f1450", "status": "failed", "anomaly": null, "n_detections": 0, "attempts": 3, "seconds": 5.36}
{"t": "2026-07-14T08:22:12+00:00", "event": "frame_retry", "index": 30, "frame": "/home/student/Documents/ARSI-private/data/app/videos/20260714-101824-e8b4a8/frames/f1500.jpg", "attempt": 1, "error": "ParseError: invalid JSON: Expecting ',' delimiter: line 1 column 136 (char 135)"}
{"t": "2026-07-14T08:22:13+00:00", "event": "frame_retry", "index": 30, "frame": "/home/student/Documents/ARSI-private/data/app/videos/20260714-101824-e8b4a8/frames/f1500.jpg", "attempt": 2, "error": "ParseError: invalid JSON: Expecting ',' delimiter: line 1 column 136 (char 135)"}
{"t": "2026-07-14T08:22:14+00:00", "event": "frame_retry", "index": 30, "frame": "/home/student/Documents/ARSI-private/data/app/videos/20260714-101824-e8b4a8/frames/f1500.jpg", "attempt": 3, "error": "ParseError: invalid JSON: Expecting ',' delimiter: line 1 column 136 (char 135)"}
{"t": "2026-07-14T08:22:14+00:00", "event": "frame_done", "index": 30, "frame_id": "f1500", "status": "failed", "anomaly": null, "n_detections": 0, "attempts": 3, "seconds": 5.33}
{"t": "2026-07-14T08:22:17+00:00", "event": "frame_retry", "index": 31, "frame": "/home/student/Documents/ARSI-private/data/app/videos/20260714-101824-e8b4a8/frames/f1550.jpg", "attempt": 1, "error": "ParseError: invalid JSON: Expecting ',' delimiter: line 1 column 136 (char 135)"}
{"t": "2026-07-14T08:22:18+00:00", "event": "frame_done", "index": 31, "frame_id": "f1550", "status": "ok", "anomaly": true, "n_detections": 2, "attempts": 2, "seconds": 4.06}
{"t": "2026-07-14T08:22:21+00:00", "event": "frame_done", "index": 32, "frame_id": "f1600", "status": "ok", "anomaly": true, "n_detections": 2, "attempts": 1, "seconds": 2.81}
{"t": "2026-07-14T08:22:24+00:00", "event": "frame_done", "index": 33, "frame_id": "f1650", "status": "ok", "anomaly": true, "n_detections": 2, "attempts": 1, "seconds": 2.92}
{"t": "2026-07-14T08:22:27+00:00", "event": "frame_done", "index": 34, "frame_id": "f1700", "status": "ok", "anomaly": true, "n_detections": 2, "attempts": 1, "seconds": 2.81}
{"t": "2026-07-14T08:22:30+00:00", "event": "frame_done", "index": 35, "frame_id": "f1750", "status": "ok", "anomaly": true, "n_detections": 2, "attempts": 1, "seconds": 2.77}
{"t": "2026-07-14T08:22:32+00:00", "event": "frame_done", "index": 36, "frame_id": "f1800", "status": "ok", "anomaly": true, "n_detections": 2, "attempts": 1, "seconds": 2.82}
{"t": "2026-07-14T08:22:35+00:00", "event": "frame_done", "index": 37, "frame_id": "f1850", "status": "ok", "anomaly": true, "n_detections": 2, "attempts": 1, "seconds": 2.98}
{"t": "2026-07-14T08:22:38+00:00", "event": "frame_done", "index": 38, "frame_id": "f1900", "status": "ok", "anomaly": true, "n_detections": 2, "attempts": 1, "seconds": 2.92}
{"t": "2026-07-14T08:22:41+00:00", "event": "frame_done", "index": 39, "frame_id": "f1950", "status": "ok", "anomaly": true, "n_detections": 2, "attempts": 1, "seconds": 2.76}
{"t": "2026-07-14T08:22:44+00:00", "event": "frame_done", "index": 40, "frame_id": "f2000", "status": "ok", "anomaly": true, "n_detections": 2, "attempts": 1, "seconds": 2.98}
{"t": "2026-07-14T08:22:46+00:00", "event": "frame_done", "index": 41, "frame_id": "f2050", "status": "ok", "anomaly": true, "n_detections": 1, "attempts": 1, "seconds": 2.41}
{"t": "2026-07-14T08:22:49+00:00", "event": "frame_done", "index": 42, "frame_id": "f2100", "status": "ok", "anomaly": true, "n_detections": 2, "attempts": 1, "seconds": 2.79}
{"t": "2026-07-14T08:22:52+00:00", "event": "frame_done", "index": 43, "frame_id": "f2150", "status": "ok", "anomaly": true, "n_detections": 3, "attempts": 1, "seconds": 3.0}
{"t": "2026-07-14T08:22:55+00:00", "event": "frame_done", "index": 44, "frame_id": "f2200", "status": "ok", "anomaly": true, "n_detections": 1, "attempts": 1, "seconds": 2.46}
{"t": "2026-07-14T08:22:57+00:00", "event": "frame_done", "index": 45, "frame_id": "f2250", "status": "ok", "anomaly": true, "n_detections": 2, "attempts": 1, "seconds": 2.76}
{"t": "2026-07-14T08:23:00+00:00", "event": "frame_done", "index": 46, "frame_id": "f2300", "status": "ok", "anomaly": true, "n_detections": 2, "attempts": 1, "seconds": 2.78}
{"t": "2026-07-14T08:23:03+00:00", "event": "frame_done", "index": 47, "frame_id": "f2350", "status": "ok", "anomaly": true, "n_detections": 2, "attempts": 1, "seconds": 2.78}
{"t": "2026-07-14T08:23:06+00:00", "event": "frame_done", "index": 48, "frame_id": "f2400", "status": "ok", "anomaly": true, "n_detections": 2, "attempts": 1, "seconds": 2.78}
{"t": "2026-07-14T08:23:09+00:00", "event": "frame_done", "index": 49, "frame_id": "f2450", "status": "ok", "anomaly": true, "n_detections": 2, "attempts": 1, "seconds": 2.77}
{"t": "2026-07-14T08:23:12+00:00", "event": "frame_done", "index": 50, "frame_id": "f2500", "status": "ok", "anomaly": true, "n_detections": 3, "attempts": 1, "seconds": 2.98}
{"t": "2026-07-14T08:23:14+00:00", "event": "frame_done", "index": 51, "frame_id": "f2550", "status": "ok", "anomaly": true, "n_detections": 1, "attempts": 1, "seconds": 2.51}
{"t": "2026-07-14T08:23:17+00:00", "event": "frame_done", "index": 52, "frame_id": "f2600", "status": "ok", "anomaly": true, "n_detections": 1, "attempts": 1, "seconds": 2.52}
{"t": "2026-07-14T08:23:19+00:00", "event": "frame_done", "index": 53, "frame_id": "f2650", "status": "ok", "anomaly": true, "n_detections": 1, "attempts": 1, "seconds": 2.5}
{"t": "2026-07-14T08:23:21+00:00", "event": "frame_done", "index": 54, "frame_id": "f2700", "status": "ok", "anomaly": true, "n_detections": 1, "attempts": 1, "seconds": 2.37}
{"t": "2026-07-14T08:23:24+00:00", "event": "frame_done", "index": 55, "frame_id": "f2750", "status": "ok", "anomaly": true, "n_detections": 1, "attempts": 1, "seconds": 2.5}
{"t": "2026-07-14T08:23:26+00:00", "event": "frame_done", "index": 56, "frame_id": "f2800", "status": "ok", "anomaly": true, "n_detections": 1, "attempts": 1, "seconds": 2.38}
{"t": "2026-07-14T08:23:29+00:00", "event": "frame_done", "index": 57, "frame_id": "f2850", "status": "ok", "anomaly": true, "n_detections": 1, "attempts": 1, "seconds": 2.51}
{"t": "2026-07-14T08:23:31+00:00", "event": "frame_done", "index": 58, "frame_id": "f2900", "status": "ok", "anomaly": true, "n_detections": 1, "attempts": 1, "seconds": 2.51}
{"t": "2026-07-14T08:23:34+00:00", "event": "frame_done", "index": 59, "frame_id": "f2950", "status": "ok", "anomaly": true, "n_detections": 1, "attempts": 1, "seconds": 2.51}
{"t": "2026-07-14T08:23:36+00:00", "event": "frame_done", "index": 60, "frame_id": "f3000", "status": "ok", "anomaly": true, "n_detections": 1, "attempts": 1, "seconds": 2.48}
{"t": "2026-07-14T08:23:39+00:00", "event": "frame_done", "index": 61, "frame_id": "f3050", "status": "ok", "anomaly": true, "n_detections": 1, "attempts": 1, "seconds": 2.47}
{"t": "2026-07-14T08:23:41+00:00", "event": "frame_done", "index": 62, "frame_id": "f3100", "status": "ok", "anomaly": true, "n_detections": 1, "attempts": 1, "seconds": 2.5}
{"t": "2026-07-14T08:23:44+00:00", "event": "frame_done", "index": 63, "frame_id": "f3150", "status": "ok", "anomaly": true, "n_detections": 1, "attempts": 1, "seconds": 2.51}
{"t": "2026-07-14T08:23:46+00:00", "event": "frame_done", "index": 64, "frame_id": "f3200", "status": "ok", "anomaly": true, "n_detections": 1, "attempts": 1, "seconds": 2.49}
{"t": "2026-07-14T08:23:49+00:00", "event": "frame_done", "index": 65, "frame_id": "f3250", "status": "ok", "anomaly": true, "n_detections": 1, "attempts": 1, "seconds": 2.5}
{"t": "2026-07-14T08:23:51+00:00", "event": "frame_done", "index": 66, "frame_id": "f3300", "status": "ok", "anomaly": true, "n_detections": 1, "attempts": 1, "seconds": 2.42}
{"t": "2026-07-14T08:23:54+00:00", "event": "frame_done", "index": 67, "frame_id": "f3350", "status": "ok", "anomaly": true, "n_detections": 3, "attempts": 1, "seconds": 2.97}
{"t": "2026-07-14T08:23:57+00:00", "event": "frame_done", "index": 68, "frame_id": "f3400", "status": "ok", "anomaly": true, "n_detections": 1, "attempts": 1, "seconds": 2.47}
{"t": "2026-07-14T08:23:59+00:00", "event": "frame_done", "index": 69, "frame_id": "f3450", "status": "ok", "anomaly": true, "n_detections": 1, "attempts": 1, "seconds": 2.41}
{"t": "2026-07-14T08:24:02+00:00", "event": "frame_done", "index": 70, "frame_id": "f3500", "status": "ok", "anomaly": true, "n_detections": 1, "attempts": 1, "seconds": 2.51}
{"t": "2026-07-14T08:24:04+00:00", "event": "frame_done", "index": 71, "frame_id": "f3550", "status": "ok", "anomaly": true, "n_detections": 2, "attempts": 1, "seconds": 2.91}
{"t": "2026-07-14T08:24:04+00:00", "event": "job_finished", "status": "completed", "n_frames": 72, "n_ok": 69, "n_anomalous": 69, "n_failed": 3, "wall_seconds": 210.55}
