{"t": "2026-07-20T10:36:50+00:00", "event": "job_started", "job_id": "20260720-123650-b35b69", "script": "vlm_05", "model": "haervwe/GLM-4.6V-Flash-9B", "n_frames": 72}
{"t": "2026-07-20T10:36:51+00:00", "event": "mask_applied", "mask": "classic", "hash": "a931ce520b9f", "n_images": 72}
{"t": "2026-07-20T10:36:51+00:00", "event": "frame_done", "index": 0, "frame_id": "f1830", "status": "ok", "anomaly": false, "n_detections": 0, "attempts": 1, "seconds": 0.27}
{"t": "2026-07-20T10:36:54+00:00", "event": "frame_done", "index": 1, "frame_id": "f1880", "status": "ok", "anomaly": false, "n_detections": 0, "attempts": 1, "seconds": 2.54}
{"t": "2026-07-20T10:36:56+00:00", "event": "frame_done", "index": 2, "frame_id": "f1930", "status": "ok", "anomaly": false, "n_detections": 0, "attempts": 1, "seconds": 2.61}
{"t": "2026-07-20T10:37:00+00:00", "event": "frame_done", "index": 3, "frame_id": "f1980", "status": "ok", "anomaly": false, "n_detections": 0, "attempts": 1, "seconds": 3.37}
{"t": "2026-07-20T10:37:04+00:00", "event": "frame_done", "index": 4, "frame_id": "f2030", "status": "ok", "anomaly": false, "n_detections": 0, "attempts": 1, "seconds": 4.33}
{"t": "2026-07-20T10:37:07+00:00", "event": "frame_done", "index": 5, "frame_id": "f2080", "status": "ok", "anomaly": false, "n_detections": 0, "attempts": 1, "seconds": 3.13}
{"t": "2026-07-20T10:37:09+00:00", "event": "frame_done", "index": 6, "frame_id": "f2130", "status": "ok", "anomaly": false, "n_detections": 0, "attempts": 1, "seconds": 2.0}
{"t": "2026-07-20T10:37:13+00:00", "event": "frame_done", "index": 7, "frame_id": "f2180", "status": "ok", "anomaly": false, "n_detections": 0, "attempts": 1, "seconds": 4.32}
{"t": "2026-07-20T10:37:16+00:00", "event": "frame_done", "index": 8, "frame_id": "f2230", "status": "ok", "anomaly": false, "n_detections": 0, "attempts": 1, "seconds": 2.73}
{"t": "2026-07-20T10:37:23+00:00", "event": "frame_done", "index": 9, "frame_id": "f2280", "status": "ok", "anomaly": false, "n_detections": 0, "attempts": 1, "seconds": 6.93}
{"t": "2026-07-20T10:37:31+00:00", "event": "frame_done", "index": 10, "frame_id": "f2330", "status": "ok", "anomaly": false, "n_detections": 0, "attempts": 1, "seconds": 8.32}
{"t": "2026-07-20T10:37:39+00:00", "event": "frame_done", "index": 11, "frame_id": "f2380", "status": "ok", "anomaly": false, "n_detections": 0, "attempts": 1, "seconds": 7.63}
{"t": "2026-07-20T10:37:46+00:00", "event": "frame_done", "index": 12, "frame_id": "f2430", "status": "ok", "anomaly": false, "n_detections": 0, "attempts": 1, "seconds": 6.68}
{"t": "2026-07-20T10:37:50+00:00", "event": "frame_done", "index": 13, "frame_id": "f2480", "status": "ok", "anomaly": false, "n_detections": 0, "attempts": 1, "seconds": 4.81}
{"t": "2026-07-20T10:37:56+00:00", "event": "frame_done", "index": 14, "frame_id": "f2530", "status": "ok", "anomaly": false, "n_detections": 0, "attempts": 1, "seconds": 5.9}
{"t": "2026-07-20T10:38:07+00:00", "event": "frame_done", "index": 15, "frame_id": "f2580", "status": "ok", "anomaly": false, "n_detections": 0, "attempts": 1, "seconds": 10.58}
{"t": "2026-07-20T10:38:18+00:00", "event": "frame_done", "index": 16, "frame_id": "f2630", "status": "ok", "anomaly": false, "n_detections": 0, "attempts": 1, "seconds": 10.73}
{"t": "2026-07-20T10:38:25+00:00", "event": "frame_done", "index": 17, "frame_id": "f2680", "status": "ok", "anomaly": false, "n_detections": 0, "attempts": 1, "seconds": 7.75}
{"t": "2026-07-20T10:38:37+00:00", "event": "frame_done", "index": 18, "frame_id": "f2730", "status": "ok", "anomaly": false, "n_detections": 0, "attempts": 1, "seconds": 11.12}
{"t": "2026-07-20T10:38:47+00:00", "event": "frame_done", "index": 19, "frame_id": "f2780", "status": "ok", "anomaly": false, "n_detections": 0, "attempts": 1, "seconds": 10.66}
{"t": "2026-07-20T10:38:55+00:00", "event": "frame_done", "index": 20, "frame_id": "f2830", "status": "ok", "anomaly": false, "n_detections": 0, "attempts": 1, "seconds": 7.78}
{"t": "2026-07-20T10:39:04+00:00", "event": "frame_done", "index": 21, "frame_id": "f2880", "status": "ok", "anomaly": false, "n_detections": 0, "attempts": 1, "seconds": 9.52}
{"t": "2026-07-20T10:39:15+00:00", "event": "frame_done", "index": 22, "frame_id": "f2930", "status": "ok", "anomaly": false, "n_detections": 0, "attempts": 1, "seconds": 10.75}
{"t": "2026-07-20T10:39:26+00:00", "event": "frame_done", "index": 23, "frame_id": "f2980", "status": "ok", "anomaly": false, "n_detections": 0, "attempts": 1, "seconds": 10.45}
{"t": "2026-07-20T10:39:33+00:00", "event": "frame_done", "index": 24, "frame_id": "f3030", "status": "ok", "anomaly": false, "n_detections": 0, "attempts": 1, "seconds": 7.28}
{"t": "2026-07-20T10:39:42+00:00", "event": "frame_done", "index": 25, "frame_id": "f3080", "status": "ok", "anomaly": false, "n_detections": 0, "attempts": 1, "seconds": 8.87}
{"t": "2026-07-20T10:39:52+00:00", "event": "frame_done", "index": 26, "frame_id": "f3130", "status": "ok", "anomaly": false, "n_detections": 0, "attempts": 1, "seconds": 9.67}
{"t": "2026-07-20T10:40:03+00:00", "event": "frame_done", "index": 27, "frame_id": "f3180", "status": "ok", "anomaly": false, "n_detections": 0, "attempts": 1, "seconds": 11.14}
{"t": "2026-07-20T10:40:13+00:00", "event": "frame_done", "index": 28, "frame_id": "f3230", "status": "ok", "anomaly": false, "n_detections": 0, "attempts": 1, "seconds": 10.13}
{"t": "2026-07-20T10:40:22+00:00", "event": "frame_done", "index": 29, "frame_id": "f3280", "status": "ok", "anomaly": false, "n_detections": 0, "attempts": 1, "seconds": 9.61}
{"t": "2026-07-20T10:40:30+00:00", "event": "frame_done", "index": 30, "frame_id": "f3330", "status": "ok", "anomaly": false, "n_detections": 0, "attempts": 1, "seconds": 7.77}
{"t": "2026-07-20T10:40:39+00:00", "event": "frame_done", "index": 31, "frame_id": "f3380", "status": "ok", "anomaly": false, "n_detections": 0, "attempts": 1, "seconds": 9.3}
{"t": "2026-07-20T10:40:51+00:00", "event": "frame_done", "index": 32, "frame_id": "f3430", "status": "ok", "anomaly": false, "n_detections": 0, "attempts": 1, "seconds": 11.37}
{"t": "2026-07-20T10:41:15+00:00", "event": "frame_done", "index": 33, "frame_id": "f3480", "status": "ok", "anomaly": false, "n_detections": 0, "attempts": 1, "seconds": 24.55}
{"t": "2026-07-20T10:41:38+00:00", "event": "frame_done", "index": 34, "frame_id": "f3530", "status": "ok", "anomaly": false, "n_detections": 0, "attempts": 1, "seconds": 23.02}
{"t": "2026-07-20T10:42:01+00:00", "event": "frame_done", "index": 35, "frame_id": "f3580", "status": "ok", "anomaly": false, "n_detections": 0, "attempts": 1, "seconds": 22.79}
{"t": "2026-07-20T10:42:24+00:00", "event": "frame_done", "index": 36, "frame_id": "f3630", "status": "ok", "anomaly": false, "n_detections": 0, "attempts": 1, "seconds": 22.47}
{"t": "2026-07-20T10:42:46+00:00", "event": "frame_done", "index": 37, "frame_id": "f3680", "status": "ok", "anomaly": false, "n_detections": 0, "attempts": 1, "seconds": 22.25}
{"t": "2026-07-20T10:43:08+00:00", "event": "frame_done", "index": 38, "frame_id": "f3730", "status": "ok", "anomaly": false, "n_detections": 0, "attempts": 1, "seconds": 22.32}
{"t": "2026-07-20T10:43:23+00:00", "event": "frame_done", "index": 39, "frame_id": "f3780", "status": "ok", "anomaly": false, "n_detections": 0, "attempts": 1, "seconds": 15.2}
{"t": "2026-07-20T10:43:37+00:00", "event": "frame_done", "index": 40, "frame_id": "f3830", "status": "ok", "anomaly": false, "n_detections": 0, "attempts": 1, "seconds": 13.08}
{"t": "2026-07-20T10:43:50+00:00", "event": "frame_done", "index": 41, "frame_id": "f3880", "status": "ok", "anomaly": false, "n_detections": 0, "attempts": 1, "seconds": 13.03}
{"t": "2026-07-20T10:44:02+00:00", "event": "frame_done", "index": 42, "frame_id": "f3930", "status": "ok", "anomaly": false, "n_detections": 0, "attempts": 1, "seconds": 12.42}
{"t": "2026-07-20T10:44:14+00:00", "event": "frame_done", "index": 43, "frame_id": "f3980", "status": "ok", "anomaly": false, "n_detections": 0, "attempts": 1, "seconds": 12.45}
{"t": "2026-07-20T10:44:27+00:00", "event": "frame_done", "index": 44, "frame_id": "f4030", "status": "ok", "anomaly": false, "n_detections": 0, "attempts": 1, "seconds": 13.07}
{"t": "2026-07-20T10:44:39+00:00", "event": "frame_done", "index": 45, "frame_id": "f4080", "status": "ok", "anomaly": false, "n_detections": 0, "attempts": 1, "seconds": 11.88}
{"t": "2026-07-20T10:44:50+00:00", "event": "frame_done", "index": 46, "frame_id": "f4130", "status": "ok", "anomaly": false, "n_detections": 0, "attempts": 1, "seconds": 10.58}
{"t": "2026-07-20T10:45:03+00:00", "event": "frame_done", "index": 47, "frame_id": "f4180", "status": "ok", "anomaly": false, "n_detections": 0, "attempts": 1, "seconds": 13.06}
{"t": "2026-07-20T10:45:14+00:00", "event": "frame_done", "index": 48, "frame_id": "f4230", "status": "ok", "anomaly": true, "n_detections": 2, "attempts": 1, "seconds": 10.99}
{"t": "2026-07-20T10:45:27+00:00", "event": "frame_done", "index": 49, "frame_id": "f4280", "status": "ok", "anomaly": true, "n_detections": 2, "attempts": 1, "seconds": 13.09}
{"t": "2026-07-20T10:45:40+00:00", "event": "frame_done", "index": 50, "frame_id": "f4330", "status": "ok", "anomaly": true, "n_detections": 2, "attempts": 1, "seconds": 13.08}
{"t": "2026-07-20T10:45:53+00:00", "event": "frame_done", "index": 51, "frame_id": "f4380", "status": "ok", "anomaly": true, "n_detections": 2, "attempts": 1, "seconds": 12.62}
{"t": "2026-07-20T10:46:04+00:00", "event": "frame_done", "index": 52, "frame_id": "f4430", "status": "ok", "anomaly": true, "n_detections": 2, "attempts": 1, "seconds": 11.39}
{"t": "2026-07-20T10:46:16+00:00", "event": "frame_done", "index": 53, "frame_id": "f4480", "status": "ok", "anomaly": true, "n_detections": 2, "attempts": 1, "seconds": 11.95}
{"t": "2026-07-20T10:46:29+00:00", "event": "frame_done", "index": 54, "frame_id": "f4530", "status": "ok", "anomaly": true, "n_detections": 2, "attempts": 1, "seconds": 12.51}
{"t": "2026-07-20T10:46:45+00:00", "event": "frame_done", "index": 55, "frame_id": "f4580", "status": "ok", "anomaly": true, "n_detections": 2, "attempts": 1, "seconds": 16.59}
{"t": "2026-07-20T10:47:04+00:00", "event": "frame_done", "index": 56, "frame_id": "f4630", "status": "ok", "anomaly": true, "n_detections": 2, "attempts": 1, "seconds": 19.05}
{"t": "2026-07-20T10:47:21+00:00", "event": "frame_done", "index": 57, "frame_id": "f4680", "status": "ok", "anomaly": true, "n_detections": 2, "attempts": 1, "seconds": 16.69}
{"t": "2026-07-20T10:47:36+00:00", "event": "frame_done", "index": 58, "frame_id": "f4730", "status": "ok", "anomaly": true, "n_detections": 2, "attempts": 1, "seconds": 15.51}
{"t": "2026-07-20T10:47:53+00:00", "event": "frame_done", "index": 59, "frame_id": "f4780", "status": "ok", "anomaly": true, "n_detections": 2, "attempts": 1, "seconds": 16.67}
{"t": "2026-07-20T10:48:13+00:00", "event": "frame_done", "index": 60, "frame_id": "f4830", "status": "ok", "anomaly": true, "n_detections": 2, "attempts": 1, "seconds": 20.26}
{"t": "2026-07-20T10:48:34+00:00", "event": "frame_done", "index": 61, "frame_id": "f4880", "status": "ok", "anomaly": true, "n_detections": 2, "attempts": 1, "seconds": 20.67}
{"t": "2026-07-20T10:48:57+00:00", "event": "frame_done", "index": 62, "frame_id": "f4930", "status": "ok", "anomaly": true, "n_detections": 2, "attempts": 1, "seconds": 22.87}
{"t": "2026-07-20T10:49:21+00:00", "event": "frame_done", "index": 63, "frame_id": "f4980", "status": "ok", "anomaly": true, "n_detections": 4, "attempts": 1, "seconds": 24.47}
{"t": "2026-07-20T10:49:46+00:00", "event": "frame_done", "index": 64, "frame_id": "f5030", "status": "ok", "anomaly": true, "n_detections": 1, "attempts": 1, "seconds": 24.48}
{"t": "2026-07-20T10:50:10+00:00", "event": "frame_done", "index": 65, "frame_id": "f5080", "status": "ok", "anomaly": true, "n_detections": 1, "attempts": 1, "seconds": 23.92}
{"t": "2026-07-20T10:50:34+00:00", "event": "frame_done", "index": 66, "frame_id": "f5130", "status": "ok", "anomaly": true, "n_detections": 2, "attempts": 1, "seconds": 24.1}
{"t": "2026-07-20T10:50:57+00:00", "event": "frame_done", "index": 67, "frame_id": "f5180", "status": "ok", "anomaly": true, "n_detections": 1, "attempts": 1, "seconds": 23.04}
{"t": "2026-07-20T10:51:20+00:00", "event": "frame_done", "index": 68, "frame_id": "f5230", "status": "ok", "anomaly": true, "n_detections": 2, "attempts": 1, "seconds": 23.35}
{"t": "2026-07-20T10:51:44+00:00", "event": "frame_done", "index": 69, "frame_id": "f5280", "status": "ok", "anomaly": true, "n_detections": 1, "attempts": 1, "seconds": 23.21}
{"t": "2026-07-20T10:52:07+00:00", "event": "frame_done", "index": 70, "frame_id": "f5330", "status": "ok", "anomaly": true, "n_detections": 3, "attempts": 1, "seconds": 23.35}
{"t": "2026-07-20T10:52:30+00:00", "event": "frame_done", "index": 71, "frame_id": "f5380", "status": "ok", "anomaly": true, "n_detections": 3, "attempts": 1, "seconds": 22.78}
{"t": "2026-07-20T10:52:30+00:00", "event": "job_finished", "status": "completed", "n_frames": 72, "n_ok": 72, "n_anomalous": 24, "n_failed": 0, "wall_seconds": 940.0}
