{"t": "2026-07-27T11:13:01+00:00", "event": "job_started", "job_id": "20260727-131301-065d48", "script": "vlm_05", "model": "openbmb/minicpm-v4.6:latest", "n_frames": 72}
{"t": "2026-07-27T11:13:03+00:00", "event": "mask_applied", "mask": "classic", "hash": "a931ce520b9f", "n_images": 73, "reference": "/home/student/Documents/ARSI-private/data/app/jobs/20260727-131301-065d48/masked/tram_1762_v1_f0227_masked_reference.jpg"}
{"t": "2026-07-27T11:13:03+00:00", "event": "frame_start", "index": 0, "frame": "/home/student/Documents/ARSI-private/data/app/jobs/20260727-131301-065d48/masked/f0000.jpg", "frame_id": "f0000", "n_frames": 72}
{"t": "2026-07-27T11:13:29+00:00", "event": "frame_done", "index": 0, "frame_id": "f0000", "status": "ok", "anomaly": false, "n_detections": 0, "attempts": 1, "seconds": 26.28, "frame": "/home/student/Documents/ARSI-private/data/app/jobs/20260727-131301-065d48/masked/f0000.jpg", "detections": [], "error": null}
{"t": "2026-07-27T11:13:29+00:00", "event": "frame_start", "index": 1, "frame": "/home/student/Documents/ARSI-private/data/app/jobs/20260727-131301-065d48/masked/f0050.jpg", "frame_id": "f0050", "n_frames": 72}
{"t": "2026-07-27T11:13:52+00:00", "event": "frame_done", "index": 1, "frame_id": "f0050", "status": "ok", "anomaly": false, "n_detections": 0, "attempts": 1, "seconds": 23.0, "frame": "/home/student/Documents/ARSI-private/data/app/jobs/20260727-131301-065d48/masked/f0050.jpg", "detections": [], "error": null}
{"t": "2026-07-27T11:13:52+00:00", "event": "frame_start", "index": 2, "frame": "/home/student/Documents/ARSI-private/data/app/jobs/20260727-131301-065d48/masked/f0100.jpg", "frame_id": "f0100", "n_frames": 72}
{"t": "2026-07-27T11:14:15+00:00", "event": "frame_done", "index": 2, "frame_id": "f0100", "status": "ok", "anomaly": false, "n_detections": 0, "attempts": 1, "seconds": 23.31, "frame": "/home/student/Documents/ARSI-private/data/app/jobs/20260727-131301-065d48/masked/f0100.jpg", "detections": [], "error": null}
{"t": "2026-07-27T11:14:15+00:00", "event": "frame_start", "index": 3, "frame": "/home/student/Documents/ARSI-private/data/app/jobs/20260727-131301-065d48/masked/f0150.jpg", "frame_id": "f0150", "n_frames": 72}
{"t": "2026-07-27T11:14:37+00:00", "event": "frame_done", "index": 3, "frame_id": "f0150", "status": "ok", "anomaly": false, "n_detections": 0, "attempts": 1, "seconds": 21.87, "frame": "/home/student/Documents/ARSI-private/data/app/jobs/20260727-131301-065d48/masked/f0150.jpg", "detections": [], "error": null}
{"t": "2026-07-27T11:14:37+00:00", "event": "frame_start", "index": 4, "frame": "/home/student/Documents/ARSI-private/data/app/jobs/20260727-131301-065d48/masked/f0200.jpg", "frame_id": "f0200", "n_frames": 72}
{"t": "2026-07-27T11:15:01+00:00", "event": "frame_done", "index": 4, "frame_id": "f0200", "status": "ok", "anomaly": false, "n_detections": 0, "attempts": 1, "seconds": 24.11, "frame": "/home/student/Documents/ARSI-private/data/app/jobs/20260727-131301-065d48/masked/f0200.jpg", "detections": [], "error": null}
{"t": "2026-07-27T11:15:01+00:00", "event": "frame_start", "index": 5, "frame": "/home/student/Documents/ARSI-private/data/app/jobs/20260727-131301-065d48/masked/f0250.jpg", "frame_id": "f0250", "n_frames": 72}
{"t": "2026-07-27T11:15:23+00:00", "event": "frame_done", "index": 5, "frame_id": "f0250", "status": "ok", "anomaly": false, "n_detections": 0, "attempts": 1, "seconds": 21.71, "frame": "/home/student/Documents/ARSI-private/data/app/jobs/20260727-131301-065d48/masked/f0250.jpg", "detections": [], "error": null}
{"t": "2026-07-27T11:15:23+00:00", "event": "frame_start", "index": 6, "frame": "/home/student/Documents/ARSI-private/data/app/jobs/20260727-131301-065d48/masked/f0300.jpg", "frame_id": "f0300", "n_frames": 72}
{"t": "2026-07-27T11:15:47+00:00", "event": "frame_done", "index": 6, "frame_id": "f0300", "status": "ok", "anomaly": false, "n_detections": 0, "attempts": 1, "seconds": 23.89, "frame": "/home/student/Documents/ARSI-private/data/app/jobs/20260727-131301-065d48/masked/f0300.jpg", "detections": [], "error": null}
{"t": "2026-07-27T11:15:47+00:00", "event": "frame_start", "index": 7, "frame": "/home/student/Documents/ARSI-private/data/app/jobs/20260727-131301-065d48/masked/f0350.jpg", "frame_id": "f0350", "n_frames": 72}
{"t": "2026-07-27T11:16:11+00:00", "event": "frame_done", "index": 7, "frame_id": "f0350", "status": "ok", "anomaly": false, "n_detections": 0, "attempts": 1, "seconds": 24.6, "frame": "/home/student/Documents/ARSI-private/data/app/jobs/20260727-131301-065d48/masked/f0350.jpg", "detections": [], "error": null}
{"t": "2026-07-27T11:16:11+00:00", "event": "frame_start", "index": 8, "frame": "/home/student/Documents/ARSI-private/data/app/jobs/20260727-131301-065d48/masked/f0400.jpg", "frame_id": "f0400", "n_frames": 72}
{"t": "2026-07-27T11:16:36+00:00", "event": "frame_done", "index": 8, "frame_id": "f0400", "status": "ok", "anomaly": false, "n_detections": 0, "attempts": 1, "seconds": 24.34, "frame": "/home/student/Documents/ARSI-private/data/app/jobs/20260727-131301-065d48/masked/f0400.jpg", "detections": [], "error": null}
{"t": "2026-07-27T11:16:36+00:00", "event": "frame_start", "index": 9, "frame": "/home/student/Documents/ARSI-private/data/app/jobs/20260727-131301-065d48/masked/f0450.jpg", "frame_id": "f0450", "n_frames": 72}
{"t": "2026-07-27T11:16:59+00:00", "event": "frame_done", "index": 9, "frame_id": "f0450", "status": "ok", "anomaly": false, "n_detections": 0, "attempts": 1, "seconds": 23.27, "frame": "/home/student/Documents/ARSI-private/data/app/jobs/20260727-131301-065d48/masked/f0450.jpg", "detections": [], "error": null}
{"t": "2026-07-27T11:16:59+00:00", "event": "frame_start", "index": 10, "frame": "/home/student/Documents/ARSI-private/data/app/jobs/20260727-131301-065d48/masked/f0500.jpg", "frame_id": "f0500", "n_frames": 72}
{"t": "2026-07-27T11:17:23+00:00", "event": "frame_done", "index": 10, "frame_id": "f0500", "status": "ok", "anomaly": false, "n_detections": 0, "attempts": 1, "seconds": 24.14, "frame": "/home/student/Documents/ARSI-private/data/app/jobs/20260727-131301-065d48/masked/f0500.jpg", "detections": [], "error": null}
{"t": "2026-07-27T11:17:23+00:00", "event": "frame_start", "index": 11, "frame": "/home/student/Documents/ARSI-private/data/app/jobs/20260727-131301-065d48/masked/f0550.jpg", "frame_id": "f0550", "n_frames": 72}
{"t": "2026-07-27T11:17:45+00:00", "event": "frame_done", "index": 11, "frame_id": "f0550", "status": "ok", "anomaly": false, "n_detections": 0, "attempts": 1, "seconds": 21.85, "frame": "/home/student/Documents/ARSI-private/data/app/jobs/20260727-131301-065d48/masked/f0550.jpg", "detections": [], "error": null}
{"t": "2026-07-27T11:17:45+00:00", "event": "frame_start", "index": 12, "frame": "/home/student/Documents/ARSI-private/data/app/jobs/20260727-131301-065d48/masked/f0600.jpg", "frame_id": "f0600", "n_frames": 72}
{"t": "2026-07-27T11:18:08+00:00", "event": "frame_done", "index": 12, "frame_id": "f0600", "status": "ok", "anomaly": false, "n_detections": 0, "attempts": 1, "seconds": 22.91, "frame": "/home/student/Documents/ARSI-private/data/app/jobs/20260727-131301-065d48/masked/f0600.jpg", "detections": [], "error": null}
{"t": "2026-07-27T11:18:08+00:00", "event": "frame_start", "index": 13, "frame": "/home/student/Documents/ARSI-private/data/app/jobs/20260727-131301-065d48/masked/f0650.jpg", "frame_id": "f0650", "n_frames": 72}
{"t": "2026-07-27T11:18:32+00:00", "event": "frame_done", "index": 13, "frame_id": "f0650", "status": "ok", "anomaly": false, "n_detections": 0, "attempts": 1, "seconds": 23.7, "frame": "/home/student/Documents/ARSI-private/data/app/jobs/20260727-131301-065d48/masked/f0650.jpg", "detections": [], "error": null}
{"t": "2026-07-27T11:18:32+00:00", "event": "frame_start", "index": 14, "frame": "/home/student/Documents/ARSI-private/data/app/jobs/20260727-131301-065d48/masked/f0700.jpg", "frame_id": "f0700", "n_frames": 72}
{"t": "2026-07-27T11:18:55+00:00", "event": "frame_done", "index": 14, "frame_id": "f0700", "status": "ok", "anomaly": false, "n_detections": 0, "attempts": 1, "seconds": 23.78, "frame": "/home/student/Documents/ARSI-private/data/app/jobs/20260727-131301-065d48/masked/f0700.jpg", "detections": [], "error": null}
{"t": "2026-07-27T11:18:55+00:00", "event": "frame_start", "index": 15, "frame": "/home/student/Documents/ARSI-private/data/app/jobs/20260727-131301-065d48/masked/f0750.jpg", "frame_id": "f0750", "n_frames": 72}
{"t": "2026-07-27T11:19:19+00:00", "event": "frame_done", "index": 15, "frame_id": "f0750", "status": "ok", "anomaly": false, "n_detections": 0, "attempts": 1, "seconds": 24.06, "frame": "/home/student/Documents/ARSI-private/data/app/jobs/20260727-131301-065d48/masked/f0750.jpg", "detections": [], "error": null}
{"t": "2026-07-27T11:19:19+00:00", "event": "frame_start", "index": 16, "frame": "/home/student/Documents/ARSI-private/data/app/jobs/20260727-131301-065d48/masked/f0800.jpg", "frame_id": "f0800", "n_frames": 72}
{"t": "2026-07-27T11:19:46+00:00", "event": "frame_done", "index": 16, "frame_id": "f0800", "status": "ok", "anomaly": false, "n_detections": 0, "attempts": 1, "seconds": 26.1, "frame": "/home/student/Documents/ARSI-private/data/app/jobs/20260727-131301-065d48/masked/f0800.jpg", "detections": [], "error": null}
{"t": "2026-07-27T11:19:46+00:00", "event": "frame_start", "index": 17, "frame": "/home/student/Documents/ARSI-private/data/app/jobs/20260727-131301-065d48/masked/f0850.jpg", "frame_id": "f0850", "n_frames": 72}
{"t": "2026-07-27T11:20:09+00:00", "event": "frame_done", "index": 17, "frame_id": "f0850", "status": "ok", "anomaly": false, "n_detections": 0, "attempts": 1, "seconds": 23.07, "frame": "/home/student/Documents/ARSI-private/data/app/jobs/20260727-131301-065d48/masked/f0850.jpg", "detections": [], "error": null}
{"t": "2026-07-27T11:20:09+00:00", "event": "frame_start", "index": 18, "frame": "/home/student/Documents/ARSI-private/data/app/jobs/20260727-131301-065d48/masked/f0900.jpg", "frame_id": "f0900", "n_frames": 72}
{"t": "2026-07-27T11:20:32+00:00", "event": "frame_done", "index": 18, "frame_id": "f0900", "status": "ok", "anomaly": false, "n_detections": 0, "attempts": 1, "seconds": 23.86, "frame": "/home/student/Documents/ARSI-private/data/app/jobs/20260727-131301-065d48/masked/f0900.jpg", "detections": [], "error": null}
{"t": "2026-07-27T11:20:32+00:00", "event": "frame_start", "index": 19, "frame": "/home/student/Documents/ARSI-private/data/app/jobs/20260727-131301-065d48/masked/f0950.jpg", "frame_id": "f0950", "n_frames": 72}
{"t": "2026-07-27T11:20:55+00:00", "event": "frame_done", "index": 19, "frame_id": "f0950", "status": "ok", "anomaly": false, "n_detections": 0, "attempts": 1, "seconds": 22.96, "frame": "/home/student/Documents/ARSI-private/data/app/jobs/20260727-131301-065d48/masked/f0950.jpg", "detections": [], "error": null}
{"t": "2026-07-27T11:20:55+00:00", "event": "frame_start", "index": 20, "frame": "/home/student/Documents/ARSI-private/data/app/jobs/20260727-131301-065d48/masked/f1000.jpg", "frame_id": "f1000", "n_frames": 72}
{"t": "2026-07-27T11:21:19+00:00", "event": "frame_done", "index": 20, "frame_id": "f1000", "status": "ok", "anomaly": false, "n_detections": 0, "attempts": 1, "seconds": 23.76, "frame": "/home/student/Documents/ARSI-private/data/app/jobs/20260727-131301-065d48/masked/f1000.jpg", "detections": [], "error": null}
{"t": "2026-07-27T11:21:19+00:00", "event": "frame_start", "index": 21, "frame": "/home/student/Documents/ARSI-private/data/app/jobs/20260727-131301-065d48/masked/f1050.jpg", "frame_id": "f1050", "n_frames": 72}
{"t": "2026-07-27T11:21:47+00:00", "event": "frame_done", "index": 21, "frame_id": "f1050", "status": "ok", "anomaly": false, "n_detections": 0, "attempts": 1, "seconds": 27.65, "frame": "/home/student/Documents/ARSI-private/data/app/jobs/20260727-131301-065d48/masked/f1050.jpg", "detections": [], "error": null}
{"t": "2026-07-27T11:21:47+00:00", "event": "frame_start", "index": 22, "frame": "/home/student/Documents/ARSI-private/data/app/jobs/20260727-131301-065d48/masked/f1100.jpg", "frame_id": "f1100", "n_frames": 72}
{"t": "2026-07-27T11:22:13+00:00", "event": "frame_done", "index": 22, "frame_id": "f1100", "status": "ok", "anomaly": false, "n_detections": 0, "attempts": 1, "seconds": 26.12, "frame": "/home/student/Documents/ARSI-private/data/app/jobs/20260727-131301-065d48/masked/f1100.jpg", "detections": [], "error": null}
{"t": "2026-07-27T11:22:13+00:00", "event": "frame_start", "index": 23, "frame": "/home/student/Documents/ARSI-private/data/app/jobs/20260727-131301-065d48/masked/f1150.jpg", "frame_id": "f1150", "n_frames": 72}
{"t": "2026-07-27T11:22:38+00:00", "event": "frame_done", "index": 23, "frame_id": "f1150", "status": "ok", "anomaly": false, "n_detections": 0, "attempts": 1, "seconds": 25.15, "frame": "/home/student/Documents/ARSI-private/data/app/jobs/20260727-131301-065d48/masked/f1150.jpg", "detections": [], "error": null}
{"t": "2026-07-27T11:22:38+00:00", "event": "frame_start", "index": 24, "frame": "/home/student/Documents/ARSI-private/data/app/jobs/20260727-131301-065d48/masked/f1200.jpg", "frame_id": "f1200", "n_frames": 72}
{"t": "2026-07-27T11:23:05+00:00", "event": "frame_done", "index": 24, "frame_id": "f1200", "status": "ok", "anomaly": false, "n_detections": 0, "attempts": 1, "seconds": 26.68, "frame": "/home/student/Documents/ARSI-private/data/app/jobs/20260727-131301-065d48/masked/f1200.jpg", "detections": [], "error": null}
{"t": "2026-07-27T11:23:05+00:00", "event": "frame_start", "index": 25, "frame": "/home/student/Documents/ARSI-private/data/app/jobs/20260727-131301-065d48/masked/f1250.jpg", "frame_id": "f1250", "n_frames": 72}
{"t": "2026-07-27T11:23:33+00:00", "event": "frame_done", "index": 25, "frame_id": "f1250", "status": "ok", "anomaly": false, "n_detections": 0, "attempts": 1, "seconds": 28.3, "frame": "/home/student/Documents/ARSI-private/data/app/jobs/20260727-131301-065d48/masked/f1250.jpg", "detections": [], "error": null}
{"t": "2026-07-27T11:23:33+00:00", "event": "frame_start", "index": 26, "frame": "/home/student/Documents/ARSI-private/data/app/jobs/20260727-131301-065d48/masked/f1300.jpg", "frame_id": "f1300", "n_frames": 72}
{"t": "2026-07-27T11:24:00+00:00", "event": "frame_done", "index": 26, "frame_id": "f1300", "status": "ok", "anomaly": false, "n_detections": 0, "attempts": 1, "seconds": 26.65, "frame": "/home/student/Documents/ARSI-private/data/app/jobs/20260727-131301-065d48/masked/f1300.jpg", "detections": [], "error": null}
{"t": "2026-07-27T11:24:00+00:00", "event": "frame_start", "index": 27, "frame": "/home/student/Documents/ARSI-private/data/app/jobs/20260727-131301-065d48/masked/f1350.jpg", "frame_id": "f1350", "n_frames": 72}
{"t": "2026-07-27T11:24:25+00:00", "event": "frame_done", "index": 27, "frame_id": "f1350", "status": "ok", "anomaly": false, "n_detections": 0, "attempts": 1, "seconds": 25.26, "frame": "/home/student/Documents/ARSI-private/data/app/jobs/20260727-131301-065d48/masked/f1350.jpg", "detections": [], "error": null}
{"t": "2026-07-27T11:24:25+00:00", "event": "frame_start", "index": 28, "frame": "/home/student/Documents/ARSI-private/data/app/jobs/20260727-131301-065d48/masked/f1400.jpg", "frame_id": "f1400", "n_frames": 72}
{"t": "2026-07-27T11:24:50+00:00", "event": "frame_done", "index": 28, "frame_id": "f1400", "status": "ok", "anomaly": false, "n_detections": 0, "attempts": 1, "seconds": 25.02, "frame": "/home/student/Documents/ARSI-private/data/app/jobs/20260727-131301-065d48/masked/f1400.jpg", "detections": [], "error": null}
{"t": "2026-07-27T11:24:50+00:00", "event": "frame_start", "index": 29, "frame": "/home/student/Documents/ARSI-private/data/app/jobs/20260727-131301-065d48/masked/f1450.jpg", "frame_id": "f1450", "n_frames": 72}
{"t": "2026-07-27T11:25:14+00:00", "event": "frame_done", "index": 29, "frame_id": "f1450", "status": "ok", "anomaly": false, "n_detections": 0, "attempts": 1, "seconds": 23.67, "frame": "/home/student/Documents/ARSI-private/data/app/jobs/20260727-131301-065d48/masked/f1450.jpg", "detections": [], "error": null}
{"t": "2026-07-27T11:25:14+00:00", "event": "frame_start", "index": 30, "frame": "/home/student/Documents/ARSI-private/data/app/jobs/20260727-131301-065d48/masked/f1500.jpg", "frame_id": "f1500", "n_frames": 72}
{"t": "2026-07-27T11:25:40+00:00", "event": "frame_done", "index": 30, "frame_id": "f1500", "status": "ok", "anomaly": false, "n_detections": 0, "attempts": 1, "seconds": 26.14, "frame": "/home/student/Documents/ARSI-private/data/app/jobs/20260727-131301-065d48/masked/f1500.jpg", "detections": [], "error": null}
{"t": "2026-07-27T11:25:40+00:00", "event": "frame_start", "index": 31, "frame": "/home/student/Documents/ARSI-private/data/app/jobs/20260727-131301-065d48/masked/f1550.jpg", "frame_id": "f1550", "n_frames": 72}
{"t": "2026-07-27T11:26:06+00:00", "event": "frame_done", "index": 31, "frame_id": "f1550", "status": "ok", "anomaly": false, "n_detections": 0, "attempts": 1, "seconds": 26.03, "frame": "/home/student/Documents/ARSI-private/data/app/jobs/20260727-131301-065d48/masked/f1550.jpg", "detections": [], "error": null}
{"t": "2026-07-27T11:26:06+00:00", "event": "frame_start", "index": 32, "frame": "/home/student/Documents/ARSI-private/data/app/jobs/20260727-131301-065d48/masked/f1600.jpg", "frame_id": "f1600", "n_frames": 72}
{"t": "2026-07-27T11:26:31+00:00", "event": "frame_done", "index": 32, "frame_id": "f1600", "status": "ok", "anomaly": false, "n_detections": 0, "attempts": 1, "seconds": 25.61, "frame": "/home/student/Documents/ARSI-private/data/app/jobs/20260727-131301-065d48/masked/f1600.jpg", "detections": [], "error": null}
{"t": "2026-07-27T11:26:31+00:00", "event": "frame_start", "index": 33, "frame": "/home/student/Documents/ARSI-private/data/app/jobs/20260727-131301-065d48/masked/f1650.jpg", "frame_id": "f1650", "n_frames": 72}
{"t": "2026-07-27T11:26:59+00:00", "event": "frame_done", "index": 33, "frame_id": "f1650", "status": "ok", "anomaly": false, "n_detections": 0, "attempts": 1, "seconds": 27.67, "frame": "/home/student/Documents/ARSI-private/data/app/jobs/20260727-131301-065d48/masked/f1650.jpg", "detections": [], "error": null}
{"t": "2026-07-27T11:26:59+00:00", "event": "frame_start", "index": 34, "frame": "/home/student/Documents/ARSI-private/data/app/jobs/20260727-131301-065d48/masked/f1700.jpg", "frame_id": "f1700", "n_frames": 72}
{"t": "2026-07-27T11:27:26+00:00", "event": "frame_done", "index": 34, "frame_id": "f1700", "status": "ok", "anomaly": false, "n_detections": 0, "attempts": 1, "seconds": 26.61, "frame": "/home/student/Documents/ARSI-private/data/app/jobs/20260727-131301-065d48/masked/f1700.jpg", "detections": [], "error": null}
{"t": "2026-07-27T11:27:26+00:00", "event": "frame_start", "index": 35, "frame": "/home/student/Documents/ARSI-private/data/app/jobs/20260727-131301-065d48/masked/f1750.jpg", "frame_id": "f1750", "n_frames": 72}
{"t": "2026-07-27T11:27:51+00:00", "event": "frame_done", "index": 35, "frame_id": "f1750", "status": "ok", "anomaly": false, "n_detections": 0, "attempts": 1, "seconds": 25.54, "frame": "/home/student/Documents/ARSI-private/data/app/jobs/20260727-131301-065d48/masked/f1750.jpg", "detections": [], "error": null}
{"t": "2026-07-27T11:27:51+00:00", "event": "frame_start", "index": 36, "frame": "/home/student/Documents/ARSI-private/data/app/jobs/20260727-131301-065d48/masked/f1800.jpg", "frame_id": "f1800", "n_frames": 72}
{"t": "2026-07-27T11:28:18+00:00", "event": "frame_done", "index": 36, "frame_id": "f1800", "status": "ok", "anomaly": false, "n_detections": 0, "attempts": 1, "seconds": 26.83, "frame": "/home/student/Documents/ARSI-private/data/app/jobs/20260727-131301-065d48/masked/f1800.jpg", "detections": [], "error": null}
{"t": "2026-07-27T11:28:18+00:00", "event": "frame_start", "index": 37, "frame": "/home/student/Documents/ARSI-private/data/app/jobs/20260727-131301-065d48/masked/f1850.jpg", "frame_id": "f1850", "n_frames": 72}
{"t": "2026-07-27T11:28:44+00:00", "event": "frame_done", "index": 37, "frame_id": "f1850", "status": "ok", "anomaly": false, "n_detections": 0, "attempts": 1, "seconds": 26.22, "frame": "/home/student/Documents/ARSI-private/data/app/jobs/20260727-131301-065d48/masked/f1850.jpg", "detections": [], "error": null}
{"t": "2026-07-27T11:28:44+00:00", "event": "frame_start", "index": 38, "frame": "/home/student/Documents/ARSI-private/data/app/jobs/20260727-131301-065d48/masked/f1900.jpg", "frame_id": "f1900", "n_frames": 72}
{"t": "2026-07-27T11:29:10+00:00", "event": "frame_done", "index": 38, "frame_id": "f1900", "status": "ok", "anomaly": false, "n_detections": 0, "attempts": 1, "seconds": 25.39, "frame": "/home/student/Documents/ARSI-private/data/app/jobs/20260727-131301-065d48/masked/f1900.jpg", "detections": [], "error": null}
{"t": "2026-07-27T11:29:10+00:00", "event": "frame_start", "index": 39, "frame": "/home/student/Documents/ARSI-private/data/app/jobs/20260727-131301-065d48/masked/f1950.jpg", "frame_id": "f1950", "n_frames": 72}
{"t": "2026-07-27T11:29:37+00:00", "event": "frame_done", "index": 39, "frame_id": "f1950", "status": "ok", "anomaly": false, "n_detections": 0, "attempts": 1, "seconds": 27.13, "frame": "/home/student/Documents/ARSI-private/data/app/jobs/20260727-131301-065d48/masked/f1950.jpg", "detections": [], "error": null}
{"t": "2026-07-27T11:29:37+00:00", "event": "frame_start", "index": 40, "frame": "/home/student/Documents/ARSI-private/data/app/jobs/20260727-131301-065d48/masked/f2000.jpg", "frame_id": "f2000", "n_frames": 72}
{"t": "2026-07-27T11:30:04+00:00", "event": "frame_done", "index": 40, "frame_id": "f2000", "status": "ok", "anomaly": false, "n_detections": 0, "attempts": 1, "seconds": 26.76, "frame": "/home/student/Documents/ARSI-private/data/app/jobs/20260727-131301-065d48/masked/f2000.jpg", "detections": [], "error": null}
{"t": "2026-07-27T11:30:04+00:00", "event": "frame_start", "index": 41, "frame": "/home/student/Documents/ARSI-private/data/app/jobs/20260727-131301-065d48/masked/f2050.jpg", "frame_id": "f2050", "n_frames": 72}
{"t": "2026-07-27T11:30:28+00:00", "event": "frame_done", "index": 41, "frame_id": "f2050", "status": "ok", "anomaly": false, "n_detections": 0, "attempts": 1, "seconds": 23.93, "frame": "/home/student/Documents/ARSI-private/data/app/jobs/20260727-131301-065d48/masked/f2050.jpg", "detections": [], "error": null}
{"t": "2026-07-27T11:30:28+00:00", "event": "frame_start", "index": 42, "frame": "/home/student/Documents/ARSI-private/data/app/jobs/20260727-131301-065d48/masked/f2100.jpg", "frame_id": "f2100", "n_frames": 72}
{"t": "2026-07-27T11:30:52+00:00", "event": "frame_done", "index": 42, "frame_id": "f2100", "status": "ok", "anomaly": false, "n_detections": 0, "attempts": 1, "seconds": 24.24, "frame": "/home/student/Documents/ARSI-private/data/app/jobs/20260727-131301-065d48/masked/f2100.jpg", "detections": [], "error": null}
{"t": "2026-07-27T11:30:52+00:00", "event": "frame_start", "index": 43, "frame": "/home/student/Documents/ARSI-private/data/app/jobs/20260727-131301-065d48/masked/f2150.jpg", "frame_id": "f2150", "n_frames": 72}
{"t": "2026-07-27T11:31:17+00:00", "event": "frame_done", "index": 43, "frame_id": "f2150", "status": "ok", "anomaly": false, "n_detections": 0, "attempts": 1, "seconds": 25.23, "frame": "/home/student/Documents/ARSI-private/data/app/jobs/20260727-131301-065d48/masked/f2150.jpg", "detections": [], "error": null}
{"t": "2026-07-27T11:31:17+00:00", "event": "frame_start", "index": 44, "frame": "/home/student/Documents/ARSI-private/data/app/jobs/20260727-131301-065d48/masked/f2200.jpg", "frame_id": "f2200", "n_frames": 72}
{"t": "2026-07-27T11:31:43+00:00", "event": "frame_done", "index": 44, "frame_id": "f2200", "status": "ok", "anomaly": false, "n_detections": 0, "attempts": 1, "seconds": 25.61, "frame": "/home/student/Documents/ARSI-private/data/app/jobs/20260727-131301-065d48/masked/f2200.jpg", "detections": [], "error": null}
{"t": "2026-07-27T11:31:43+00:00", "event": "frame_start", "index": 45, "frame": "/home/student/Documents/ARSI-private/data/app/jobs/20260727-131301-065d48/masked/f2250.jpg", "frame_id": "f2250", "n_frames": 72}
{"t": "2026-07-27T11:32:09+00:00", "event": "frame_done", "index": 45, "frame_id": "f2250", "status": "ok", "anomaly": false, "n_detections": 0, "attempts": 1, "seconds": 26.28, "frame": "/home/student/Documents/ARSI-private/data/app/jobs/20260727-131301-065d48/masked/f2250.jpg", "detections": [], "error": null}
{"t": "2026-07-27T11:32:09+00:00", "event": "frame_start", "index": 46, "frame": "/home/student/Documents/ARSI-private/data/app/jobs/20260727-131301-065d48/masked/f2300.jpg", "frame_id": "f2300", "n_frames": 72}
{"t": "2026-07-27T11:32:35+00:00", "event": "frame_done", "index": 46, "frame_id": "f2300", "status": "ok", "anomaly": false, "n_detections": 0, "attempts": 1, "seconds": 25.97, "frame": "/home/student/Documents/ARSI-private/data/app/jobs/20260727-131301-065d48/masked/f2300.jpg", "detections": [], "error": null}
{"t": "2026-07-27T11:32:35+00:00", "event": "frame_start", "index": 47, "frame": "/home/student/Documents/ARSI-private/data/app/jobs/20260727-131301-065d48/masked/f2350.jpg", "frame_id": "f2350", "n_frames": 72}
{"t": "2026-07-27T11:33:02+00:00", "event": "frame_done", "index": 47, "frame_id": "f2350", "status": "ok", "anomaly": false, "n_detections": 0, "attempts": 1, "seconds": 26.87, "frame": "/home/student/Documents/ARSI-private/data/app/jobs/20260727-131301-065d48/masked/f2350.jpg", "detections": [], "error": null}
{"t": "2026-07-27T11:33:02+00:00", "event": "frame_start", "index": 48, "frame": "/home/student/Documents/ARSI-private/data/app/jobs/20260727-131301-065d48/masked/f2400.jpg", "frame_id": "f2400", "n_frames": 72}
{"t": "2026-07-27T11:33:28+00:00", "event": "frame_done", "index": 48, "frame_id": "f2400", "status": "ok", "anomaly": false, "n_detections": 0, "attempts": 1, "seconds": 26.67, "frame": "/home/student/Documents/ARSI-private/data/app/jobs/20260727-131301-065d48/masked/f2400.jpg", "detections": [], "error": null}
{"t": "2026-07-27T11:33:28+00:00", "event": "frame_start", "index": 49, "frame": "/home/student/Documents/ARSI-private/data/app/jobs/20260727-131301-065d48/masked/f2450.jpg", "frame_id": "f2450", "n_frames": 72}
{"t": "2026-07-27T11:33:55+00:00", "event": "frame_done", "index": 49, "frame_id": "f2450", "status": "ok", "anomaly": false, "n_detections": 0, "attempts": 1, "seconds": 27.02, "frame": "/home/student/Documents/ARSI-private/data/app/jobs/20260727-131301-065d48/masked/f2450.jpg", "detections": [], "error": null}
{"t": "2026-07-27T11:33:55+00:00", "event": "frame_start", "index": 50, "frame": "/home/student/Documents/ARSI-private/data/app/jobs/20260727-131301-065d48/masked/f2500.jpg", "frame_id": "f2500", "n_frames": 72}
{"t": "2026-07-27T11:34:22+00:00", "event": "frame_done", "index": 50, "frame_id": "f2500", "status": "ok", "anomaly": false, "n_detections": 0, "attempts": 1, "seconds": 26.6, "frame": "/home/student/Documents/ARSI-private/data/app/jobs/20260727-131301-065d48/masked/f2500.jpg", "detections": [], "error": null}
{"t": "2026-07-27T11:34:22+00:00", "event": "frame_start", "index": 51, "frame": "/home/student/Documents/ARSI-private/data/app/jobs/20260727-131301-065d48/masked/f2550.jpg", "frame_id": "f2550", "n_frames": 72}
{"t": "2026-07-27T11:34:49+00:00", "event": "frame_done", "index": 51, "frame_id": "f2550", "status": "ok", "anomaly": false, "n_detections": 0, "attempts": 1, "seconds": 27.09, "frame": "/home/student/Documents/ARSI-private/data/app/jobs/20260727-131301-065d48/masked/f2550.jpg", "detections": [], "error": null}
{"t": "2026-07-27T11:34:49+00:00", "event": "frame_start", "index": 52, "frame": "/home/student/Documents/ARSI-private/data/app/jobs/20260727-131301-065d48/masked/f2600.jpg", "frame_id": "f2600", "n_frames": 72}
{"t": "2026-07-27T11:35:16+00:00", "event": "frame_done", "index": 52, "frame_id": "f2600", "status": "ok", "anomaly": false, "n_detections": 0, "attempts": 1, "seconds": 27.07, "frame": "/home/student/Documents/ARSI-private/data/app/jobs/20260727-131301-065d48/masked/f2600.jpg", "detections": [], "error": null}
{"t": "2026-07-27T11:35:16+00:00", "event": "frame_start", "index": 53, "frame": "/home/student/Documents/ARSI-private/data/app/jobs/20260727-131301-065d48/masked/f2650.jpg", "frame_id": "f2650", "n_frames": 72}
{"t": "2026-07-27T11:35:43+00:00", "event": "frame_done", "index": 53, "frame_id": "f2650", "status": "ok", "anomaly": false, "n_detections": 0, "attempts": 1, "seconds": 27.02, "frame": "/home/student/Documents/ARSI-private/data/app/jobs/20260727-131301-065d48/masked/f2650.jpg", "detections": [], "error": null}
{"t": "2026-07-27T11:35:43+00:00", "event": "frame_start", "index": 54, "frame": "/home/student/Documents/ARSI-private/data/app/jobs/20260727-131301-065d48/masked/f2700.jpg", "frame_id": "f2700", "n_frames": 72}
{"t": "2026-07-27T11:36:05+00:00", "event": "frame_done", "index": 54, "frame_id": "f2700", "status": "ok", "anomaly": false, "n_detections": 0, "attempts": 1, "seconds": 21.41, "frame": "/home/student/Documents/ARSI-private/data/app/jobs/20260727-131301-065d48/masked/f2700.jpg", "detections": [], "error": null}
{"t": "2026-07-27T11:36:05+00:00", "event": "frame_start", "index": 55, "frame": "/home/student/Documents/ARSI-private/data/app/jobs/20260727-131301-065d48/masked/f2750.jpg", "frame_id": "f2750", "n_frames": 72}
{"t": "2026-07-27T11:36:34+00:00", "event": "frame_done", "index": 55, "frame_id": "f2750", "status": "ok", "anomaly": false, "n_detections": 0, "attempts": 1, "seconds": 29.42, "frame": "/home/student/Documents/ARSI-private/data/app/jobs/20260727-131301-065d48/masked/f2750.jpg", "detections": [], "error": null}
{"t": "2026-07-27T11:36:34+00:00", "event": "frame_start", "index": 56, "frame": "/home/student/Documents/ARSI-private/data/app/jobs/20260727-131301-065d48/masked/f2800.jpg", "frame_id": "f2800", "n_frames": 72}
{"t": "2026-07-27T11:37:02+00:00", "event": "frame_done", "index": 56, "frame_id": "f2800", "status": "ok", "anomaly": false, "n_detections": 0, "attempts": 1, "seconds": 27.45, "frame": "/home/student/Documents/ARSI-private/data/app/jobs/20260727-131301-065d48/masked/f2800.jpg", "detections": [], "error": null}
{"t": "2026-07-27T11:37:02+00:00", "event": "frame_start", "index": 57, "frame": "/home/student/Documents/ARSI-private/data/app/jobs/20260727-131301-065d48/masked/f2850.jpg", "frame_id": "f2850", "n_frames": 72}
{"t": "2026-07-27T11:37:29+00:00", "event": "frame_done", "index": 57, "frame_id": "f2850", "status": "ok", "anomaly": false, "n_detections": 0, "attempts": 1, "seconds": 27.67, "frame": "/home/student/Documents/ARSI-private/data/app/jobs/20260727-131301-065d48/masked/f2850.jpg", "detections": [], "error": null}
{"t": "2026-07-27T11:37:29+00:00", "event": "frame_start", "index": 58, "frame": "/home/student/Documents/ARSI-private/data/app/jobs/20260727-131301-065d48/masked/f2900.jpg", "frame_id": "f2900", "n_frames": 72}
{"t": "2026-07-27T11:37:57+00:00", "event": "frame_done", "index": 58, "frame_id": "f2900", "status": "ok", "anomaly": false, "n_detections": 0, "attempts": 1, "seconds": 28.0, "frame": "/home/student/Documents/ARSI-private/data/app/jobs/20260727-131301-065d48/masked/f2900.jpg", "detections": [], "error": null}
{"t": "2026-07-27T11:37:57+00:00", "event": "frame_start", "index": 59, "frame": "/home/student/Documents/ARSI-private/data/app/jobs/20260727-131301-065d48/masked/f2950.jpg", "frame_id": "f2950", "n_frames": 72}
{"t": "2026-07-27T11:38:26+00:00", "event": "frame_done", "index": 59, "frame_id": "f2950", "status": "ok", "anomaly": false, "n_detections": 0, "attempts": 1, "seconds": 29.06, "frame": "/home/student/Documents/ARSI-private/data/app/jobs/20260727-131301-065d48/masked/f2950.jpg", "detections": [], "error": null}
{"t": "2026-07-27T11:38:26+00:00", "event": "frame_start", "index": 60, "frame": "/home/student/Documents/ARSI-private/data/app/jobs/20260727-131301-065d48/masked/f3000.jpg", "frame_id": "f3000", "n_frames": 72}
{"t": "2026-07-27T11:38:52+00:00", "event": "frame_done", "index": 60, "frame_id": "f3000", "status": "ok", "anomaly": false, "n_detections": 0, "attempts": 1, "seconds": 25.94, "frame": "/home/student/Documents/ARSI-private/data/app/jobs/20260727-131301-065d48/masked/f3000.jpg", "detections": [], "error": null}
{"t": "2026-07-27T11:38:52+00:00", "event": "frame_start", "index": 61, "frame": "/home/student/Documents/ARSI-private/data/app/jobs/20260727-131301-065d48/masked/f3050.jpg", "frame_id": "f3050", "n_frames": 72}
{"t": "2026-07-27T11:39:18+00:00", "event": "frame_done", "index": 61, "frame_id": "f3050", "status": "ok", "anomaly": false, "n_detections": 0, "attempts": 1, "seconds": 25.61, "frame": "/home/student/Documents/ARSI-private/data/app/jobs/20260727-131301-065d48/masked/f3050.jpg", "detections": [], "error": null}
{"t": "2026-07-27T11:39:18+00:00", "event": "frame_start", "index": 62, "frame": "/home/student/Documents/ARSI-private/data/app/jobs/20260727-131301-065d48/masked/f3100.jpg", "frame_id": "f3100", "n_frames": 72}
{"t": "2026-07-27T11:39:44+00:00", "event": "frame_done", "index": 62, "frame_id": "f3100", "status": "ok", "anomaly": false, "n_detections": 0, "attempts": 1, "seconds": 25.87, "frame": "/home/student/Documents/ARSI-private/data/app/jobs/20260727-131301-065d48/masked/f3100.jpg", "detections": [], "error": null}
{"t": "2026-07-27T11:39:44+00:00", "event": "frame_start", "index": 63, "frame": "/home/student/Documents/ARSI-private/data/app/jobs/20260727-131301-065d48/masked/f3150.jpg", "frame_id": "f3150", "n_frames": 72}
{"t": "2026-07-27T11:40:09+00:00", "event": "frame_done", "index": 63, "frame_id": "f3150", "status": "ok", "anomaly": false, "n_detections": 0, "attempts": 1, "seconds": 25.64, "frame": "/home/student/Documents/ARSI-private/data/app/jobs/20260727-131301-065d48/masked/f3150.jpg", "detections": [], "error": null}
{"t": "2026-07-27T11:40:09+00:00", "event": "frame_start", "index": 64, "frame": "/home/student/Documents/ARSI-private/data/app/jobs/20260727-131301-065d48/masked/f3200.jpg", "frame_id": "f3200", "n_frames": 72}
{"t": "2026-07-27T11:40:35+00:00", "event": "frame_done", "index": 64, "frame_id": "f3200", "status": "ok", "anomaly": false, "n_detections": 0, "attempts": 1, "seconds": 25.5, "frame": "/home/student/Documents/ARSI-private/data/app/jobs/20260727-131301-065d48/masked/f3200.jpg", "detections": [], "error": null}
{"t": "2026-07-27T11:40:35+00:00", "event": "frame_start", "index": 65, "frame": "/home/student/Documents/ARSI-private/data/app/jobs/20260727-131301-065d48/masked/f3250.jpg", "frame_id": "f3250", "n_frames": 72}
{"t": "2026-07-27T11:41:02+00:00", "event": "frame_done", "index": 65, "frame_id": "f3250", "status": "ok", "anomaly": false, "n_detections": 0, "attempts": 1, "seconds": 27.07, "frame": "/home/student/Documents/ARSI-private/data/app/jobs/20260727-131301-065d48/masked/f3250.jpg", "detections": [], "error": null}
{"t": "2026-07-27T11:41:02+00:00", "event": "frame_start", "index": 66, "frame": "/home/student/Documents/ARSI-private/data/app/jobs/20260727-131301-065d48/masked/f3300.jpg", "frame_id": "f3300", "n_frames": 72}
{"t": "2026-07-27T11:41:29+00:00", "event": "frame_done", "index": 66, "frame_id": "f3300", "status": "ok", "anomaly": false, "n_detections": 0, "attempts": 1, "seconds": 27.08, "frame": "/home/student/Documents/ARSI-private/data/app/jobs/20260727-131301-065d48/masked/f3300.jpg", "detections": [], "error": null}
{"t": "2026-07-27T11:41:29+00:00", "event": "frame_start", "index": 67, "frame": "/home/student/Documents/ARSI-private/data/app/jobs/20260727-131301-065d48/masked/f3350.jpg", "frame_id": "f3350", "n_frames": 72}
{"t": "2026-07-27T11:41:57+00:00", "event": "frame_done", "index": 67, "frame_id": "f3350", "status": "ok", "anomaly": false, "n_detections": 0, "attempts": 1, "seconds": 27.99, "frame": "/home/student/Documents/ARSI-private/data/app/jobs/20260727-131301-065d48/masked/f3350.jpg", "detections": [], "error": null}
{"t": "2026-07-27T11:41:57+00:00", "event": "frame_start", "index": 68, "frame": "/home/student/Documents/ARSI-private/data/app/jobs/20260727-131301-065d48/masked/f3400.jpg", "frame_id": "f3400", "n_frames": 72}
{"t": "2026-07-27T11:42:23+00:00", "event": "frame_done", "index": 68, "frame_id": "f3400", "status": "ok", "anomaly": false, "n_detections": 0, "attempts": 1, "seconds": 26.34, "frame": "/home/student/Documents/ARSI-private/data/app/jobs/20260727-131301-065d48/masked/f3400.jpg", "detections": [], "error": null}
{"t": "2026-07-27T11:42:23+00:00", "event": "frame_start", "index": 69, "frame": "/home/student/Documents/ARSI-private/data/app/jobs/20260727-131301-065d48/masked/f3450.jpg", "frame_id": "f3450", "n_frames": 72}
{"t": "2026-07-27T11:42:52+00:00", "event": "frame_done", "index": 69, "frame_id": "f3450", "status": "ok", "anomaly": false, "n_detections": 0, "attempts": 1, "seconds": 28.25, "frame": "/home/student/Documents/ARSI-private/data/app/jobs/20260727-131301-065d48/masked/f3450.jpg", "detections": [], "error": null}
{"t": "2026-07-27T11:42:52+00:00", "event": "frame_start", "index": 70, "frame": "/home/student/Documents/ARSI-private/data/app/jobs/20260727-131301-065d48/masked/f3500.jpg", "frame_id": "f3500", "n_frames": 72}
{"t": "2026-07-27T11:43:18+00:00", "event": "frame_done", "index": 70, "frame_id": "f3500", "status": "ok", "anomaly": false, "n_detections": 0, "attempts": 1, "seconds": 26.06, "frame": "/home/student/Documents/ARSI-private/data/app/jobs/20260727-131301-065d48/masked/f3500.jpg", "detections": [], "error": null}
{"t": "2026-07-27T11:43:18+00:00", "event": "frame_start", "index": 71, "frame": "/home/student/Documents/ARSI-private/data/app/jobs/20260727-131301-065d48/masked/f3550.jpg", "frame_id": "f3550", "n_frames": 72}
{"t": "2026-07-27T11:43:45+00:00", "event": "frame_done", "index": 71, "frame_id": "f3550", "status": "ok", "anomaly": false, "n_detections": 0, "attempts": 1, "seconds": 26.98, "frame": "/home/student/Documents/ARSI-private/data/app/jobs/20260727-131301-065d48/masked/f3550.jpg", "detections": [], "error": null}
{"t": "2026-07-27T11:43:45+00:00", "event": "job_finished", "status": "completed", "n_frames": 72, "n_ok": 72, "n_anomalous": 0, "n_failed": 0, "wall_seconds": 1843.15}
