{"t": "2026-07-14T09:05:22+00:00", "event": "job_started", "job_id": "20260714-110522-81b8c9", "script": "vlm_01", "model": "haervwe/GLM-4.6V-Flash-9B", "n_frames": 72}
{"t": "2026-07-14T09:05:26+00:00", "event": "frame_retry", "index": 0, "frame": "/home/student/Documents/ARSI-private/data/app/videos/20260714-101824-e8b4a8/frames/f0000.jpg", "attempt": 1, "error": "ParseError: no GRAFFITI/VANDALISM/FORGOTTEN OBJECT line in reply"}
{"t": "2026-07-14T09:05:28+00:00", "event": "frame_retry", "index": 0, "frame": "/home/student/Documents/ARSI-private/data/app/videos/20260714-101824-e8b4a8/frames/f0000.jpg", "attempt": 2, "error": "ParseError: no GRAFFITI/VANDALISM/FORGOTTEN OBJECT line in reply"}
{"t": "2026-07-14T09:05:30+00:00", "event": "frame_retry", "index": 0, "frame": "/home/student/Documents/ARSI-private/data/app/videos/20260714-101824-e8b4a8/frames/f0000.jpg", "attempt": 3, "error": "ParseError: no GRAFFITI/VANDALISM/FORGOTTEN OBJECT line in reply"}
{"t": "2026-07-14T09:05:30+00:00", "event": "frame_done", "index": 0, "frame_id": "f0000", "status": "failed", "anomaly": null, "n_detections": 0, "attempts": 3, "seconds": 7.3}
{"t": "2026-07-14T09:05:33+00:00", "event": "frame_retry", "index": 1, "frame": "/home/student/Documents/ARSI-private/data/app/videos/20260714-101824-e8b4a8/frames/f0050.jpg", "attempt": 1, "error": "ParseError: no GRAFFITI/VANDALISM/FORGOTTEN OBJECT line in reply"}
{"t": "2026-07-14T09:05:35+00:00", "event": "frame_retry", "index": 1, "frame": "/home/student/Documents/ARSI-private/data/app/videos/20260714-101824-e8b4a8/frames/f0050.jpg", "attempt": 2, "error": "ParseError: no GRAFFITI/VANDALISM/FORGOTTEN OBJECT line in reply"}
{"t": "2026-07-14T09:05:36+00:00", "event": "frame_retry", "index": 1, "frame": "/home/student/Documents/ARSI-private/data/app/videos/20260714-101824-e8b4a8/frames/f0050.jpg", "attempt": 3, "error": "ParseError: no GRAFFITI/VANDALISM/FORGOTTEN OBJECT line in reply"}
{"t": "2026-07-14T09:05:36+00:00", "event": "frame_done", "index": 1, "frame_id": "f0050", "status": "failed", "anomaly": null, "n_detections": 0, "attempts": 3, "seconds": 6.47}
{"t": "2026-07-14T09:05:39+00:00", "event": "frame_retry", "index": 2, "frame": "/home/student/Documents/ARSI-private/data/app/videos/20260714-101824-e8b4a8/frames/f0100.jpg", "attempt": 1, "error": "ParseError: no GRAFFITI/VANDALISM/FORGOTTEN OBJECT line in reply"}
{"t": "2026-07-14T09:05:41+00:00", "event": "frame_retry", "index": 2, "frame": "/home/student/Documents/ARSI-private/data/app/videos/20260714-101824-e8b4a8/frames/f0100.jpg", "attempt": 2, "error": "ParseError: no GRAFFITI/VANDALISM/FORGOTTEN OBJECT line in reply"}
{"t": "2026-07-14T09:05:43+00:00", "event": "frame_retry", "index": 2, "frame": "/home/student/Documents/ARSI-private/data/app/videos/20260714-101824-e8b4a8/frames/f0100.jpg", "attempt": 3, "error": "ParseError: no GRAFFITI/VANDALISM/FORGOTTEN OBJECT line in reply"}
{"t": "2026-07-14T09:05:43+00:00", "event": "frame_done", "index": 2, "frame_id": "f0100", "status": "failed", "anomaly": null, "n_detections": 0, "attempts": 3, "seconds": 6.51}
{"t": "2026-07-14T09:05:46+00:00", "event": "frame_retry", "index": 3, "frame": "/home/student/Documents/ARSI-private/data/app/videos/20260714-101824-e8b4a8/frames/f0150.jpg", "attempt": 1, "error": "ParseError: no GRAFFITI/VANDALISM/FORGOTTEN OBJECT line in reply"}
{"t": "2026-07-14T09:05:48+00:00", "event": "frame_retry", "index": 3, "frame": "/home/student/Documents/ARSI-private/data/app/videos/20260714-101824-e8b4a8/frames/f0150.jpg", "attempt": 2, "error": "ParseError: no GRAFFITI/VANDALISM/FORGOTTEN OBJECT line in reply"}
{"t": "2026-07-14T09:05:49+00:00", "event": "frame_retry", "index": 3, "frame": "/home/student/Documents/ARSI-private/data/app/videos/20260714-101824-e8b4a8/frames/f0150.jpg", "attempt": 3, "error": "ParseError: no GRAFFITI/VANDALISM/FORGOTTEN OBJECT line in reply"}
{"t": "2026-07-14T09:05:49+00:00", "event": "frame_done", "index": 3, "frame_id": "f0150", "status": "failed", "anomaly": null, "n_detections": 0, "attempts": 3, "seconds": 6.48}
{"t": "2026-07-14T09:05:53+00:00", "event": "frame_retry", "index": 4, "frame": "/home/student/Documents/ARSI-private/data/app/videos/20260714-101824-e8b4a8/frames/f0200.jpg", "attempt": 1, "error": "ParseError: no GRAFFITI/VANDALISM/FORGOTTEN OBJECT line in reply"}
{"t": "2026-07-14T09:05:54+00:00", "event": "frame_retry", "index": 4, "frame": "/home/student/Documents/ARSI-private/data/app/videos/20260714-101824-e8b4a8/frames/f0200.jpg", "attempt": 2, "error": "ParseError: no GRAFFITI/VANDALISM/FORGOTTEN OBJECT line in reply"}
{"t": "2026-07-14T09:05:56+00:00", "event": "frame_retry", "index": 4, "frame": "/home/student/Documents/ARSI-private/data/app/videos/20260714-101824-e8b4a8/frames/f0200.jpg", "attempt": 3, "error": "ParseError: no GRAFFITI/VANDALISM/FORGOTTEN OBJECT line in reply"}
{"t": "2026-07-14T09:05:56+00:00", "event": "frame_done", "index": 4, "frame_id": "f0200", "status": "failed", "anomaly": null, "n_detections": 0, "attempts": 3, "seconds": 7.23}
{"t": "2026-07-14T09:06:00+00:00", "event": "frame_done", "index": 5, "frame_id": "f0250", "status": "ok", "anomaly": true, "n_detections": 2, "attempts": 1, "seconds": 3.45}
{"t": "2026-07-14T09:06:04+00:00", "event": "frame_retry", "index": 6, "frame": "/home/student/Documents/ARSI-private/data/app/videos/20260714-101824-e8b4a8/frames/f0300.jpg", "attempt": 1, "error": "ParseError: no GRAFFITI/VANDALISM/FORGOTTEN OBJECT line in reply"}
{"t": "2026-07-14T09:06:05+00:00", "event": "frame_retry", "index": 6, "frame": "/home/student/Documents/ARSI-private/data/app/videos/20260714-101824-e8b4a8/frames/f0300.jpg", "attempt": 2, "error": "ParseError: no GRAFFITI/VANDALISM/FORGOTTEN OBJECT line in reply"}
{"t": "2026-07-14T09:06:07+00:00", "event": "frame_retry", "index": 6, "frame": "/home/student/Documents/ARSI-private/data/app/videos/20260714-101824-e8b4a8/frames/f0300.jpg", "attempt": 3, "error": "ParseError: no GRAFFITI/VANDALISM/FORGOTTEN OBJECT line in reply"}
{"t": "2026-07-14T09:06:07+00:00", "event": "frame_done", "index": 6, "frame_id": "f0300", "status": "failed", "anomaly": null, "n_detections": 0, "attempts": 3, "seconds": 7.21}
{"t": "2026-07-14T09:06:10+00:00", "event": "frame_done", "index": 7, "frame_id": "f0350", "status": "ok", "anomaly": true, "n_detections": 2, "attempts": 1, "seconds": 3.47}
{"t": "2026-07-14T09:06:14+00:00", "event": "frame_done", "index": 8, "frame_id": "f0400", "status": "ok", "anomaly": true, "n_detections": 2, "attempts": 1, "seconds": 3.34}
{"t": "2026-07-14T09:06:18+00:00", "event": "frame_retry", "index": 9, "frame": "/home/student/Documents/ARSI-private/data/app/videos/20260714-101824-e8b4a8/frames/f0450.jpg", "attempt": 1, "error": "ParseError: no GRAFFITI/VANDALISM/FORGOTTEN OBJECT line in reply"}
{"t": "2026-07-14T09:06:19+00:00", "event": "frame_retry", "index": 9, "frame": "/home/student/Documents/ARSI-private/data/app/videos/20260714-101824-e8b4a8/frames/f0450.jpg", "attempt": 2, "error": "ParseError: no GRAFFITI/VANDALISM/FORGOTTEN OBJECT line in reply"}
{"t": "2026-07-14T09:06:21+00:00", "event": "frame_retry", "index": 9, "frame": "/home/student/Documents/ARSI-private/data/app/videos/20260714-101824-e8b4a8/frames/f0450.jpg", "attempt": 3, "error": "ParseError: no GRAFFITI/VANDALISM/FORGOTTEN OBJECT line in reply"}
{"t": "2026-07-14T09:06:21+00:00", "event": "frame_done", "index": 9, "frame_id": "f0450", "status": "failed", "anomaly": null, "n_detections": 0, "attempts": 3, "seconds": 7.42}
{"t": "2026-07-14T09:06:25+00:00", "event": "frame_retry", "index": 10, "frame": "/home/student/Documents/ARSI-private/data/app/videos/20260714-101824-e8b4a8/frames/f0500.jpg", "attempt": 1, "error": "ParseError: no GRAFFITI/VANDALISM/FORGOTTEN OBJECT line in reply"}
{"t": "2026-07-14T09:06:27+00:00", "event": "frame_retry", "index": 10, "frame": "/home/student/Documents/ARSI-private/data/app/videos/20260714-101824-e8b4a8/frames/f0500.jpg", "attempt": 2, "error": "ParseError: no GRAFFITI/VANDALISM/FORGOTTEN OBJECT line in reply"}
{"t": "2026-07-14T09:06:28+00:00", "event": "frame_retry", "index": 10, "frame": "/home/student/Documents/ARSI-private/data/app/videos/20260714-101824-e8b4a8/frames/f0500.jpg", "attempt": 3, "error": "ParseError: no GRAFFITI/VANDALISM/FORGOTTEN OBJECT line in reply"}
{"t": "2026-07-14T09:06:28+00:00", "event": "frame_done", "index": 10, "frame_id": "f0500", "status": "failed", "anomaly": null, "n_detections": 0, "attempts": 3, "seconds": 7.07}
{"t": "2026-07-14T09:06:32+00:00", "event": "frame_retry", "index": 11, "frame": "/home/student/Documents/ARSI-private/data/app/videos/20260714-101824-e8b4a8/frames/f0550.jpg", "attempt": 1, "error": "ParseError: no GRAFFITI/VANDALISM/FORGOTTEN OBJECT line in reply"}
{"t": "2026-07-14T09:06:34+00:00", "event": "frame_retry", "index": 11, "frame": "/home/student/Documents/ARSI-private/data/app/videos/20260714-101824-e8b4a8/frames/f0550.jpg", "attempt": 2, "error": "ParseError: no GRAFFITI/VANDALISM/FORGOTTEN OBJECT line in reply"}
{"t": "2026-07-14T09:06:36+00:00", "event": "frame_retry", "index": 11, "frame": "/home/student/Documents/ARSI-private/data/app/videos/20260714-101824-e8b4a8/frames/f0550.jpg", "attempt": 3, "error": "ParseError: no GRAFFITI/VANDALISM/FORGOTTEN OBJECT line in reply"}
{"t": "2026-07-14T09:06:36+00:00", "event": "frame_done", "index": 11, "frame_id": "f0550", "status": "failed", "anomaly": null, "n_detections": 0, "attempts": 3, "seconds": 7.33}
{"t": "2026-07-14T09:06:39+00:00", "event": "frame_retry", "index": 12, "frame": "/home/student/Documents/ARSI-private/data/app/videos/20260714-101824-e8b4a8/frames/f0600.jpg", "attempt": 1, "error": "ParseError: no GRAFFITI/VANDALISM/FORGOTTEN OBJECT line in reply"}
{"t": "2026-07-14T09:06:41+00:00", "event": "frame_retry", "index": 12, "frame": "/home/student/Documents/ARSI-private/data/app/videos/20260714-101824-e8b4a8/frames/f0600.jpg", "attempt": 2, "error": "ParseError: no GRAFFITI/VANDALISM/FORGOTTEN OBJECT line in reply"}
{"t": "2026-07-14T09:06:43+00:00", "event": "frame_retry", "index": 12, "frame": "/home/student/Documents/ARSI-private/data/app/videos/20260714-101824-e8b4a8/frames/f0600.jpg", "attempt": 3, "error": "ParseError: no GRAFFITI/VANDALISM/FORGOTTEN OBJECT line in reply"}
{"t": "2026-07-14T09:06:43+00:00", "event": "frame_done", "index": 12, "frame_id": "f0600", "status": "failed", "anomaly": null, "n_detections": 0, "attempts": 3, "seconds": 7.31}
{"t": "2026-07-14T09:06:47+00:00", "event": "frame_retry", "index": 13, "frame": "/home/student/Documents/ARSI-private/data/app/videos/20260714-101824-e8b4a8/frames/f0650.jpg", "attempt": 1, "error": "ParseError: no GRAFFITI/VANDALISM/FORGOTTEN OBJECT line in reply"}
{"t": "2026-07-14T09:06:49+00:00", "event": "frame_retry", "index": 13, "frame": "/home/student/Documents/ARSI-private/data/app/videos/20260714-101824-e8b4a8/frames/f0650.jpg", "attempt": 2, "error": "ParseError: no GRAFFITI/VANDALISM/FORGOTTEN OBJECT line in reply"}
{"t": "2026-07-14T09:06:50+00:00", "event": "frame_retry", "index": 13, "frame": "/home/student/Documents/ARSI-private/data/app/videos/20260714-101824-e8b4a8/frames/f0650.jpg", "attempt": 3, "error": "ParseError: no GRAFFITI/VANDALISM/FORGOTTEN OBJECT line in reply"}
{"t": "2026-07-14T09:06:50+00:00", "event": "frame_done", "index": 13, "frame_id": "f0650", "status": "failed", "anomaly": null, "n_detections": 0, "attempts": 3, "seconds": 7.34}
{"t": "2026-07-14T09:06:54+00:00", "event": "frame_retry", "index": 14, "frame": "/home/student/Documents/ARSI-private/data/app/videos/20260714-101824-e8b4a8/frames/f0700.jpg", "attempt": 1, "error": "ParseError: no GRAFFITI/VANDALISM/FORGOTTEN OBJECT line in reply"}
{"t": "2026-07-14T09:06:55+00:00", "event": "frame_retry", "index": 14, "frame": "/home/student/Documents/ARSI-private/data/app/videos/20260714-101824-e8b4a8/frames/f0700.jpg", "attempt": 2, "error": "ParseError: no GRAFFITI/VANDALISM/FORGOTTEN OBJECT line in reply"}
{"t": "2026-07-14T09:06:57+00:00", "event": "frame_retry", "index": 14, "frame": "/home/student/Documents/ARSI-private/data/app/videos/20260714-101824-e8b4a8/frames/f0700.jpg", "attempt": 3, "error": "ParseError: no GRAFFITI/VANDALISM/FORGOTTEN OBJECT line in reply"}
{"t": "2026-07-14T09:06:57+00:00", "event": "frame_done", "index": 14, "frame_id": "f0700", "status": "failed", "anomaly": null, "n_detections": 0, "attempts": 3, "seconds": 6.79}
{"t": "2026-07-14T09:07:01+00:00", "event": "frame_retry", "index": 15, "frame": "/home/student/Documents/ARSI-private/data/app/videos/20260714-101824-e8b4a8/frames/f0750.jpg", "attempt": 1, "error": "ParseError: no GRAFFITI/VANDALISM/FORGOTTEN OBJECT line in reply"}
{"t": "2026-07-14T09:07:02+00:00", "event": "frame_retry", "index": 15, "frame": "/home/student/Documents/ARSI-private/data/app/videos/20260714-101824-e8b4a8/frames/f0750.jpg", "attempt": 2, "error": "ParseError: no GRAFFITI/VANDALISM/FORGOTTEN OBJECT line in reply"}
{"t": "2026-07-14T09:07:04+00:00", "event": "frame_retry", "index": 15, "frame": "/home/student/Documents/ARSI-private/data/app/videos/20260714-101824-e8b4a8/frames/f0750.jpg", "attempt": 3, "error": "ParseError: no GRAFFITI/VANDALISM/FORGOTTEN OBJECT line in reply"}
{"t": "2026-07-14T09:07:04+00:00", "event": "frame_done", "index": 15, "frame_id": "f0750", "status": "failed", "anomaly": null, "n_detections": 0, "attempts": 3, "seconds": 6.98}
{"t": "2026-07-14T09:07:07+00:00", "event": "frame_done", "index": 16, "frame_id": "f0800", "status": "ok", "anomaly": true, "n_detections": 2, "attempts": 1, "seconds": 3.18}
{"t": "2026-07-14T09:07:11+00:00", "event": "frame_retry", "index": 17, "frame": "/home/student/Documents/ARSI-private/data/app/videos/20260714-101824-e8b4a8/frames/f0850.jpg", "attempt": 1, "error": "ParseError: no GRAFFITI/VANDALISM/FORGOTTEN OBJECT line in reply"}
{"t": "2026-07-14T09:07:13+00:00", "event": "frame_retry", "index": 17, "frame": "/home/student/Documents/ARSI-private/data/app/videos/20260714-101824-e8b4a8/frames/f0850.jpg", "attempt": 2, "error": "ParseError: no GRAFFITI/VANDALISM/FORGOTTEN OBJECT line in reply"}
{"t": "2026-07-14T09:07:14+00:00", "event": "frame_retry", "index": 17, "frame": "/home/student/Documents/ARSI-private/data/app/videos/20260714-101824-e8b4a8/frames/f0850.jpg", "attempt": 3, "error": "ParseError: no GRAFFITI/VANDALISM/FORGOTTEN OBJECT line in reply"}
{"t": "2026-07-14T09:07:14+00:00", "event": "frame_done", "index": 17, "frame_id": "f0850", "status": "failed", "anomaly": null, "n_detections": 0, "attempts": 3, "seconds": 7.12}
{"t": "2026-07-14T09:07:18+00:00", "event": "frame_retry", "index": 18, "frame": "/home/student/Documents/ARSI-private/data/app/videos/20260714-101824-e8b4a8/frames/f0900.jpg", "attempt": 1, "error": "ParseError: no GRAFFITI/VANDALISM/FORGOTTEN OBJECT line in reply"}
{"t": "2026-07-14T09:07:20+00:00", "event": "frame_retry", "index": 18, "frame": "/home/student/Documents/ARSI-private/data/app/videos/20260714-101824-e8b4a8/frames/f0900.jpg", "attempt": 2, "error": "ParseError: no GRAFFITI/VANDALISM/FORGOTTEN OBJECT line in reply"}
{"t": "2026-07-14T09:07:22+00:00", "event": "frame_retry", "index": 18, "frame": "/home/student/Documents/ARSI-private/data/app/videos/20260714-101824-e8b4a8/frames/f0900.jpg", "attempt": 3, "error": "ParseError: no GRAFFITI/VANDALISM/FORGOTTEN OBJECT line in reply"}
{"t": "2026-07-14T09:07:22+00:00", "event": "frame_done", "index": 18, "frame_id": "f0900", "status": "failed", "anomaly": null, "n_detections": 0, "attempts": 3, "seconds": 7.43}
{"t": "2026-07-14T09:07:25+00:00", "event": "frame_retry", "index": 19, "frame": "/home/student/Documents/ARSI-private/data/app/videos/20260714-101824-e8b4a8/frames/f0950.jpg", "attempt": 1, "error": "ParseError: no GRAFFITI/VANDALISM/FORGOTTEN OBJECT line in reply"}
{"t": "2026-07-14T09:07:27+00:00", "event": "frame_retry", "index": 19, "frame": "/home/student/Documents/ARSI-private/data/app/videos/20260714-101824-e8b4a8/frames/f0950.jpg", "attempt": 2, "error": "ParseError: no GRAFFITI/VANDALISM/FORGOTTEN OBJECT line in reply"}
{"t": "2026-07-14T09:07:29+00:00", "event": "frame_retry", "index": 19, "frame": "/home/student/Documents/ARSI-private/data/app/videos/20260714-101824-e8b4a8/frames/f0950.jpg", "attempt": 3, "error": "ParseError: no GRAFFITI/VANDALISM/FORGOTTEN OBJECT line in reply"}
{"t": "2026-07-14T09:07:29+00:00", "event": "frame_done", "index": 19, "frame_id": "f0950", "status": "failed", "anomaly": null, "n_detections": 0, "attempts": 3, "seconds": 7.13}
{"t": "2026-07-14T09:07:33+00:00", "event": "frame_retry", "index": 20, "frame": "/home/student/Documents/ARSI-private/data/app/videos/20260714-101824-e8b4a8/frames/f1000.jpg", "attempt": 1, "error": "ParseError: no GRAFFITI/VANDALISM/FORGOTTEN OBJECT line in reply"}
{"t": "2026-07-14T09:07:34+00:00", "event": "frame_retry", "index": 20, "frame": "/home/student/Documents/ARSI-private/data/app/videos/20260714-101824-e8b4a8/frames/f1000.jpg", "attempt": 2, "error": "ParseError: no GRAFFITI/VANDALISM/FORGOTTEN OBJECT line in reply"}
{"t": "2026-07-14T09:07:36+00:00", "event": "frame_retry", "index": 20, "frame": "/home/student/Documents/ARSI-private/data/app/videos/20260714-101824-e8b4a8/frames/f1000.jpg", "attempt": 3, "error": "ParseError: no GRAFFITI/VANDALISM/FORGOTTEN OBJECT line in reply"}
{"t": "2026-07-14T09:07:36+00:00", "event": "frame_done", "index": 20, "frame_id": "f1000", "status": "failed", "anomaly": null, "n_detections": 0, "attempts": 3, "seconds": 7.25}
{"t": "2026-07-14T09:07:40+00:00", "event": "frame_retry", "index": 21, "frame": "/home/student/Documents/ARSI-private/data/app/videos/20260714-101824-e8b4a8/frames/f1050.jpg", "attempt": 1, "error": "ParseError: no GRAFFITI/VANDALISM/FORGOTTEN OBJECT line in reply"}
{"t": "2026-07-14T09:07:42+00:00", "event": "frame_retry", "index": 21, "frame": "/home/student/Documents/ARSI-private/data/app/videos/20260714-101824-e8b4a8/frames/f1050.jpg", "attempt": 2, "error": "ParseError: no GRAFFITI/VANDALISM/FORGOTTEN OBJECT line in reply"}
{"t": "2026-07-14T09:07:44+00:00", "event": "frame_retry", "index": 21, "frame": "/home/student/Documents/ARSI-private/data/app/videos/20260714-101824-e8b4a8/frames/f1050.jpg", "attempt": 3, "error": "ParseError: no GRAFFITI/VANDALISM/FORGOTTEN OBJECT line in reply"}
{"t": "2026-07-14T09:07:44+00:00", "event": "frame_done", "index": 21, "frame_id": "f1050", "status": "failed", "anomaly": null, "n_detections": 0, "attempts": 3, "seconds": 7.44}
{"t": "2026-07-14T09:07:47+00:00", "event": "frame_done", "index": 22, "frame_id": "f1100", "status": "ok", "anomaly": true, "n_detections": 2, "attempts": 1, "seconds": 3.56}
{"t": "2026-07-14T09:07:51+00:00", "event": "frame_retry", "index": 23, "frame": "/home/student/Documents/ARSI-private/data/app/videos/20260714-101824-e8b4a8/frames/f1150.jpg", "attempt": 1, "error": "ParseError: no GRAFFITI/VANDALISM/FORGOTTEN OBJECT line in reply"}
{"t": "2026-07-14T09:07:53+00:00", "event": "frame_retry", "index": 23, "frame": "/home/student/Documents/ARSI-private/data/app/videos/20260714-101824-e8b4a8/frames/f1150.jpg", "attempt": 2, "error": "ParseError: no GRAFFITI/VANDALISM/FORGOTTEN OBJECT line in reply"}
{"t": "2026-07-14T09:07:55+00:00", "event": "frame_retry", "index": 23, "frame": "/home/student/Documents/ARSI-private/data/app/videos/20260714-101824-e8b4a8/frames/f1150.jpg", "attempt": 3, "error": "ParseError: no GRAFFITI/VANDALISM/FORGOTTEN OBJECT line in reply"}
{"t": "2026-07-14T09:07:55+00:00", "event": "frame_done", "index": 23, "frame_id": "f1150", "status": "failed", "anomaly": null, "n_detections": 0, "attempts": 3, "seconds": 7.35}
{"t": "2026-07-14T09:07:58+00:00", "event": "frame_retry", "index": 24, "frame": "/home/student/Documents/ARSI-private/data/app/videos/20260714-101824-e8b4a8/frames/f1200.jpg", "attempt": 1, "error": "ParseError: no GRAFFITI/VANDALISM/FORGOTTEN OBJECT line in reply"}
{"t": "2026-07-14T09:08:00+00:00", "event": "frame_retry", "index": 24, "frame": "/home/student/Documents/ARSI-private/data/app/videos/20260714-101824-e8b4a8/frames/f1200.jpg", "attempt": 2, "error": "ParseError: no GRAFFITI/VANDALISM/FORGOTTEN OBJECT line in reply"}
{"t": "2026-07-14T09:08:02+00:00", "event": "frame_retry", "index": 24, "frame": "/home/student/Documents/ARSI-private/data/app/videos/20260714-101824-e8b4a8/frames/f1200.jpg", "attempt": 3, "error": "ParseError: no GRAFFITI/VANDALISM/FORGOTTEN OBJECT line in reply"}
{"t": "2026-07-14T09:08:02+00:00", "event": "frame_done", "index": 24, "frame_id": "f1200", "status": "failed", "anomaly": null, "n_detections": 0, "attempts": 3, "seconds": 7.43}
{"t": "2026-07-14T09:08:06+00:00", "event": "frame_retry", "index": 25, "frame": "/home/student/Documents/ARSI-private/data/app/videos/20260714-101824-e8b4a8/frames/f1250.jpg", "attempt": 1, "error": "ParseError: no GRAFFITI/VANDALISM/FORGOTTEN OBJECT line in reply"}
{"t": "2026-07-14T09:08:07+00:00", "event": "frame_retry", "index": 25, "frame": "/home/student/Documents/ARSI-private/data/app/videos/20260714-101824-e8b4a8/frames/f1250.jpg", "attempt": 2, "error": "ParseError: no GRAFFITI/VANDALISM/FORGOTTEN OBJECT line in reply"}
{"t": "2026-07-14T09:08:09+00:00", "event": "frame_retry", "index": 25, "frame": "/home/student/Documents/ARSI-private/data/app/videos/20260714-101824-e8b4a8/frames/f1250.jpg", "attempt": 3, "error": "ParseError: no GRAFFITI/VANDALISM/FORGOTTEN OBJECT line in reply"}
{"t": "2026-07-14T09:08:09+00:00", "event": "frame_done", "index": 25, "frame_id": "f1250", "status": "failed", "anomaly": null, "n_detections": 0, "attempts": 3, "seconds": 7.29}
{"t": "2026-07-14T09:08:13+00:00", "event": "frame_done", "index": 26, "frame_id": "f1300", "status": "ok", "anomaly": true, "n_detections": 2, "attempts": 1, "seconds": 3.62}
{"t": "2026-07-14T09:08:16+00:00", "event": "frame_retry", "index": 27, "frame": "/home/student/Documents/ARSI-private/data/app/videos/20260714-101824-e8b4a8/frames/f1350.jpg", "attempt": 1, "error": "ParseError: no GRAFFITI/VANDALISM/FORGOTTEN OBJECT line in reply"}
{"t": "2026-07-14T09:08:18+00:00", "event": "frame_retry", "index": 27, "frame": "/home/student/Documents/ARSI-private/data/app/videos/20260714-101824-e8b4a8/frames/f1350.jpg", "attempt": 2, "error": "ParseError: no GRAFFITI/VANDALISM/FORGOTTEN OBJECT line in reply"}
{"t": "2026-07-14T09:08:20+00:00", "event": "frame_retry", "index": 27, "frame": "/home/student/Documents/ARSI-private/data/app/videos/20260714-101824-e8b4a8/frames/f1350.jpg", "attempt": 3, "error": "ParseError: no GRAFFITI/VANDALISM/FORGOTTEN OBJECT line in reply"}
{"t": "2026-07-14T09:08:20+00:00", "event": "frame_done", "index": 27, "frame_id": "f1350", "status": "failed", "anomaly": null, "n_detections": 0, "attempts": 3, "seconds": 7.34}
{"t": "2026-07-14T09:08:24+00:00", "event": "frame_retry", "index": 28, "frame": "/home/student/Documents/ARSI-private/data/app/videos/20260714-101824-e8b4a8/frames/f1400.jpg", "attempt": 1, "error": "ParseError: no GRAFFITI/VANDALISM/FORGOTTEN OBJECT line in reply"}
{"t": "2026-07-14T09:08:26+00:00", "event": "frame_retry", "index": 28, "frame": "/home/student/Documents/ARSI-private/data/app/videos/20260714-101824-e8b4a8/frames/f1400.jpg", "attempt": 2, "error": "ParseError: no GRAFFITI/VANDALISM/FORGOTTEN OBJECT line in reply"}
{"t": "2026-07-14T09:08:27+00:00", "event": "frame_retry", "index": 28, "frame": "/home/student/Documents/ARSI-private/data/app/videos/20260714-101824-e8b4a8/frames/f1400.jpg", "attempt": 3, "error": "ParseError: no GRAFFITI/VANDALISM/FORGOTTEN OBJECT line in reply"}
{"t": "2026-07-14T09:08:27+00:00", "event": "frame_done", "index": 28, "frame_id": "f1400", "status": "failed", "anomaly": null, "n_detections": 0, "attempts": 3, "seconds": 7.13}
{"t": "2026-07-14T09:08:31+00:00", "event": "frame_retry", "index": 29, "frame": "/home/student/Documents/ARSI-private/data/app/videos/20260714-101824-e8b4a8/frames/f1450.jpg", "attempt": 1, "error": "ParseError: no GRAFFITI/VANDALISM/FORGOTTEN OBJECT line in reply"}
{"t": "2026-07-14T09:08:33+00:00", "event": "frame_retry", "index": 29, "frame": "/home/student/Documents/ARSI-private/data/app/videos/20260714-101824-e8b4a8/frames/f1450.jpg", "attempt": 2, "error": "ParseError: no GRAFFITI/VANDALISM/FORGOTTEN OBJECT line in reply"}
{"t": "2026-07-14T09:08:35+00:00", "event": "frame_retry", "index": 29, "frame": "/home/student/Documents/ARSI-private/data/app/videos/20260714-101824-e8b4a8/frames/f1450.jpg", "attempt": 3, "error": "ParseError: no GRAFFITI/VANDALISM/FORGOTTEN OBJECT line in reply"}
{"t": "2026-07-14T09:08:35+00:00", "event": "frame_done", "index": 29, "frame_id": "f1450", "status": "failed", "anomaly": null, "n_detections": 0, "attempts": 3, "seconds": 7.6}
{"t": "2026-07-14T09:08:39+00:00", "event": "frame_retry", "index": 30, "frame": "/home/student/Documents/ARSI-private/data/app/videos/20260714-101824-e8b4a8/frames/f1500.jpg", "attempt": 1, "error": "ParseError: no GRAFFITI/VANDALISM/FORGOTTEN OBJECT line in reply"}
{"t": "2026-07-14T09:08:40+00:00", "event": "frame_retry", "index": 30, "frame": "/home/student/Documents/ARSI-private/data/app/videos/20260714-101824-e8b4a8/frames/f1500.jpg", "attempt": 2, "error": "ParseError: no GRAFFITI/VANDALISM/FORGOTTEN OBJECT line in reply"}
{"t": "2026-07-14T09:08:42+00:00", "event": "frame_retry", "index": 30, "frame": "/home/student/Documents/ARSI-private/data/app/videos/20260714-101824-e8b4a8/frames/f1500.jpg", "attempt": 3, "error": "ParseError: no GRAFFITI/VANDALISM/FORGOTTEN OBJECT line in reply"}
{"t": "2026-07-14T09:08:42+00:00", "event": "frame_done", "index": 30, "frame_id": "f1500", "status": "failed", "anomaly": null, "n_detections": 0, "attempts": 3, "seconds": 7.29}
{"t": "2026-07-14T09:08:46+00:00", "event": "frame_retry", "index": 31, "frame": "/home/student/Documents/ARSI-private/data/app/videos/20260714-101824-e8b4a8/frames/f1550.jpg", "attempt": 1, "error": "ParseError: no GRAFFITI/VANDALISM/FORGOTTEN OBJECT line in reply"}
{"t": "2026-07-14T09:08:48+00:00", "event": "frame_retry", "index": 31, "frame": "/home/student/Documents/ARSI-private/data/app/videos/20260714-101824-e8b4a8/frames/f1550.jpg", "attempt": 2, "error": "ParseError: no GRAFFITI/VANDALISM/FORGOTTEN OBJECT line in reply"}
{"t": "2026-07-14T09:08:49+00:00", "event": "frame_retry", "index": 31, "frame": "/home/student/Documents/ARSI-private/data/app/videos/20260714-101824-e8b4a8/frames/f1550.jpg", "attempt": 3, "error": "ParseError: no GRAFFITI/VANDALISM/FORGOTTEN OBJECT line in reply"}
{"t": "2026-07-14T09:08:49+00:00", "event": "frame_done", "index": 31, "frame_id": "f1550", "status": "failed", "anomaly": null, "n_detections": 0, "attempts": 3, "seconds": 7.01}
{"t": "2026-07-14T09:08:53+00:00", "event": "frame_done", "index": 32, "frame_id": "f1600", "status": "ok", "anomaly": true, "n_detections": 2, "attempts": 1, "seconds": 3.61}
{"t": "2026-07-14T09:08:56+00:00", "event": "frame_done", "index": 33, "frame_id": "f1650", "status": "ok", "anomaly": true, "n_detections": 2, "attempts": 1, "seconds": 3.53}
{"t": "2026-07-14T09:09:00+00:00", "event": "frame_done", "index": 34, "frame_id": "f1700", "status": "ok", "anomaly": true, "n_detections": 2, "attempts": 1, "seconds": 3.66}
{"t": "2026-07-14T09:09:04+00:00", "event": "frame_done", "index": 35, "frame_id": "f1750", "status": "ok", "anomaly": true, "n_detections": 3, "attempts": 1, "seconds": 3.66}
{"t": "2026-07-14T09:09:07+00:00", "event": "frame_done", "index": 36, "frame_id": "f1800", "status": "ok", "anomaly": true, "n_detections": 2, "attempts": 1, "seconds": 3.57}
{"t": "2026-07-14T09:09:11+00:00", "event": "frame_done", "index": 37, "frame_id": "f1850", "status": "ok", "anomaly": true, "n_detections": 2, "attempts": 1, "seconds": 3.62}
{"t": "2026-07-14T09:09:15+00:00", "event": "frame_retry", "index": 38, "frame": "/home/student/Documents/ARSI-private/data/app/videos/20260714-101824-e8b4a8/frames/f1900.jpg", "attempt": 1, "error": "ParseError: no GRAFFITI/VANDALISM/FORGOTTEN OBJECT line in reply"}
{"t": "2026-07-14T09:09:16+00:00", "event": "frame_retry", "index": 38, "frame": "/home/student/Documents/ARSI-private/data/app/videos/20260714-101824-e8b4a8/frames/f1900.jpg", "attempt": 2, "error": "ParseError: no GRAFFITI/VANDALISM/FORGOTTEN OBJECT line in reply"}
{"t": "2026-07-14T09:09:18+00:00", "event": "frame_retry", "index": 38, "frame": "/home/student/Documents/ARSI-private/data/app/videos/20260714-101824-e8b4a8/frames/f1900.jpg", "attempt": 3, "error": "ParseError: no GRAFFITI/VANDALISM/FORGOTTEN OBJECT line in reply"}
{"t": "2026-07-14T09:09:18+00:00", "event": "frame_done", "index": 38, "frame_id": "f1900", "status": "failed", "anomaly": null, "n_detections": 0, "attempts": 3, "seconds": 7.32}
{"t": "2026-07-14T09:09:22+00:00", "event": "frame_retry", "index": 39, "frame": "/home/student/Documents/ARSI-private/data/app/videos/20260714-101824-e8b4a8/frames/f1950.jpg", "attempt": 1, "error": "ParseError: no GRAFFITI/VANDALISM/FORGOTTEN OBJECT line in reply"}
{"t": "2026-07-14T09:09:24+00:00", "event": "frame_retry", "index": 39, "frame": "/home/student/Documents/ARSI-private/data/app/videos/20260714-101824-e8b4a8/frames/f1950.jpg", "attempt": 2, "error": "ParseError: no GRAFFITI/VANDALISM/FORGOTTEN OBJECT line in reply"}
{"t": "2026-07-14T09:09:25+00:00", "event": "frame_retry", "index": 39, "frame": "/home/student/Documents/ARSI-private/data/app/videos/20260714-101824-e8b4a8/frames/f1950.jpg", "attempt": 3, "error": "ParseError: no GRAFFITI/VANDALISM/FORGOTTEN OBJECT line in reply"}
{"t": "2026-07-14T09:09:25+00:00", "event": "frame_done", "index": 39, "frame_id": "f1950", "status": "failed", "anomaly": null, "n_detections": 0, "attempts": 3, "seconds": 7.05}
{"t": "2026-07-14T09:09:29+00:00", "event": "frame_done", "index": 40, "frame_id": "f2000", "status": "ok", "anomaly": true, "n_detections": 2, "attempts": 1, "seconds": 3.48}
{"t": "2026-07-14T09:09:32+00:00", "event": "frame_done", "index": 41, "frame_id": "f2050", "status": "ok", "anomaly": true, "n_detections": 1, "attempts": 1, "seconds": 2.97}
{"t": "2026-07-14T09:09:35+00:00", "event": "frame_retry", "index": 42, "frame": "/home/student/Documents/ARSI-private/data/app/videos/20260714-101824-e8b4a8/frames/f2100.jpg", "attempt": 1, "error": "ParseError: no GRAFFITI/VANDALISM/FORGOTTEN OBJECT line in reply"}
{"t": "2026-07-14T09:09:37+00:00", "event": "frame_retry", "index": 42, "frame": "/home/student/Documents/ARSI-private/data/app/videos/20260714-101824-e8b4a8/frames/f2100.jpg", "attempt": 2, "error": "ParseError: no GRAFFITI/VANDALISM/FORGOTTEN OBJECT line in reply"}
{"t": "2026-07-14T09:09:39+00:00", "event": "frame_retry", "index": 42, "frame": "/home/student/Documents/ARSI-private/data/app/videos/20260714-101824-e8b4a8/frames/f2100.jpg", "attempt": 3, "error": "ParseError: no GRAFFITI/VANDALISM/FORGOTTEN OBJECT line in reply"}
{"t": "2026-07-14T09:09:39+00:00", "event": "frame_done", "index": 42, "frame_id": "f2100", "status": "failed", "anomaly": null, "n_detections": 0, "attempts": 3, "seconds": 7.1}
{"t": "2026-07-14T09:09:43+00:00", "event": "frame_retry", "index": 43, "frame": "/home/student/Documents/ARSI-private/data/app/videos/20260714-101824-e8b4a8/frames/f2150.jpg", "attempt": 1, "error": "ParseError: no GRAFFITI/VANDALISM/FORGOTTEN OBJECT line in reply"}
{"t": "2026-07-14T09:09:45+00:00", "event": "frame_retry", "index": 43, "frame": "/home/student/Documents/ARSI-private/data/app/videos/20260714-101824-e8b4a8/frames/f2150.jpg", "attempt": 2, "error": "ParseError: no GRAFFITI/VANDALISM/FORGOTTEN OBJECT line in reply"}
{"t": "2026-07-14T09:09:47+00:00", "event": "frame_retry", "index": 43, "frame": "/home/student/Documents/ARSI-private/data/app/videos/20260714-101824-e8b4a8/frames/f2150.jpg", "attempt": 3, "error": "ParseError: no GRAFFITI/VANDALISM/FORGOTTEN OBJECT line in reply"}
{"t": "2026-07-14T09:09:47+00:00", "event": "frame_done", "index": 43, "frame_id": "f2150", "status": "failed", "anomaly": null, "n_detections": 0, "attempts": 3, "seconds": 7.71}
{"t": "2026-07-14T09:09:50+00:00", "event": "frame_retry", "index": 44, "frame": "/home/student/Documents/ARSI-private/data/app/videos/20260714-101824-e8b4a8/frames/f2200.jpg", "attempt": 1, "error": "ParseError: no GRAFFITI/VANDALISM/FORGOTTEN OBJECT line in reply"}
{"t": "2026-07-14T09:09:52+00:00", "event": "frame_retry", "index": 44, "frame": "/home/student/Documents/ARSI-private/data/app/videos/20260714-101824-e8b4a8/frames/f2200.jpg", "attempt": 2, "error": "ParseError: no GRAFFITI/VANDALISM/FORGOTTEN OBJECT line in reply"}
{"t": "2026-07-14T09:09:55+00:00", "event": "frame_retry", "index": 44, "frame": "/home/student/Documents/ARSI-private/data/app/videos/20260714-101824-e8b4a8/frames/f2200.jpg", "attempt": 3, "error": "ParseError: no GRAFFITI/VANDALISM/FORGOTTEN OBJECT line in reply"}
{"t": "2026-07-14T09:09:55+00:00", "event": "frame_done", "index": 44, "frame_id": "f2200", "status": "failed", "anomaly": null, "n_detections": 0, "attempts": 3, "seconds": 8.08}
{"t": "2026-07-14T09:09:58+00:00", "event": "frame_done", "index": 45, "frame_id": "f2250", "status": "ok", "anomaly": true, "n_detections": 3, "attempts": 1, "seconds": 3.76}
{"t": "2026-07-14T09:10:02+00:00", "event": "frame_retry", "index": 46, "frame": "/home/student/Documents/ARSI-private/data/app/videos/20260714-101824-e8b4a8/frames/f2300.jpg", "attempt": 1, "error": "ParseError: no GRAFFITI/VANDALISM/FORGOTTEN OBJECT line in reply"}
{"t": "2026-07-14T09:10:04+00:00", "event": "frame_retry", "index": 46, "frame": "/home/student/Documents/ARSI-private/data/app/videos/20260714-101824-e8b4a8/frames/f2300.jpg", "attempt": 2, "error": "ParseError: no GRAFFITI/VANDALISM/FORGOTTEN OBJECT line in reply"}
{"t": "2026-07-14T09:10:05+00:00", "event": "frame_retry", "index": 46, "frame": "/home/student/Documents/ARSI-private/data/app/videos/20260714-101824-e8b4a8/frames/f2300.jpg", "attempt": 3, "error": "ParseError: no GRAFFITI/VANDALISM/FORGOTTEN OBJECT line in reply"}
{"t": "2026-07-14T09:10:05+00:00", "event": "frame_done", "index": 46, "frame_id": "f2300", "status": "failed", "anomaly": null, "n_detections": 0, "attempts": 3, "seconds": 7.08}
{"t": "2026-07-14T09:10:08+00:00", "event": "frame_done", "index": 47, "frame_id": "f2350", "status": "ok", "anomaly": true, "n_detections": 1, "attempts": 1, "seconds": 2.99}
{"t": "2026-07-14T09:10:12+00:00", "event": "frame_done", "index": 48, "frame_id": "f2400", "status": "ok", "anomaly": true, "n_detections": 2, "attempts": 1, "seconds": 3.4}
{"t": "2026-07-14T09:10:15+00:00", "event": "frame_done", "index": 49, "frame_id": "f2450", "status": "ok", "anomaly": true, "n_detections": 2, "attempts": 1, "seconds": 3.46}
{"t": "2026-07-14T09:10:19+00:00", "event": "frame_done", "index": 50, "frame_id": "f2500", "status": "ok", "anomaly": true, "n_detections": 2, "attempts": 1, "seconds": 3.61}
{"t": "2026-07-14T09:10:22+00:00", "event": "frame_done", "index": 51, "frame_id": "f2550", "status": "ok", "anomaly": true, "n_detections": 2, "attempts": 1, "seconds": 3.39}
{"t": "2026-07-14T09:10:26+00:00", "event": "frame_done", "index": 52, "frame_id": "f2600", "status": "ok", "anomaly": true, "n_detections": 2, "attempts": 1, "seconds": 3.67}
{"t": "2026-07-14T09:10:30+00:00", "event": "frame_retry", "index": 53, "frame": "/home/student/Documents/ARSI-private/data/app/videos/20260714-101824-e8b4a8/frames/f2650.jpg", "attempt": 1, "error": "ParseError: no GRAFFITI/VANDALISM/FORGOTTEN OBJECT line in reply"}
{"t": "2026-07-14T09:10:31+00:00", "event": "frame_retry", "index": 53, "frame": "/home/student/Documents/ARSI-private/data/app/videos/20260714-101824-e8b4a8/frames/f2650.jpg", "attempt": 2, "error": "ParseError: no GRAFFITI/VANDALISM/FORGOTTEN OBJECT line in reply"}
{"t": "2026-07-14T09:10:33+00:00", "event": "frame_retry", "index": 53, "frame": "/home/student/Documents/ARSI-private/data/app/videos/20260714-101824-e8b4a8/frames/f2650.jpg", "attempt": 3, "error": "ParseError: no GRAFFITI/VANDALISM/FORGOTTEN OBJECT line in reply"}
{"t": "2026-07-14T09:10:33+00:00", "event": "frame_done", "index": 53, "frame_id": "f2650", "status": "failed", "anomaly": null, "n_detections": 0, "attempts": 3, "seconds": 7.05}
{"t": "2026-07-14T09:10:37+00:00", "event": "frame_retry", "index": 54, "frame": "/home/student/Documents/ARSI-private/data/app/videos/20260714-101824-e8b4a8/frames/f2700.jpg", "attempt": 1, "error": "ParseError: no GRAFFITI/VANDALISM/FORGOTTEN OBJECT line in reply"}
{"t": "2026-07-14T09:10:39+00:00", "event": "frame_retry", "index": 54, "frame": "/home/student/Documents/ARSI-private/data/app/videos/20260714-101824-e8b4a8/frames/f2700.jpg", "attempt": 2, "error": "ParseError: no GRAFFITI/VANDALISM/FORGOTTEN OBJECT line in reply"}
{"t": "2026-07-14T09:10:41+00:00", "event": "frame_retry", "index": 54, "frame": "/home/student/Documents/ARSI-private/data/app/videos/20260714-101824-e8b4a8/frames/f2700.jpg", "attempt": 3, "error": "ParseError: no GRAFFITI/VANDALISM/FORGOTTEN OBJECT line in reply"}
{"t": "2026-07-14T09:10:41+00:00", "event": "frame_done", "index": 54, "frame_id": "f2700", "status": "failed", "anomaly": null, "n_detections": 0, "attempts": 3, "seconds": 8.08}
{"t": "2026-07-14T09:10:45+00:00", "event": "frame_retry", "index": 55, "frame": "/home/student/Documents/ARSI-private/data/app/videos/20260714-101824-e8b4a8/frames/f2750.jpg", "attempt": 1, "error": "ParseError: no GRAFFITI/VANDALISM/FORGOTTEN OBJECT line in reply"}
{"t": "2026-07-14T09:10:47+00:00", "event": "frame_retry", "index": 55, "frame": "/home/student/Documents/ARSI-private/data/app/videos/20260714-101824-e8b4a8/frames/f2750.jpg", "attempt": 2, "error": "ParseError: no GRAFFITI/VANDALISM/FORGOTTEN OBJECT line in reply"}
{"t": "2026-07-14T09:10:49+00:00", "event": "frame_retry", "index": 55, "frame": "/home/student/Documents/ARSI-private/data/app/videos/20260714-101824-e8b4a8/frames/f2750.jpg", "attempt": 3, "error": "ParseError: no GRAFFITI/VANDALISM/FORGOTTEN OBJECT line in reply"}
{"t": "2026-07-14T09:10:49+00:00", "event": "frame_done", "index": 55, "frame_id": "f2750", "status": "failed", "anomaly": null, "n_detections": 0, "attempts": 3, "seconds": 7.75}
{"t": "2026-07-14T09:10:52+00:00", "event": "frame_retry", "index": 56, "frame": "/home/student/Documents/ARSI-private/data/app/videos/20260714-101824-e8b4a8/frames/f2800.jpg", "attempt": 1, "error": "ParseError: no GRAFFITI/VANDALISM/FORGOTTEN OBJECT line in reply"}
{"t": "2026-07-14T09:10:54+00:00", "event": "frame_retry", "index": 56, "frame": "/home/student/Documents/ARSI-private/data/app/videos/20260714-101824-e8b4a8/frames/f2800.jpg", "attempt": 2, "error": "ParseError: no GRAFFITI/VANDALISM/FORGOTTEN OBJECT line in reply"}
{"t": "2026-07-14T09:10:56+00:00", "event": "frame_retry", "index": 56, "frame": "/home/student/Documents/ARSI-private/data/app/videos/20260714-101824-e8b4a8/frames/f2800.jpg", "attempt": 3, "error": "ParseError: no GRAFFITI/VANDALISM/FORGOTTEN OBJECT line in reply"}
{"t": "2026-07-14T09:10:56+00:00", "event": "frame_done", "index": 56, "frame_id": "f2800", "status": "failed", "anomaly": null, "n_detections": 0, "attempts": 3, "seconds": 7.45}
{"t": "2026-07-14T09:11:00+00:00", "event": "frame_done", "index": 57, "frame_id": "f2850", "status": "ok", "anomaly": true, "n_detections": 2, "attempts": 1, "seconds": 3.54}
{"t": "2026-07-14T09:11:04+00:00", "event": "frame_retry", "index": 58, "frame": "/home/student/Documents/ARSI-private/data/app/videos/20260714-101824-e8b4a8/frames/f2900.jpg", "attempt": 1, "error": "ParseError: no GRAFFITI/VANDALISM/FORGOTTEN OBJECT line in reply"}
{"t": "2026-07-14T09:11:05+00:00", "event": "frame_retry", "index": 58, "frame": "/home/student/Documents/ARSI-private/data/app/videos/20260714-101824-e8b4a8/frames/f2900.jpg", "attempt": 2, "error": "ParseError: no GRAFFITI/VANDALISM/FORGOTTEN OBJECT line in reply"}
{"t": "2026-07-14T09:11:07+00:00", "event": "frame_retry", "index": 58, "frame": "/home/student/Documents/ARSI-private/data/app/videos/20260714-101824-e8b4a8/frames/f2900.jpg", "attempt": 3, "error": "ParseError: no GRAFFITI/VANDALISM/FORGOTTEN OBJECT line in reply"}
{"t": "2026-07-14T09:11:07+00:00", "event": "frame_done", "index": 58, "frame_id": "f2900", "status": "failed", "anomaly": null, "n_detections": 0, "attempts": 3, "seconds": 7.23}
{"t": "2026-07-14T09:11:11+00:00", "event": "frame_done", "index": 59, "frame_id": "f2950", "status": "ok", "anomaly": true, "n_detections": 2, "attempts": 1, "seconds": 3.55}
{"t": "2026-07-14T09:11:14+00:00", "event": "frame_done", "index": 60, "frame_id": "f3000", "status": "ok", "anomaly": true, "n_detections": 2, "attempts": 1, "seconds": 3.56}
{"t": "2026-07-14T09:11:18+00:00", "event": "frame_retry", "index": 61, "frame": "/home/student/Documents/ARSI-private/data/app/videos/20260714-101824-e8b4a8/frames/f3050.jpg", "attempt": 1, "error": "ParseError: no GRAFFITI/VANDALISM/FORGOTTEN OBJECT line in reply"}
{"t": "2026-07-14T09:11:20+00:00", "event": "frame_retry", "index": 61, "frame": "/home/student/Documents/ARSI-private/data/app/videos/20260714-101824-e8b4a8/frames/f3050.jpg", "attempt": 2, "error": "ParseError: no GRAFFITI/VANDALISM/FORGOTTEN OBJECT line in reply"}
{"t": "2026-07-14T09:11:22+00:00", "event": "frame_retry", "index": 61, "frame": "/home/student/Documents/ARSI-private/data/app/videos/20260714-101824-e8b4a8/frames/f3050.jpg", "attempt": 3, "error": "ParseError: no GRAFFITI/VANDALISM/FORGOTTEN OBJECT line in reply"}
{"t": "2026-07-14T09:11:22+00:00", "event": "frame_done", "index": 61, "frame_id": "f3050", "status": "failed", "anomaly": null, "n_detections": 0, "attempts": 3, "seconds": 7.93}
{"t": "2026-07-14T09:11:26+00:00", "event": "frame_retry", "index": 62, "frame": "/home/student/Documents/ARSI-private/data/app/videos/20260714-101824-e8b4a8/frames/f3100.jpg", "attempt": 1, "error": "ParseError: no GRAFFITI/VANDALISM/FORGOTTEN OBJECT line in reply"}
{"t": "2026-07-14T09:11:27+00:00", "event": "frame_retry", "index": 62, "frame": "/home/student/Documents/ARSI-private/data/app/videos/20260714-101824-e8b4a8/frames/f3100.jpg", "attempt": 2, "error": "ParseError: no GRAFFITI/VANDALISM/FORGOTTEN OBJECT line in reply"}
{"t": "2026-07-14T09:11:29+00:00", "event": "frame_retry", "index": 62, "frame": "/home/student/Documents/ARSI-private/data/app/videos/20260714-101824-e8b4a8/frames/f3100.jpg", "attempt": 3, "error": "ParseError: no GRAFFITI/VANDALISM/FORGOTTEN OBJECT line in reply"}
{"t": "2026-07-14T09:11:29+00:00", "event": "frame_done", "index": 62, "frame_id": "f3100", "status": "failed", "anomaly": null, "n_detections": 0, "attempts": 3, "seconds": 7.03}
{"t": "2026-07-14T09:11:33+00:00", "event": "frame_done", "index": 63, "frame_id": "f3150", "status": "ok", "anomaly": true, "n_detections": 2, "attempts": 1, "seconds": 3.69}
{"t": "2026-07-14T09:11:36+00:00", "event": "frame_done", "index": 64, "frame_id": "f3200", "status": "ok", "anomaly": true, "n_detections": 2, "attempts": 1, "seconds": 3.52}
{"t": "2026-07-14T09:11:40+00:00", "event": "frame_done", "index": 65, "frame_id": "f3250", "status": "ok", "anomaly": true, "n_detections": 2, "attempts": 1, "seconds": 3.53}
{"t": "2026-07-14T09:11:43+00:00", "event": "frame_retry", "index": 66, "frame": "/home/student/Documents/ARSI-private/data/app/videos/20260714-101824-e8b4a8/frames/f3300.jpg", "attempt": 1, "error": "ParseError: no GRAFFITI/VANDALISM/FORGOTTEN OBJECT line in reply"}
{"t": "2026-07-14T09:11:45+00:00", "event": "frame_retry", "index": 66, "frame": "/home/student/Documents/ARSI-private/data/app/videos/20260714-101824-e8b4a8/frames/f3300.jpg", "attempt": 2, "error": "ParseError: no GRAFFITI/VANDALISM/FORGOTTEN OBJECT line in reply"}
{"t": "2026-07-14T09:11:47+00:00", "event": "frame_retry", "index": 66, "frame": "/home/student/Documents/ARSI-private/data/app/videos/20260714-101824-e8b4a8/frames/f3300.jpg", "attempt": 3, "error": "ParseError: no GRAFFITI/VANDALISM/FORGOTTEN OBJECT line in reply"}
{"t": "2026-07-14T09:11:47+00:00", "event": "frame_done", "index": 66, "frame_id": "f3300", "status": "failed", "anomaly": null, "n_detections": 0, "attempts": 3, "seconds": 7.0}
{"t": "2026-07-14T09:11:50+00:00", "event": "frame_retry", "index": 67, "frame": "/home/student/Documents/ARSI-private/data/app/videos/20260714-101824-e8b4a8/frames/f3350.jpg", "attempt": 1, "error": "ParseError: no GRAFFITI/VANDALISM/FORGOTTEN OBJECT line in reply"}
{"t": "2026-07-14T09:11:53+00:00", "event": "frame_retry", "index": 67, "frame": "/home/student/Documents/ARSI-private/data/app/videos/20260714-101824-e8b4a8/frames/f3350.jpg", "attempt": 2, "error": "ParseError: no GRAFFITI/VANDALISM/FORGOTTEN OBJECT line in reply"}
{"t": "2026-07-14T09:11:55+00:00", "event": "frame_retry", "index": 67, "frame": "/home/student/Documents/ARSI-private/data/app/videos/20260714-101824-e8b4a8/frames/f3350.jpg", "attempt": 3, "error": "ParseError: no GRAFFITI/VANDALISM/FORGOTTEN OBJECT line in reply"}
{"t": "2026-07-14T09:11:55+00:00", "event": "frame_done", "index": 67, "frame_id": "f3350", "status": "failed", "anomaly": null, "n_detections": 0, "attempts": 3, "seconds": 7.89}
{"t": "2026-07-14T09:11:58+00:00", "event": "frame_retry", "index": 68, "frame": "/home/student/Documents/ARSI-private/data/app/videos/20260714-101824-e8b4a8/frames/f3400.jpg", "attempt": 1, "error": "ParseError: no GRAFFITI/VANDALISM/FORGOTTEN OBJECT line in reply"}
{"t": "2026-07-14T09:12:01+00:00", "event": "frame_retry", "index": 68, "frame": "/home/student/Documents/ARSI-private/data/app/videos/20260714-101824-e8b4a8/frames/f3400.jpg", "attempt": 2, "error": "ParseError: no GRAFFITI/VANDALISM/FORGOTTEN OBJECT line in reply"}
{"t": "2026-07-14T09:12:02+00:00", "event": "frame_retry", "index": 68, "frame": "/home/student/Documents/ARSI-private/data/app/videos/20260714-101824-e8b4a8/frames/f3400.jpg", "attempt": 3, "error": "ParseError: no GRAFFITI/VANDALISM/FORGOTTEN OBJECT line in reply"}
{"t": "2026-07-14T09:12:02+00:00", "event": "frame_done", "index": 68, "frame_id": "f3400", "status": "failed", "anomaly": null, "n_detections": 0, "attempts": 3, "seconds": 7.53}
{"t": "2026-07-14T09:12:06+00:00", "event": "frame_done", "index": 69, "frame_id": "f3450", "status": "ok", "anomaly": true, "n_detections": 2, "attempts": 1, "seconds": 3.52}
{"t": "2026-07-14T09:12:10+00:00", "event": "frame_retry", "index": 70, "frame": "/home/student/Documents/ARSI-private/data/app/videos/20260714-101824-e8b4a8/frames/f3500.jpg", "attempt": 1, "error": "ParseError: no GRAFFITI/VANDALISM/FORGOTTEN OBJECT line in reply"}
{"t": "2026-07-14T09:12:11+00:00", "event": "frame_retry", "index": 70, "frame": "/home/student/Documents/ARSI-private/data/app/videos/20260714-101824-e8b4a8/frames/f3500.jpg", "attempt": 2, "error": "ParseError: no GRAFFITI/VANDALISM/FORGOTTEN OBJECT line in reply"}
{"t": "2026-07-14T09:12:13+00:00", "event": "frame_retry", "index": 70, "frame": "/home/student/Documents/ARSI-private/data/app/videos/20260714-101824-e8b4a8/frames/f3500.jpg", "attempt": 3, "error": "ParseError: no GRAFFITI/VANDALISM/FORGOTTEN OBJECT line in reply"}
{"t": "2026-07-14T09:12:13+00:00", "event": "frame_done", "index": 70, "frame_id": "f3500", "status": "failed", "anomaly": null, "n_detections": 0, "attempts": 3, "seconds": 7.32}
{"t": "2026-07-14T09:12:17+00:00", "event": "frame_retry", "index": 71, "frame": "/home/student/Documents/ARSI-private/data/app/videos/20260714-101824-e8b4a8/frames/f3550.jpg", "attempt": 1, "error": "ParseError: no GRAFFITI/VANDALISM/FORGOTTEN OBJECT line in reply"}
{"t": "2026-07-14T09:12:19+00:00", "event": "frame_retry", "index": 71, "frame": "/home/student/Documents/ARSI-private/data/app/videos/20260714-101824-e8b4a8/frames/f3550.jpg", "attempt": 2, "error": "ParseError: no GRAFFITI/VANDALISM/FORGOTTEN OBJECT line in reply"}
{"t": "2026-07-14T09:12:21+00:00", "event": "frame_retry", "index": 71, "frame": "/home/student/Documents/ARSI-private/data/app/videos/20260714-101824-e8b4a8/frames/f3550.jpg", "attempt": 3, "error": "ParseError: no GRAFFITI/VANDALISM/FORGOTTEN OBJECT line in reply"}
{"t": "2026-07-14T09:12:21+00:00", "event": "frame_done", "index": 71, "frame_id": "f3550", "status": "failed", "anomaly": null, "n_detections": 0, "attempts": 3, "seconds": 7.58}
{"t": "2026-07-14T09:12:21+00:00", "event": "job_finished", "status": "completed", "n_frames": 72, "n_ok": 28, "n_anomalous": 28, "n_failed": 44, "wall_seconds": 418.34}
