{"t": "2026-07-15T08:33:46+00:00", "event": "job_started", "job_id": "20260715-103346-104cfd", "script": "vlm_05", "model": "haervwe/GLM-4.6V-Flash-9B", "n_frames": 72}
{"t": "2026-07-15T08:33:47+00:00", "event": "mask_applied", "mask": "_job_1784035029436", "hash": "3e1660abf2bf", "n_images": 73}
{"t": "2026-07-15T08:33:48+00:00", "event": "frame_done", "index": 0, "frame_id": "f0000", "status": "ok", "anomaly": false, "n_detections": 0, "attempts": 1, "seconds": 0.43}
{"t": "2026-07-15T08:33:48+00:00", "event": "frame_done", "index": 1, "frame_id": "f0050", "status": "ok", "anomaly": false, "n_detections": 0, "attempts": 1, "seconds": 0.57}
{"t": "2026-07-15T08:33:49+00:00", "event": "frame_done", "index": 2, "frame_id": "f0100", "status": "ok", "anomaly": false, "n_detections": 0, "attempts": 1, "seconds": 0.57}
{"t": "2026-07-15T08:33:49+00:00", "event": "frame_done", "index": 3, "frame_id": "f0150", "status": "ok", "anomaly": false, "n_detections": 0, "attempts": 1, "seconds": 0.59}
{"t": "2026-07-15T08:33:50+00:00", "event": "frame_done", "index": 4, "frame_id": "f0200", "status": "ok", "anomaly": true, "n_detections": 2, "attempts": 1, "seconds": 0.48}
{"t": "2026-07-15T08:33:50+00:00", "event": "frame_done", "index": 5, "frame_id": "f0250", "status": "ok", "anomaly": true, "n_detections": 2, "attempts": 1, "seconds": 0.41}
{"t": "2026-07-15T08:33:51+00:00", "event": "frame_done", "index": 6, "frame_id": "f0300", "status": "ok", "anomaly": true, "n_detections": 2, "attempts": 1, "seconds": 0.41}
{"t": "2026-07-15T08:33:51+00:00", "event": "frame_done", "index": 7, "frame_id": "f0350", "status": "ok", "anomaly": true, "n_detections": 2, "attempts": 1, "seconds": 0.41}
{"t": "2026-07-15T08:33:51+00:00", "event": "frame_done", "index": 8, "frame_id": "f0400", "status": "ok", "anomaly": true, "n_detections": 3, "attempts": 1, "seconds": 0.46}
{"t": "2026-07-15T08:33:52+00:00", "event": "frame_done", "index": 9, "frame_id": "f0450", "status": "ok", "anomaly": true, "n_detections": 1, "attempts": 1, "seconds": 0.56}
{"t": "2026-07-15T08:33:53+00:00", "event": "frame_done", "index": 10, "frame_id": "f0500", "status": "ok", "anomaly": false, "n_detections": 0, "attempts": 1, "seconds": 0.55}
{"t": "2026-07-15T08:33:53+00:00", "event": "frame_done", "index": 11, "frame_id": "f0550", "status": "ok", "anomaly": true, "n_detections": 1, "attempts": 1, "seconds": 0.59}
{"t": "2026-07-15T08:33:54+00:00", "event": "frame_done", "index": 12, "frame_id": "f0600", "status": "ok", "anomaly": true, "n_detections": 4, "attempts": 1, "seconds": 0.46}
{"t": "2026-07-15T08:33:54+00:00", "event": "frame_done", "index": 13, "frame_id": "f0650", "status": "ok", "anomaly": true, "n_detections": 3, "attempts": 1, "seconds": 0.39}
{"t": "2026-07-15T08:33:54+00:00", "event": "frame_done", "index": 14, "frame_id": "f0700", "status": "ok", "anomaly": true, "n_detections": 4, "attempts": 1, "seconds": 0.39}
{"t": "2026-07-15T08:33:55+00:00", "event": "frame_done", "index": 15, "frame_id": "f0750", "status": "ok", "anomaly": true, "n_detections": 4, "attempts": 1, "seconds": 0.39}
{"t": "2026-07-15T08:33:55+00:00", "event": "frame_done", "index": 16, "frame_id": "f0800", "status": "ok", "anomaly": true, "n_detections": 4, "attempts": 1, "seconds": 0.4}
{"t": "2026-07-15T08:33:56+00:00", "event": "frame_done", "index": 17, "frame_id": "f0850", "status": "ok", "anomaly": true, "n_detections": 4, "attempts": 1, "seconds": 0.4}
{"t": "2026-07-15T08:33:56+00:00", "event": "frame_done", "index": 18, "frame_id": "f0900", "status": "ok", "anomaly": true, "n_detections": 3, "attempts": 1, "seconds": 0.39}
{"t": "2026-07-15T08:33:56+00:00", "event": "frame_done", "index": 19, "frame_id": "f0950", "status": "ok", "anomaly": true, "n_detections": 2, "attempts": 1, "seconds": 0.47}
{"t": "2026-07-15T08:33:57+00:00", "event": "frame_done", "index": 20, "frame_id": "f1000", "status": "ok", "anomaly": true, "n_detections": 3, "attempts": 1, "seconds": 0.43}
{"t": "2026-07-15T08:33:57+00:00", "event": "frame_done", "index": 21, "frame_id": "f1050", "status": "ok", "anomaly": true, "n_detections": 1, "attempts": 1, "seconds": 0.54}
{"t": "2026-07-15T08:33:58+00:00", "event": "frame_done", "index": 22, "frame_id": "f1100", "status": "ok", "anomaly": true, "n_detections": 2, "attempts": 1, "seconds": 0.5}
{"t": "2026-07-15T08:33:58+00:00", "event": "frame_done", "index": 23, "frame_id": "f1150", "status": "ok", "anomaly": true, "n_detections": 2, "attempts": 1, "seconds": 0.55}
{"t": "2026-07-15T08:33:59+00:00", "event": "frame_done", "index": 24, "frame_id": "f1200", "status": "ok", "anomaly": true, "n_detections": 5, "attempts": 1, "seconds": 0.5}
{"t": "2026-07-15T08:33:59+00:00", "event": "frame_done", "index": 25, "frame_id": "f1250", "status": "ok", "anomaly": true, "n_detections": 6, "attempts": 1, "seconds": 0.5}
{"t": "2026-07-15T08:34:00+00:00", "event": "frame_done", "index": 26, "frame_id": "f1300", "status": "ok", "anomaly": true, "n_detections": 6, "attempts": 1, "seconds": 0.47}
{"t": "2026-07-15T08:34:00+00:00", "event": "frame_done", "index": 27, "frame_id": "f1350", "status": "ok", "anomaly": true, "n_detections": 3, "attempts": 1, "seconds": 0.4}
{"t": "2026-07-15T08:34:01+00:00", "event": "frame_done", "index": 28, "frame_id": "f1400", "status": "ok", "anomaly": true, "n_detections": 4, "attempts": 1, "seconds": 0.39}
{"t": "2026-07-15T08:34:01+00:00", "event": "frame_done", "index": 29, "frame_id": "f1450", "status": "ok", "anomaly": true, "n_detections": 3, "attempts": 1, "seconds": 0.4}
{"t": "2026-07-15T08:34:02+00:00", "event": "frame_done", "index": 30, "frame_id": "f1500", "status": "ok", "anomaly": true, "n_detections": 3, "attempts": 1, "seconds": 0.41}
{"t": "2026-07-15T08:34:02+00:00", "event": "frame_done", "index": 31, "frame_id": "f1550", "status": "ok", "anomaly": true, "n_detections": 3, "attempts": 1, "seconds": 0.4}
{"t": "2026-07-15T08:34:02+00:00", "event": "frame_done", "index": 32, "frame_id": "f1600", "status": "ok", "anomaly": true, "n_detections": 5, "attempts": 1, "seconds": 0.39}
{"t": "2026-07-15T08:34:03+00:00", "event": "frame_done", "index": 33, "frame_id": "f1650", "status": "ok", "anomaly": true, "n_detections": 4, "attempts": 1, "seconds": 0.4}
{"t": "2026-07-15T08:34:03+00:00", "event": "frame_done", "index": 34, "frame_id": "f1700", "status": "ok", "anomaly": true, "n_detections": 3, "attempts": 1, "seconds": 0.4}
{"t": "2026-07-15T08:34:04+00:00", "event": "frame_done", "index": 35, "frame_id": "f1750", "status": "ok", "anomaly": true, "n_detections": 3, "attempts": 1, "seconds": 0.41}
{"t": "2026-07-15T08:34:04+00:00", "event": "frame_done", "index": 36, "frame_id": "f1800", "status": "ok", "anomaly": true, "n_detections": 3, "attempts": 1, "seconds": 0.42}
{"t": "2026-07-15T08:34:04+00:00", "event": "frame_done", "index": 37, "frame_id": "f1850", "status": "ok", "anomaly": true, "n_detections": 4, "attempts": 1, "seconds": 0.4}
{"t": "2026-07-15T08:34:05+00:00", "event": "frame_done", "index": 38, "frame_id": "f1900", "status": "ok", "anomaly": true, "n_detections": 4, "attempts": 1, "seconds": 0.4}
{"t": "2026-07-15T08:34:05+00:00", "event": "frame_done", "index": 39, "frame_id": "f1950", "status": "ok", "anomaly": true, "n_detections": 3, "attempts": 1, "seconds": 0.4}
{"t": "2026-07-15T08:34:06+00:00", "event": "frame_done", "index": 40, "frame_id": "f2000", "status": "ok", "anomaly": true, "n_detections": 3, "attempts": 1, "seconds": 0.4}
{"t": "2026-07-15T08:34:06+00:00", "event": "frame_done", "index": 41, "frame_id": "f2050", "status": "ok", "anomaly": true, "n_detections": 1, "attempts": 1, "seconds": 0.56}
{"t": "2026-07-15T08:34:07+00:00", "event": "frame_done", "index": 42, "frame_id": "f2100", "status": "ok", "anomaly": true, "n_detections": 2, "attempts": 1, "seconds": 0.54}
{"t": "2026-07-15T08:34:07+00:00", "event": "frame_done", "index": 43, "frame_id": "f2150", "status": "ok", "anomaly": true, "n_detections": 2, "attempts": 1, "seconds": 0.5}
{"t": "2026-07-15T08:34:08+00:00", "event": "frame_done", "index": 44, "frame_id": "f2200", "status": "ok", "anomaly": false, "n_detections": 0, "attempts": 1, "seconds": 0.61}
{"t": "2026-07-15T08:34:08+00:00", "event": "frame_done", "index": 45, "frame_id": "f2250", "status": "ok", "anomaly": true, "n_detections": 2, "attempts": 1, "seconds": 0.41}
{"t": "2026-07-15T08:34:09+00:00", "event": "frame_done", "index": 46, "frame_id": "f2300", "status": "ok", "anomaly": true, "n_detections": 4, "attempts": 1, "seconds": 0.4}
{"t": "2026-07-15T08:34:09+00:00", "event": "frame_done", "index": 47, "frame_id": "f2350", "status": "ok", "anomaly": true, "n_detections": 6, "attempts": 1, "seconds": 0.41}
{"t": "2026-07-15T08:34:09+00:00", "event": "frame_done", "index": 48, "frame_id": "f2400", "status": "ok", "anomaly": true, "n_detections": 3, "attempts": 1, "seconds": 0.42}
{"t": "2026-07-15T08:34:10+00:00", "event": "frame_done", "index": 49, "frame_id": "f2450", "status": "ok", "anomaly": true, "n_detections": 4, "attempts": 1, "seconds": 0.43}
{"t": "2026-07-15T08:34:10+00:00", "event": "frame_done", "index": 50, "frame_id": "f2500", "status": "ok", "anomaly": true, "n_detections": 5, "attempts": 1, "seconds": 0.6}
{"t": "2026-07-15T08:34:11+00:00", "event": "frame_done", "index": 51, "frame_id": "f2550", "status": "ok", "anomaly": true, "n_detections": 2, "attempts": 1, "seconds": 0.57}
{"t": "2026-07-15T08:34:12+00:00", "event": "frame_done", "index": 52, "frame_id": "f2600", "status": "ok", "anomaly": true, "n_detections": 1, "attempts": 1, "seconds": 0.59}
{"t": "2026-07-15T08:34:12+00:00", "event": "frame_done", "index": 53, "frame_id": "f2650", "status": "ok", "anomaly": true, "n_detections": 2, "attempts": 1, "seconds": 0.6}
{"t": "2026-07-15T08:34:13+00:00", "event": "frame_done", "index": 54, "frame_id": "f2700", "status": "ok", "anomaly": true, "n_detections": 2, "attempts": 1, "seconds": 0.73}
{"t": "2026-07-15T08:34:13+00:00", "event": "frame_done", "index": 55, "frame_id": "f2750", "status": "ok", "anomaly": true, "n_detections": 7, "attempts": 1, "seconds": 0.57}
{"t": "2026-07-15T08:34:14+00:00", "event": "frame_done", "index": 56, "frame_id": "f2800", "status": "ok", "anomaly": true, "n_detections": 5, "attempts": 1, "seconds": 0.57}
{"t": "2026-07-15T08:34:15+00:00", "event": "frame_done", "index": 57, "frame_id": "f2850", "status": "ok", "anomaly": true, "n_detections": 4, "attempts": 1, "seconds": 0.55}
{"t": "2026-07-15T08:34:15+00:00", "event": "frame_done", "index": 58, "frame_id": "f2900", "status": "ok", "anomaly": true, "n_detections": 4, "attempts": 1, "seconds": 0.52}
{"t": "2026-07-15T08:34:16+00:00", "event": "frame_done", "index": 59, "frame_id": "f2950", "status": "ok", "anomaly": true, "n_detections": 7, "attempts": 1, "seconds": 0.5}
{"t": "2026-07-15T08:34:16+00:00", "event": "frame_done", "index": 60, "frame_id": "f3000", "status": "ok", "anomaly": true, "n_detections": 5, "attempts": 1, "seconds": 0.51}
{"t": "2026-07-15T08:34:17+00:00", "event": "frame_done", "index": 61, "frame_id": "f3050", "status": "ok", "anomaly": true, "n_detections": 5, "attempts": 1, "seconds": 0.5}
{"t": "2026-07-15T08:34:17+00:00", "event": "frame_done", "index": 62, "frame_id": "f3100", "status": "ok", "anomaly": true, "n_detections": 5, "attempts": 1, "seconds": 0.48}
{"t": "2026-07-15T08:34:18+00:00", "event": "frame_done", "index": 63, "frame_id": "f3150", "status": "ok", "anomaly": true, "n_detections": 4, "attempts": 1, "seconds": 0.45}
{"t": "2026-07-15T08:34:18+00:00", "event": "frame_done", "index": 64, "frame_id": "f3200", "status": "ok", "anomaly": true, "n_detections": 3, "attempts": 1, "seconds": 0.43}
{"t": "2026-07-15T08:34:18+00:00", "event": "frame_done", "index": 65, "frame_id": "f3250", "status": "ok", "anomaly": true, "n_detections": 4, "attempts": 1, "seconds": 0.43}
{"t": "2026-07-15T08:34:19+00:00", "event": "frame_done", "index": 66, "frame_id": "f3300", "status": "ok", "anomaly": true, "n_detections": 3, "attempts": 1, "seconds": 0.47}
{"t": "2026-07-15T08:34:19+00:00", "event": "frame_done", "index": 67, "frame_id": "f3350", "status": "ok", "anomaly": true, "n_detections": 5, "attempts": 1, "seconds": 0.45}
{"t": "2026-07-15T08:34:20+00:00", "event": "frame_done", "index": 68, "frame_id": "f3400", "status": "ok", "anomaly": true, "n_detections": 3, "attempts": 1, "seconds": 0.44}
{"t": "2026-07-15T08:34:20+00:00", "event": "frame_done", "index": 69, "frame_id": "f3450", "status": "ok", "anomaly": true, "n_detections": 5, "attempts": 1, "seconds": 0.46}
{"t": "2026-07-15T08:34:21+00:00", "event": "frame_done", "index": 70, "frame_id": "f3500", "status": "ok", "anomaly": true, "n_detections": 3, "attempts": 1, "seconds": 0.44}
{"t": "2026-07-15T08:34:21+00:00", "event": "frame_done", "index": 71, "frame_id": "f3550", "status": "ok", "anomaly": true, "n_detections": 4, "attempts": 1, "seconds": 0.44}
{"t": "2026-07-15T08:34:21+00:00", "event": "job_finished", "status": "completed", "n_frames": 72, "n_ok": 72, "n_anomalous": 66, "n_failed": 0, "wall_seconds": 35.19}
