{"t": "2026-07-14T09:03:03+00:00", "event": "job_started", "job_id": "20260714-110303-a7ec04", "script": "vlm_01", "model": "haervwe/GLM-4.6V-Flash-9B", "n_frames": 11}
{"t": "2026-07-14T09:03:10+00:00", "event": "frame_done", "index": 0, "frame_id": "f0000", "status": "ok", "anomaly": true, "n_detections": 2, "attempts": 1, "seconds": 6.7}
{"t": "2026-07-14T09:03:13+00:00", "event": "frame_retry", "index": 1, "frame": "/home/student/Documents/ARSI-private/data/app/videos/20260714-105538-f88568/frames/f0050.jpg", "attempt": 1, "error": "ParseError: no GRAFFITI/VANDALISM/FORGOTTEN OBJECT line in reply"}
{"t": "2026-07-14T09:03:15+00:00", "event": "frame_retry", "index": 1, "frame": "/home/student/Documents/ARSI-private/data/app/videos/20260714-105538-f88568/frames/f0050.jpg", "attempt": 2, "error": "ParseError: no GRAFFITI/VANDALISM/FORGOTTEN OBJECT line in reply"}
{"t": "2026-07-14T09:03:16+00:00", "event": "frame_retry", "index": 1, "frame": "/home/student/Documents/ARSI-private/data/app/videos/20260714-105538-f88568/frames/f0050.jpg", "attempt": 3, "error": "ParseError: no GRAFFITI/VANDALISM/FORGOTTEN OBJECT line in reply"}
{"t": "2026-07-14T09:03:16+00:00", "event": "frame_done", "index": 1, "frame_id": "f0050", "status": "failed", "anomaly": null, "n_detections": 0, "attempts": 3, "seconds": 6.41}
{"t": "2026-07-14T09:03:20+00:00", "event": "frame_retry", "index": 2, "frame": "/home/student/Documents/ARSI-private/data/app/videos/20260714-105538-f88568/frames/f0100.jpg", "attempt": 1, "error": "ParseError: no GRAFFITI/VANDALISM/FORGOTTEN OBJECT line in reply"}
{"t": "2026-07-14T09:03:21+00:00", "event": "frame_retry", "index": 2, "frame": "/home/student/Documents/ARSI-private/data/app/videos/20260714-105538-f88568/frames/f0100.jpg", "attempt": 2, "error": "ParseError: no GRAFFITI/VANDALISM/FORGOTTEN OBJECT line in reply"}
{"t": "2026-07-14T09:03:23+00:00", "event": "frame_retry", "index": 2, "frame": "/home/student/Documents/ARSI-private/data/app/videos/20260714-105538-f88568/frames/f0100.jpg", "attempt": 3, "error": "ParseError: no GRAFFITI/VANDALISM/FORGOTTEN OBJECT line in reply"}
{"t": "2026-07-14T09:03:23+00:00", "event": "frame_done", "index": 2, "frame_id": "f0100", "status": "failed", "anomaly": null, "n_detections": 0, "attempts": 3, "seconds": 6.93}
{"t": "2026-07-14T09:03:27+00:00", "event": "frame_retry", "index": 3, "frame": "/home/student/Documents/ARSI-private/data/app/videos/20260714-105538-f88568/frames/f0150.jpg", "attempt": 1, "error": "ParseError: no GRAFFITI/VANDALISM/FORGOTTEN OBJECT line in reply"}
{"t": "2026-07-14T09:03:28+00:00", "event": "frame_retry", "index": 3, "frame": "/home/student/Documents/ARSI-private/data/app/videos/20260714-105538-f88568/frames/f0150.jpg", "attempt": 2, "error": "ParseError: no GRAFFITI/VANDALISM/FORGOTTEN OBJECT line in reply"}
{"t": "2026-07-14T09:03:30+00:00", "event": "frame_retry", "index": 3, "frame": "/home/student/Documents/ARSI-private/data/app/videos/20260714-105538-f88568/frames/f0150.jpg", "attempt": 3, "error": "ParseError: no GRAFFITI/VANDALISM/FORGOTTEN OBJECT line in reply"}
{"t": "2026-07-14T09:03:30+00:00", "event": "frame_done", "index": 3, "frame_id": "f0150", "status": "failed", "anomaly": null, "n_detections": 0, "attempts": 3, "seconds": 6.73}
{"t": "2026-07-14T09:03:33+00:00", "event": "frame_retry", "index": 4, "frame": "/home/student/Documents/ARSI-private/data/app/videos/20260714-105538-f88568/frames/f0200.jpg", "attempt": 1, "error": "ParseError: no GRAFFITI/VANDALISM/FORGOTTEN OBJECT line in reply"}
{"t": "2026-07-14T09:03:35+00:00", "event": "frame_retry", "index": 4, "frame": "/home/student/Documents/ARSI-private/data/app/videos/20260714-105538-f88568/frames/f0200.jpg", "attempt": 2, "error": "ParseError: no GRAFFITI/VANDALISM/FORGOTTEN OBJECT line in reply"}
{"t": "2026-07-14T09:03:36+00:00", "event": "frame_retry", "index": 4, "frame": "/home/student/Documents/ARSI-private/data/app/videos/20260714-105538-f88568/frames/f0200.jpg", "attempt": 3, "error": "ParseError: no GRAFFITI/VANDALISM/FORGOTTEN OBJECT line in reply"}
{"t": "2026-07-14T09:03:36+00:00", "event": "frame_done", "index": 4, "frame_id": "f0200", "status": "failed", "anomaly": null, "n_detections": 0, "attempts": 3, "seconds": 6.6}
{"t": "2026-07-14T09:03:40+00:00", "event": "frame_retry", "index": 5, "frame": "/home/student/Documents/ARSI-private/data/app/videos/20260714-105538-f88568/frames/f0250.jpg", "attempt": 1, "error": "ParseError: no GRAFFITI/VANDALISM/FORGOTTEN OBJECT line in reply"}
{"t": "2026-07-14T09:03:41+00:00", "event": "frame_retry", "index": 5, "frame": "/home/student/Documents/ARSI-private/data/app/videos/20260714-105538-f88568/frames/f0250.jpg", "attempt": 2, "error": "ParseError: no GRAFFITI/VANDALISM/FORGOTTEN OBJECT line in reply"}
{"t": "2026-07-14T09:03:43+00:00", "event": "frame_retry", "index": 5, "frame": "/home/student/Documents/ARSI-private/data/app/videos/20260714-105538-f88568/frames/f0250.jpg", "attempt": 3, "error": "ParseError: no GRAFFITI/VANDALISM/FORGOTTEN OBJECT line in reply"}
{"t": "2026-07-14T09:03:43+00:00", "event": "frame_done", "index": 5, "frame_id": "f0250", "status": "failed", "anomaly": null, "n_detections": 0, "attempts": 3, "seconds": 6.66}
{"t": "2026-07-14T09:03:47+00:00", "event": "frame_retry", "index": 6, "frame": "/home/student/Documents/ARSI-private/data/app/videos/20260714-105538-f88568/frames/f0300.jpg", "attempt": 1, "error": "ParseError: no GRAFFITI/VANDALISM/FORGOTTEN OBJECT line in reply"}
{"t": "2026-07-14T09:03:48+00:00", "event": "frame_retry", "index": 6, "frame": "/home/student/Documents/ARSI-private/data/app/videos/20260714-105538-f88568/frames/f0300.jpg", "attempt": 2, "error": "ParseError: no GRAFFITI/VANDALISM/FORGOTTEN OBJECT line in reply"}
{"t": "2026-07-14T09:03:50+00:00", "event": "frame_retry", "index": 6, "frame": "/home/student/Documents/ARSI-private/data/app/videos/20260714-105538-f88568/frames/f0300.jpg", "attempt": 3, "error": "ParseError: no GRAFFITI/VANDALISM/FORGOTTEN OBJECT line in reply"}
{"t": "2026-07-14T09:03:50+00:00", "event": "frame_done", "index": 6, "frame_id": "f0300", "status": "failed", "anomaly": null, "n_detections": 0, "attempts": 3, "seconds": 7.02}
{"t": "2026-07-14T09:03:54+00:00", "event": "frame_retry", "index": 7, "frame": "/home/student/Documents/ARSI-private/data/app/videos/20260714-105538-f88568/frames/f0350.jpg", "attempt": 1, "error": "ParseError: no GRAFFITI/VANDALISM/FORGOTTEN OBJECT line in reply"}
{"t": "2026-07-14T09:03:55+00:00", "event": "frame_retry", "index": 7, "frame": "/home/student/Documents/ARSI-private/data/app/videos/20260714-105538-f88568/frames/f0350.jpg", "attempt": 2, "error": "ParseError: no GRAFFITI/VANDALISM/FORGOTTEN OBJECT line in reply"}
{"t": "2026-07-14T09:03:57+00:00", "event": "frame_retry", "index": 7, "frame": "/home/student/Documents/ARSI-private/data/app/videos/20260714-105538-f88568/frames/f0350.jpg", "attempt": 3, "error": "ParseError: no GRAFFITI/VANDALISM/FORGOTTEN OBJECT line in reply"}
{"t": "2026-07-14T09:03:57+00:00", "event": "frame_done", "index": 7, "frame_id": "f0350", "status": "failed", "anomaly": null, "n_detections": 0, "attempts": 3, "seconds": 6.92}
{"t": "2026-07-14T09:04:01+00:00", "event": "frame_retry", "index": 8, "frame": "/home/student/Documents/ARSI-private/data/app/videos/20260714-105538-f88568/frames/f0400.jpg", "attempt": 1, "error": "ParseError: no GRAFFITI/VANDALISM/FORGOTTEN OBJECT line in reply"}
{"t": "2026-07-14T09:04:02+00:00", "event": "frame_retry", "index": 8, "frame": "/home/student/Documents/ARSI-private/data/app/videos/20260714-105538-f88568/frames/f0400.jpg", "attempt": 2, "error": "ParseError: no GRAFFITI/VANDALISM/FORGOTTEN OBJECT line in reply"}
{"t": "2026-07-14T09:04:04+00:00", "event": "frame_retry", "index": 8, "frame": "/home/student/Documents/ARSI-private/data/app/videos/20260714-105538-f88568/frames/f0400.jpg", "attempt": 3, "error": "ParseError: no GRAFFITI/VANDALISM/FORGOTTEN OBJECT line in reply"}
{"t": "2026-07-14T09:04:04+00:00", "event": "frame_done", "index": 8, "frame_id": "f0400", "status": "failed", "anomaly": null, "n_detections": 0, "attempts": 3, "seconds": 7.01}
{"t": "2026-07-14T09:04:08+00:00", "event": "frame_retry", "index": 9, "frame": "/home/student/Documents/ARSI-private/data/app/videos/20260714-105538-f88568/frames/f0450.jpg", "attempt": 1, "error": "ParseError: no GRAFFITI/VANDALISM/FORGOTTEN OBJECT line in reply"}
{"t": "2026-07-14T09:04:09+00:00", "event": "frame_retry", "index": 9, "frame": "/home/student/Documents/ARSI-private/data/app/videos/20260714-105538-f88568/frames/f0450.jpg", "attempt": 2, "error": "ParseError: no GRAFFITI/VANDALISM/FORGOTTEN OBJECT line in reply"}
{"t": "2026-07-14T09:04:11+00:00", "event": "frame_retry", "index": 9, "frame": "/home/student/Documents/ARSI-private/data/app/videos/20260714-105538-f88568/frames/f0450.jpg", "attempt": 3, "error": "ParseError: no GRAFFITI/VANDALISM/FORGOTTEN OBJECT line in reply"}
{"t": "2026-07-14T09:04:11+00:00", "event": "frame_done", "index": 9, "frame_id": "f0450", "status": "failed", "anomaly": null, "n_detections": 0, "attempts": 3, "seconds": 6.93}
{"t": "2026-07-14T09:04:15+00:00", "event": "frame_retry", "index": 10, "frame": "/home/student/Documents/ARSI-private/data/app/videos/20260714-105538-f88568/frames/f0500.jpg", "attempt": 1, "error": "ParseError: no GRAFFITI/VANDALISM/FORGOTTEN OBJECT line in reply"}
{"t": "2026-07-14T09:04:16+00:00", "event": "frame_retry", "index": 10, "frame": "/home/student/Documents/ARSI-private/data/app/videos/20260714-105538-f88568/frames/f0500.jpg", "attempt": 2, "error": "ParseError: no GRAFFITI/VANDALISM/FORGOTTEN OBJECT line in reply"}
{"t": "2026-07-14T09:04:18+00:00", "event": "frame_retry", "index": 10, "frame": "/home/student/Documents/ARSI-private/data/app/videos/20260714-105538-f88568/frames/f0500.jpg", "attempt": 3, "error": "ParseError: no GRAFFITI/VANDALISM/FORGOTTEN OBJECT line in reply"}
{"t": "2026-07-14T09:04:18+00:00", "event": "frame_done", "index": 10, "frame_id": "f0500", "status": "failed", "anomaly": null, "n_detections": 0, "attempts": 3, "seconds": 6.91}
{"t": "2026-07-14T09:04:18+00:00", "event": "job_finished", "status": "completed", "n_frames": 11, "n_ok": 1, "n_anomalous": 1, "n_failed": 10, "wall_seconds": 74.82}
