{"t": "2026-07-15T09:06:54+00:00", "event": "job_started", "job_id": "20260715-110654-22b825", "script": "vlm_03", "model": "haervwe/GLM-4.6V-Flash-9B", "n_frames": 72}
{"t": "2026-07-15T09:06:55+00:00", "event": "mask_applied", "mask": "_job_1784035029436", "hash": "3e1660abf2bf", "n_images": 72}
{"t": "2026-07-15T09:07:01+00:00", "event": "frame_done", "index": 0, "frame_id": "f0000", "status": "ok", "anomaly": true, "n_detections": 1, "attempts": 1, "seconds": 5.94}
{"t": "2026-07-15T09:07:03+00:00", "event": "frame_done", "index": 1, "frame_id": "f0050", "status": "ok", "anomaly": true, "n_detections": 1, "attempts": 1, "seconds": 2.33}
{"t": "2026-07-15T09:07:06+00:00", "event": "frame_done", "index": 2, "frame_id": "f0100", "status": "ok", "anomaly": true, "n_detections": 1, "attempts": 1, "seconds": 2.33}
{"t": "2026-07-15T09:07:08+00:00", "event": "frame_done", "index": 3, "frame_id": "f0150", "status": "ok", "anomaly": true, "n_detections": 1, "attempts": 1, "seconds": 2.43}
{"t": "2026-07-15T09:07:11+00:00", "event": "frame_done", "index": 4, "frame_id": "f0200", "status": "ok", "anomaly": true, "n_detections": 2, "attempts": 1, "seconds": 2.69}
{"t": "2026-07-15T09:07:13+00:00", "event": "frame_done", "index": 5, "frame_id": "f0250", "status": "ok", "anomaly": true, "n_detections": 2, "attempts": 1, "seconds": 2.69}
{"t": "2026-07-15T09:07:16+00:00", "event": "frame_done", "index": 6, "frame_id": "f0300", "status": "ok", "anomaly": true, "n_detections": 2, "attempts": 1, "seconds": 2.69}
{"t": "2026-07-15T09:07:19+00:00", "event": "frame_done", "index": 7, "frame_id": "f0350", "status": "ok", "anomaly": true, "n_detections": 2, "attempts": 1, "seconds": 2.88}
{"t": "2026-07-15T09:07:22+00:00", "event": "frame_done", "index": 8, "frame_id": "f0400", "status": "ok", "anomaly": true, "n_detections": 2, "attempts": 1, "seconds": 2.87}
{"t": "2026-07-15T09:07:25+00:00", "event": "frame_done", "index": 9, "frame_id": "f0450", "status": "ok", "anomaly": true, "n_detections": 2, "attempts": 1, "seconds": 2.88}
{"t": "2026-07-15T09:07:28+00:00", "event": "frame_done", "index": 10, "frame_id": "f0500", "status": "ok", "anomaly": true, "n_detections": 2, "attempts": 1, "seconds": 2.87}
{"t": "2026-07-15T09:07:30+00:00", "event": "frame_done", "index": 11, "frame_id": "f0550", "status": "ok", "anomaly": true, "n_detections": 1, "attempts": 1, "seconds": 2.3}
{"t": "2026-07-15T09:07:33+00:00", "event": "frame_retry", "index": 12, "frame": "/home/student/Documents/ARSI-private/data/app/jobs/20260715-110654-22b825/masked/f0600.jpg", "attempt": 1, "error": "ParseError: invalid JSON: Expecting ',' delimiter: line 1 column 136 (char 135)"}
{"t": "2026-07-15T09:07:34+00:00", "event": "frame_done", "index": 12, "frame_id": "f0600", "status": "ok", "anomaly": true, "n_detections": 2, "attempts": 2, "seconds": 3.99}
{"t": "2026-07-15T09:07:37+00:00", "event": "frame_retry", "index": 13, "frame": "/home/student/Documents/ARSI-private/data/app/jobs/20260715-110654-22b825/masked/f0650.jpg", "attempt": 1, "error": "ParseError: invalid JSON: Expecting ',' delimiter: line 1 column 136 (char 135)"}
{"t": "2026-07-15T09:07:38+00:00", "event": "frame_retry", "index": 13, "frame": "/home/student/Documents/ARSI-private/data/app/jobs/20260715-110654-22b825/masked/f0650.jpg", "attempt": 2, "error": "ParseError: invalid JSON: Expecting ',' delimiter: line 1 column 136 (char 135)"}
{"t": "2026-07-15T09:07:39+00:00", "event": "frame_retry", "index": 13, "frame": "/home/student/Documents/ARSI-private/data/app/jobs/20260715-110654-22b825/masked/f0650.jpg", "attempt": 3, "error": "ParseError: invalid JSON: Expecting ',' delimiter: line 1 column 136 (char 135)"}
{"t": "2026-07-15T09:07:39+00:00", "event": "frame_done", "index": 13, "frame_id": "f0650", "status": "failed", "anomaly": null, "n_detections": 0, "attempts": 3, "seconds": 5.2}
{"t": "2026-07-15T09:07:42+00:00", "event": "frame_done", "index": 14, "frame_id": "f0700", "status": "ok", "anomaly": true, "n_detections": 2, "attempts": 1, "seconds": 2.7}
{"t": "2026-07-15T09:07:45+00:00", "event": "frame_done", "index": 15, "frame_id": "f0750", "status": "ok", "anomaly": true, "n_detections": 2, "attempts": 1, "seconds": 2.7}
{"t": "2026-07-15T09:07:47+00:00", "event": "frame_done", "index": 16, "frame_id": "f0800", "status": "ok", "anomaly": true, "n_detections": 2, "attempts": 1, "seconds": 2.69}
{"t": "2026-07-15T09:07:50+00:00", "event": "frame_retry", "index": 17, "frame": "/home/student/Documents/ARSI-private/data/app/jobs/20260715-110654-22b825/masked/f0850.jpg", "attempt": 1, "error": "ParseError: invalid JSON: Expecting ',' delimiter: line 1 column 136 (char 135)"}
{"t": "2026-07-15T09:07:51+00:00", "event": "frame_retry", "index": 17, "frame": "/home/student/Documents/ARSI-private/data/app/jobs/20260715-110654-22b825/masked/f0850.jpg", "attempt": 2, "error": "ParseError: invalid JSON: Expecting ',' delimiter: line 1 column 136 (char 135)"}
{"t": "2026-07-15T09:07:52+00:00", "event": "frame_retry", "index": 17, "frame": "/home/student/Documents/ARSI-private/data/app/jobs/20260715-110654-22b825/masked/f0850.jpg", "attempt": 3, "error": "ParseError: invalid JSON: Expecting ',' delimiter: line 1 column 136 (char 135)"}
{"t": "2026-07-15T09:07:52+00:00", "event": "frame_done", "index": 17, "frame_id": "f0850", "status": "failed", "anomaly": null, "n_detections": 0, "attempts": 3, "seconds": 5.19}
{"t": "2026-07-15T09:07:55+00:00", "event": "frame_done", "index": 18, "frame_id": "f0900", "status": "ok", "anomaly": true, "n_detections": 2, "attempts": 1, "seconds": 2.72}
{"t": "2026-07-15T09:07:58+00:00", "event": "frame_done", "index": 19, "frame_id": "f0950", "status": "ok", "anomaly": true, "n_detections": 2, "attempts": 1, "seconds": 2.7}
{"t": "2026-07-15T09:08:01+00:00", "event": "frame_done", "index": 20, "frame_id": "f1000", "status": "ok", "anomaly": true, "n_detections": 2, "attempts": 1, "seconds": 2.72}
{"t": "2026-07-15T09:08:03+00:00", "event": "frame_done", "index": 21, "frame_id": "f1050", "status": "ok", "anomaly": true, "n_detections": 2, "attempts": 1, "seconds": 2.7}
{"t": "2026-07-15T09:08:06+00:00", "event": "frame_done", "index": 22, "frame_id": "f1100", "status": "ok", "anomaly": true, "n_detections": 2, "attempts": 1, "seconds": 2.89}
{"t": "2026-07-15T09:08:09+00:00", "event": "frame_done", "index": 23, "frame_id": "f1150", "status": "ok", "anomaly": true, "n_detections": 2, "attempts": 1, "seconds": 2.69}
{"t": "2026-07-15T09:08:12+00:00", "event": "frame_done", "index": 24, "frame_id": "f1200", "status": "ok", "anomaly": true, "n_detections": 2, "attempts": 1, "seconds": 2.67}
{"t": "2026-07-15T09:08:14+00:00", "event": "frame_done", "index": 25, "frame_id": "f1250", "status": "ok", "anomaly": true, "n_detections": 2, "attempts": 1, "seconds": 2.71}
{"t": "2026-07-15T09:08:17+00:00", "event": "frame_done", "index": 26, "frame_id": "f1300", "status": "ok", "anomaly": true, "n_detections": 2, "attempts": 1, "seconds": 2.67}
{"t": "2026-07-15T09:08:20+00:00", "event": "frame_retry", "index": 27, "frame": "/home/student/Documents/ARSI-private/data/app/jobs/20260715-110654-22b825/masked/f1350.jpg", "attempt": 1, "error": "ParseError: invalid JSON: Expecting ',' delimiter: line 1 column 136 (char 135)"}
{"t": "2026-07-15T09:08:21+00:00", "event": "frame_retry", "index": 27, "frame": "/home/student/Documents/ARSI-private/data/app/jobs/20260715-110654-22b825/masked/f1350.jpg", "attempt": 2, "error": "ParseError: invalid JSON: Expecting ',' delimiter: line 1 column 136 (char 135)"}
{"t": "2026-07-15T09:08:22+00:00", "event": "frame_retry", "index": 27, "frame": "/home/student/Documents/ARSI-private/data/app/jobs/20260715-110654-22b825/masked/f1350.jpg", "attempt": 3, "error": "ParseError: invalid JSON: Expecting ',' delimiter: line 1 column 136 (char 135)"}
{"t": "2026-07-15T09:08:22+00:00", "event": "frame_done", "index": 27, "frame_id": "f1350", "status": "failed", "anomaly": null, "n_detections": 0, "attempts": 3, "seconds": 5.21}
{"t": "2026-07-15T09:08:25+00:00", "event": "frame_retry", "index": 28, "frame": "/home/student/Documents/ARSI-private/data/app/jobs/20260715-110654-22b825/masked/f1400.jpg", "attempt": 1, "error": "ParseError: invalid JSON: Expecting ',' delimiter: line 1 column 136 (char 135)"}
{"t": "2026-07-15T09:08:26+00:00", "event": "frame_retry", "index": 28, "frame": "/home/student/Documents/ARSI-private/data/app/jobs/20260715-110654-22b825/masked/f1400.jpg", "attempt": 2, "error": "ParseError: invalid JSON: Expecting ',' delimiter: line 1 column 136 (char 135)"}
{"t": "2026-07-15T09:08:27+00:00", "event": "frame_retry", "index": 28, "frame": "/home/student/Documents/ARSI-private/data/app/jobs/20260715-110654-22b825/masked/f1400.jpg", "attempt": 3, "error": "ParseError: invalid JSON: Expecting ',' delimiter: line 1 column 136 (char 135)"}
{"t": "2026-07-15T09:08:27+00:00", "event": "frame_done", "index": 28, "frame_id": "f1400", "status": "failed", "anomaly": null, "n_detections": 0, "attempts": 3, "seconds": 5.25}
{"t": "2026-07-15T09:08:30+00:00", "event": "frame_done", "index": 29, "frame_id": "f1450", "status": "ok", "anomaly": true, "n_detections": 2, "attempts": 1, "seconds": 2.7}
{"t": "2026-07-15T09:08:33+00:00", "event": "frame_done", "index": 30, "frame_id": "f1500", "status": "ok", "anomaly": true, "n_detections": 2, "attempts": 1, "seconds": 2.69}
{"t": "2026-07-15T09:08:35+00:00", "event": "frame_retry", "index": 31, "frame": "/home/student/Documents/ARSI-private/data/app/jobs/20260715-110654-22b825/masked/f1550.jpg", "attempt": 1, "error": "ParseError: invalid JSON: Expecting ',' delimiter: line 1 column 136 (char 135)"}
{"t": "2026-07-15T09:08:37+00:00", "event": "frame_done", "index": 31, "frame_id": "f1550", "status": "ok", "anomaly": true, "n_detections": 2, "attempts": 2, "seconds": 3.94}
{"t": "2026-07-15T09:08:39+00:00", "event": "frame_done", "index": 32, "frame_id": "f1600", "status": "ok", "anomaly": true, "n_detections": 2, "attempts": 1, "seconds": 2.68}
{"t": "2026-07-15T09:08:42+00:00", "event": "frame_retry", "index": 33, "frame": "/home/student/Documents/ARSI-private/data/app/jobs/20260715-110654-22b825/masked/f1650.jpg", "attempt": 1, "error": "ParseError: invalid JSON: Expecting ',' delimiter: line 1 column 135 (char 134)"}
{"t": "2026-07-15T09:08:43+00:00", "event": "frame_retry", "index": 33, "frame": "/home/student/Documents/ARSI-private/data/app/jobs/20260715-110654-22b825/masked/f1650.jpg", "attempt": 2, "error": "ParseError: invalid JSON: Expecting ',' delimiter: line 1 column 135 (char 134)"}
{"t": "2026-07-15T09:08:45+00:00", "event": "frame_done", "index": 33, "frame_id": "f1650", "status": "ok", "anomaly": true, "n_detections": 2, "attempts": 3, "seconds": 5.14}
{"t": "2026-07-15T09:08:47+00:00", "event": "frame_retry", "index": 34, "frame": "/home/student/Documents/ARSI-private/data/app/jobs/20260715-110654-22b825/masked/f1700.jpg", "attempt": 1, "error": "ParseError: invalid JSON: Expecting ',' delimiter: line 1 column 136 (char 135)"}
{"t": "2026-07-15T09:08:49+00:00", "event": "frame_retry", "index": 34, "frame": "/home/student/Documents/ARSI-private/data/app/jobs/20260715-110654-22b825/masked/f1700.jpg", "attempt": 2, "error": "ParseError: invalid JSON: Expecting ',' delimiter: line 1 column 136 (char 135)"}
{"t": "2026-07-15T09:08:50+00:00", "event": "frame_retry", "index": 34, "frame": "/home/student/Documents/ARSI-private/data/app/jobs/20260715-110654-22b825/masked/f1700.jpg", "attempt": 3, "error": "ParseError: invalid JSON: Expecting ',' delimiter: line 1 column 136 (char 135)"}
{"t": "2026-07-15T09:08:50+00:00", "event": "frame_done", "index": 34, "frame_id": "f1700", "status": "failed", "anomaly": null, "n_detections": 0, "attempts": 3, "seconds": 5.25}
{"t": "2026-07-15T09:08:52+00:00", "event": "frame_retry", "index": 35, "frame": "/home/student/Documents/ARSI-private/data/app/jobs/20260715-110654-22b825/masked/f1750.jpg", "attempt": 1, "error": "ParseError: invalid JSON: Expecting ',' delimiter: line 1 column 136 (char 135)"}
{"t": "2026-07-15T09:08:54+00:00", "event": "frame_done", "index": 35, "frame_id": "f1750", "status": "ok", "anomaly": true, "n_detections": 2, "attempts": 2, "seconds": 3.94}
{"t": "2026-07-15T09:08:56+00:00", "event": "frame_retry", "index": 36, "frame": "/home/student/Documents/ARSI-private/data/app/jobs/20260715-110654-22b825/masked/f1800.jpg", "attempt": 1, "error": "ParseError: invalid JSON: Expecting ',' delimiter: line 1 column 135 (char 134)"}
{"t": "2026-07-15T09:08:58+00:00", "event": "frame_retry", "index": 36, "frame": "/home/student/Documents/ARSI-private/data/app/jobs/20260715-110654-22b825/masked/f1800.jpg", "attempt": 2, "error": "ParseError: invalid JSON: Expecting ',' delimiter: line 1 column 135 (char 134)"}
{"t": "2026-07-15T09:08:59+00:00", "event": "frame_retry", "index": 36, "frame": "/home/student/Documents/ARSI-private/data/app/jobs/20260715-110654-22b825/masked/f1800.jpg", "attempt": 3, "error": "ParseError: invalid JSON: Expecting ',' delimiter: line 1 column 135 (char 134)"}
{"t": "2026-07-15T09:08:59+00:00", "event": "frame_done", "index": 36, "frame_id": "f1800", "status": "failed", "anomaly": null, "n_detections": 0, "attempts": 3, "seconds": 5.16}
{"t": "2026-07-15T09:09:02+00:00", "event": "frame_done", "index": 37, "frame_id": "f1850", "status": "ok", "anomaly": true, "n_detections": 2, "attempts": 1, "seconds": 2.71}
{"t": "2026-07-15T09:09:04+00:00", "event": "frame_done", "index": 38, "frame_id": "f1900", "status": "ok", "anomaly": true, "n_detections": 2, "attempts": 1, "seconds": 2.72}
{"t": "2026-07-15T09:09:07+00:00", "event": "frame_done", "index": 39, "frame_id": "f1950", "status": "ok", "anomaly": true, "n_detections": 2, "attempts": 1, "seconds": 2.67}
{"t": "2026-07-15T09:09:10+00:00", "event": "frame_retry", "index": 40, "frame": "/home/student/Documents/ARSI-private/data/app/jobs/20260715-110654-22b825/masked/f2000.jpg", "attempt": 1, "error": "ParseError: invalid JSON: Expecting ',' delimiter: line 1 column 136 (char 135)"}
{"t": "2026-07-15T09:09:11+00:00", "event": "frame_done", "index": 40, "frame_id": "f2000", "status": "ok", "anomaly": true, "n_detections": 2, "attempts": 2, "seconds": 3.95}
{"t": "2026-07-15T09:09:13+00:00", "event": "frame_done", "index": 41, "frame_id": "f2050", "status": "ok", "anomaly": true, "n_detections": 1, "attempts": 1, "seconds": 2.42}
{"t": "2026-07-15T09:09:16+00:00", "event": "frame_done", "index": 42, "frame_id": "f2100", "status": "ok", "anomaly": true, "n_detections": 2, "attempts": 1, "seconds": 2.69}
{"t": "2026-07-15T09:09:19+00:00", "event": "frame_done", "index": 43, "frame_id": "f2150", "status": "ok", "anomaly": true, "n_detections": 2, "attempts": 1, "seconds": 2.84}
{"t": "2026-07-15T09:09:21+00:00", "event": "frame_done", "index": 44, "frame_id": "f2200", "status": "ok", "anomaly": true, "n_detections": 1, "attempts": 1, "seconds": 2.39}
{"t": "2026-07-15T09:09:24+00:00", "event": "frame_done", "index": 45, "frame_id": "f2250", "status": "ok", "anomaly": true, "n_detections": 2, "attempts": 1, "seconds": 2.65}
{"t": "2026-07-15T09:09:27+00:00", "event": "frame_done", "index": 46, "frame_id": "f2300", "status": "ok", "anomaly": true, "n_detections": 2, "attempts": 1, "seconds": 2.67}
{"t": "2026-07-15T09:09:29+00:00", "event": "frame_done", "index": 47, "frame_id": "f2350", "status": "ok", "anomaly": true, "n_detections": 2, "attempts": 1, "seconds": 2.67}
{"t": "2026-07-15T09:09:32+00:00", "event": "frame_done", "index": 48, "frame_id": "f2400", "status": "ok", "anomaly": true, "n_detections": 2, "attempts": 1, "seconds": 2.7}
{"t": "2026-07-15T09:09:35+00:00", "event": "frame_done", "index": 49, "frame_id": "f2450", "status": "ok", "anomaly": true, "n_detections": 2, "attempts": 1, "seconds": 2.67}
{"t": "2026-07-15T09:09:37+00:00", "event": "frame_done", "index": 50, "frame_id": "f2500", "status": "ok", "anomaly": true, "n_detections": 1, "attempts": 1, "seconds": 2.33}
{"t": "2026-07-15T09:09:39+00:00", "event": "frame_done", "index": 51, "frame_id": "f2550", "status": "ok", "anomaly": true, "n_detections": 1, "attempts": 1, "seconds": 2.39}
{"t": "2026-07-15T09:09:42+00:00", "event": "frame_done", "index": 52, "frame_id": "f2600", "status": "ok", "anomaly": true, "n_detections": 1, "attempts": 1, "seconds": 2.4}
{"t": "2026-07-15T09:09:44+00:00", "event": "frame_done", "index": 53, "frame_id": "f2650", "status": "ok", "anomaly": true, "n_detections": 1, "attempts": 1, "seconds": 2.43}
{"t": "2026-07-15T09:09:47+00:00", "event": "frame_done", "index": 54, "frame_id": "f2700", "status": "ok", "anomaly": true, "n_detections": 1, "attempts": 1, "seconds": 2.33}
{"t": "2026-07-15T09:09:49+00:00", "event": "frame_done", "index": 55, "frame_id": "f2750", "status": "ok", "anomaly": true, "n_detections": 3, "attempts": 1, "seconds": 2.89}
{"t": "2026-07-15T09:09:52+00:00", "event": "frame_done", "index": 56, "frame_id": "f2800", "status": "ok", "anomaly": true, "n_detections": 1, "attempts": 1, "seconds": 2.31}
{"t": "2026-07-15T09:09:54+00:00", "event": "frame_done", "index": 57, "frame_id": "f2850", "status": "ok", "anomaly": true, "n_detections": 1, "attempts": 1, "seconds": 2.31}
{"t": "2026-07-15T09:09:57+00:00", "event": "frame_done", "index": 58, "frame_id": "f2900", "status": "ok", "anomaly": true, "n_detections": 3, "attempts": 1, "seconds": 2.89}
{"t": "2026-07-15T09:10:00+00:00", "event": "frame_done", "index": 59, "frame_id": "f2950", "status": "ok", "anomaly": true, "n_detections": 3, "attempts": 1, "seconds": 2.93}
{"t": "2026-07-15T09:10:02+00:00", "event": "frame_done", "index": 60, "frame_id": "f3000", "status": "ok", "anomaly": true, "n_detections": 1, "attempts": 1, "seconds": 2.41}
{"t": "2026-07-15T09:10:05+00:00", "event": "frame_done", "index": 61, "frame_id": "f3050", "status": "ok", "anomaly": true, "n_detections": 1, "attempts": 1, "seconds": 2.39}
{"t": "2026-07-15T09:10:07+00:00", "event": "frame_done", "index": 62, "frame_id": "f3100", "status": "ok", "anomaly": true, "n_detections": 2, "attempts": 1, "seconds": 2.69}
{"t": "2026-07-15T09:10:10+00:00", "event": "frame_done", "index": 63, "frame_id": "f3150", "status": "ok", "anomaly": true, "n_detections": 1, "attempts": 1, "seconds": 2.4}
{"t": "2026-07-15T09:10:12+00:00", "event": "frame_done", "index": 64, "frame_id": "f3200", "status": "ok", "anomaly": true, "n_detections": 1, "attempts": 1, "seconds": 2.38}
{"t": "2026-07-15T09:10:15+00:00", "event": "frame_done", "index": 65, "frame_id": "f3250", "status": "ok", "anomaly": true, "n_detections": 1, "attempts": 1, "seconds": 2.4}
{"t": "2026-07-15T09:10:17+00:00", "event": "frame_done", "index": 66, "frame_id": "f3300", "status": "ok", "anomaly": true, "n_detections": 1, "attempts": 1, "seconds": 2.3}
{"t": "2026-07-15T09:10:19+00:00", "event": "frame_done", "index": 67, "frame_id": "f3350", "status": "ok", "anomaly": true, "n_detections": 1, "attempts": 1, "seconds": 2.33}
{"t": "2026-07-15T09:10:22+00:00", "event": "frame_done", "index": 68, "frame_id": "f3400", "status": "ok", "anomaly": true, "n_detections": 1, "attempts": 1, "seconds": 2.39}
{"t": "2026-07-15T09:10:24+00:00", "event": "frame_done", "index": 69, "frame_id": "f3450", "status": "ok", "anomaly": true, "n_detections": 1, "attempts": 1, "seconds": 2.39}
{"t": "2026-07-15T09:10:26+00:00", "event": "frame_done", "index": 70, "frame_id": "f3500", "status": "ok", "anomaly": true, "n_detections": 1, "attempts": 1, "seconds": 2.4}
{"t": "2026-07-15T09:10:29+00:00", "event": "frame_done", "index": 71, "frame_id": "f3550", "status": "ok", "anomaly": true, "n_detections": 2, "attempts": 1, "seconds": 2.86}
{"t": "2026-07-15T09:10:29+00:00", "event": "job_finished", "status": "completed", "n_frames": 72, "n_ok": 66, "n_anomalous": 66, "n_failed": 6, "wall_seconds": 215.3}
